src/app/api/audit/events/route.ts(133,19): error TS2554: Expected 2-3 arguments, but got 1.
src/app/api/community/groups/route.ts(68,13): error TS2353: Object literal may only specify known properties, and 'members' does not exist in type 'SupportGroupCountOutputTypeSelect<DefaultArgs>'.
src/app/api/community/groups/route.ts(158,9): error TS2353: Object literal may only specify known properties, and 'members' does not exist in type '(Without<SupportGroupCreateInput, SupportGroupUncheckedCreateInput> & SupportGroupUncheckedCreateInput) | (Without<...> & SupportGroupCreateInput)'.
src/app/api/community/groups/route.ts(166,9): error TS2353: Object literal may only specify known properties, and 'members' does not exist in type 'SupportGroupInclude<DefaultArgs>'.
src/app/api/crisis/alerts/route.ts(16,15): error TS2554: Expected 2-3 arguments, but got 1.
src/app/api/crisis/alerts/route.ts(27,20): error TS2304: Cannot find name 'withRateLimit'.
src/app/api/crisis/alerts/route.ts(28,3): error TS2304: Cannot find name 'withCrisisCounselor'.
src/app/api/crisis/alerts/route.ts(28,35): error TS2304: Cannot find name 'AuthenticatedRequest'.
src/app/api/crisis/alerts/route.ts(36,22): error TS2304: Cannot find name 'AlertFilters'.
src/app/api/crisis/alerts/route.ts(38,59): error TS2304: Cannot find name 'AlertStatus'.
src/app/api/crisis/alerts/route.ts(51,53): error TS7006: Parameter 's' implicitly has an 'any' type.
src/app/api/crisis/alerts/route.ts(88,29): error TS2304: Cannot find name 'AlertResponse'.
src/app/api/crisis/alerts/route.ts(105,9): error TS2322: Type '{ userId: any; action: string; resource: string; details: { filters: AlertFilters; resultsCount: number; }; outcome: string; }' is not assignable to type '(Without<AuditLogCreateInput, AuditLogUncheckedCreateInput> & AuditLogUncheckedCreateInput) | (Without<...> & AuditLogCreateInput)'.
  Type '{ userId: any; action: string; resource: string; details: { filters: AlertFilters; resultsCount: number; }; outcome: string; }' is not assignable to type 'Without<AuditLogUncheckedCreateInput, AuditLogCreateInput> & AuditLogCreateInput'.
    Property 'id' is missing in type '{ userId: any; action: string; resource: string; details: { filters: AlertFilters; resultsCount: number; }; outcome: string; }' but required in type 'AuditLogCreateInput'.
src/app/api/crisis/alerts/route.ts(117,23): error TS2304: Cannot find name 'PaginatedResponse'.
src/app/api/crisis/alerts/route.ts(117,41): error TS2304: Cannot find name 'AlertResponse'.
src/app/api/crisis/alerts/route.ts(134,9): error TS2322: Type '{ userId: any; action: string; resource: string; details: { error: string; }; outcome: string; }' is not assignable to type '(Without<AuditLogCreateInput, AuditLogUncheckedCreateInput> & AuditLogUncheckedCreateInput) | (Without<...> & AuditLogCreateInput)'.
  Type '{ userId: any; action: string; resource: string; details: { error: string; }; outcome: string; }' is not assignable to type 'Without<AuditLogUncheckedCreateInput, AuditLogCreateInput> & AuditLogCreateInput'.
    Property 'id' is missing in type '{ userId: any; action: string; resource: string; details: { error: string; }; outcome: string; }' but required in type 'AuditLogCreateInput'.
src/app/api/crisis/alerts/route.ts(152,21): error TS2304: Cannot find name 'withRateLimit'.
src/app/api/crisis/alerts/route.ts(153,3): error TS2304: Cannot find name 'withCrisisCounselor'.
src/app/api/crisis/alerts/route.ts(153,35): error TS2304: Cannot find name 'AuthenticatedRequest'.
src/app/api/crisis/alerts/route.ts(160,23): error TS2304: Cannot find name 'ValidationError'.
src/app/api/crisis/alerts/route.ts(160,60): error TS2339: Property 'errors' does not exist on type 'ZodError<{ type: string; severity: number; userId: string; context: string; indicators: string[]; metadata?: Record<any, unknown> | undefined; }>'.
src/app/api/crisis/alerts/route.ts(160,71): error TS7006: Parameter 'err' implicitly has an 'any' type.
src/app/api/crisis/alerts/route.ts(171,19): error TS2304: Cannot find name 'CreateAlertRequest'.
src/app/api/crisis/alerts/route.ts(187,9): error TS2322: Type '{ type: any; severity: any; userId: any; context: any; indicators: any; handled: false; actions: never[]; }' is not assignable to type '(Without<SafetyAlertCreateInput, SafetyAlertUncheckedCreateInput> & SafetyAlertUncheckedCreateInput) | (Without<...> & SafetyAlertCreateInput)'.
  Type '{ type: any; severity: any; userId: any; context: any; indicators: any; handled: false; actions: never[]; }' is not assignable to type 'Without<SafetyAlertUncheckedCreateInput, SafetyAlertCreateInput> & SafetyAlertCreateInput'.
    Property 'id' is missing in type '{ type: any; severity: any; userId: any; context: any; indicators: any; handled: false; actions: never[]; }' but required in type 'SafetyAlertCreateInput'.
src/app/api/crisis/alerts/route.ts(199,7): error TS2304: Cannot find name 'emitCrisisAlert'.
src/app/api/crisis/alerts/route.ts(212,11): error TS2322: Type '{ userId: any; type: string; title: string; message: string; isPriority: true; metadata: string; }' is not assignable to type '(Without<NotificationCreateInput, NotificationUncheckedCreateInput> & NotificationUncheckedCreateInput) | (Without<...> & NotificationCreateInput)'.
  Type '{ userId: any; type: string; title: string; message: string; isPriority: true; metadata: string; }' is not assignable to type 'Without<NotificationUncheckedCreateInput, NotificationCreateInput> & NotificationCreateInput'.
    Type '{ userId: any; type: string; title: string; message: string; isPriority: true; metadata: string; }' is missing the following properties from type 'NotificationCreateInput': id, User
src/app/api/crisis/alerts/route.ts(225,9): error TS2322: Type '{ userId: any; action: string; resource: string; resourceId: string; details: { type: any; severity: any; targetUserId: any; }; outcome: string; }' is not assignable to type '(Without<AuditLogCreateInput, AuditLogUncheckedCreateInput> & AuditLogUncheckedCreateInput) | (Without<...> & AuditLogCreateInput)'.
  Type '{ userId: any; action: string; resource: string; resourceId: string; details: { type: any; severity: any; targetUserId: any; }; outcome: string; }' is not assignable to type 'Without<AuditLogUncheckedCreateInput, AuditLogCreateInput> & AuditLogCreateInput'.
    Property 'id' is missing in type '{ userId: any; action: string; resource: string; resourceId: string; details: { type: any; severity: any; targetUserId: any; }; outcome: string; }' but required in type 'AuditLogCreateInput'.
src/app/api/crisis/alerts/route.ts(239,23): error TS2304: Cannot find name 'CrisisResponse'.
src/app/api/crisis/alerts/route.ts(239,38): error TS2304: Cannot find name 'AlertResponse'.
src/app/api/crisis/alerts/route.ts(261,9): error TS2322: Type '{ userId: any; action: string; resource: string; details: { error: string; }; outcome: string; }' is not assignable to type '(Without<AuditLogCreateInput, AuditLogUncheckedCreateInput> & AuditLogUncheckedCreateInput) | (Without<...> & AuditLogCreateInput)'.
  Type '{ userId: any; action: string; resource: string; details: { error: string; }; outcome: string; }' is not assignable to type 'Without<AuditLogUncheckedCreateInput, AuditLogCreateInput> & AuditLogCreateInput'.
    Property 'id' is missing in type '{ userId: any; action: string; resource: string; details: { error: string; }; outcome: string; }' but required in type 'AuditLogCreateInput'.
src/app/api/crisis/alerts/route.ts(279,20): error TS2304: Cannot find name 'withRateLimit'.
src/app/api/crisis/alerts/route.ts(280,3): error TS2304: Cannot find name 'withCrisisCounselor'.
src/app/api/crisis/alerts/route.ts(280,35): error TS2304: Cannot find name 'AuthenticatedRequest'.
src/app/api/crisis/alerts/route.ts(296,23): error TS2304: Cannot find name 'ValidationError'.
src/app/api/crisis/alerts/route.ts(296,60): error TS2339: Property 'errors' does not exist on type 'ZodError<{ status?: "resolved" | "in_progress" | "new" | "acknowledged" | "escalated" | "false_positive" | undefined; handledBy?: string | undefined; notes?: string | undefined; actions?: string[] | undefined; }>'.
src/app/api/crisis/alerts/route.ts(296,71): error TS7006: Parameter 'err' implicitly has an 'any' type.
src/app/api/crisis/alerts/route.ts(307,19): error TS2304: Cannot find name 'UpdateAlertRequest'.
src/app/api/crisis/alerts/route.ts(352,7): error TS2304: Cannot find name 'notifyCounselors'.
src/app/api/crisis/alerts/route.ts(352,24): error TS2304: Cannot find name 'CrisisEvents'.
src/app/api/crisis/alerts/route.ts(361,9): error TS2322: Type '{ userId: any; action: string; resource: string; resourceId: string; details: { updates: UpdateAlertRequest; }; outcome: string; }' is not assignable to type '(Without<AuditLogCreateInput, AuditLogUncheckedCreateInput> & AuditLogUncheckedCreateInput) | (Without<...> & AuditLogCreateInput)'.
  Type '{ userId: any; action: string; resource: string; resourceId: string; details: { updates: UpdateAlertRequest; }; outcome: string; }' is not assignable to type 'Without<AuditLogUncheckedCreateInput, AuditLogCreateInput> & AuditLogCreateInput'.
    Property 'id' is missing in type '{ userId: any; action: string; resource: string; resourceId: string; details: { updates: UpdateAlertRequest; }; outcome: string; }' but required in type 'AuditLogCreateInput'.
src/app/api/crisis/alerts/route.ts(373,23): error TS2304: Cannot find name 'CrisisResponse'.
src/app/api/crisis/alerts/route.ts(373,38): error TS2304: Cannot find name 'AlertResponse'.
src/app/api/crisis/alerts/route.ts(398,9): error TS2322: Type '{ userId: any; action: string; resource: string; details: { error: string; }; outcome: string; }' is not assignable to type '(Without<AuditLogCreateInput, AuditLogUncheckedCreateInput> & AuditLogUncheckedCreateInput) | (Without<...> & AuditLogCreateInput)'.
  Type '{ userId: any; action: string; resource: string; details: { error: string; }; outcome: string; }' is not assignable to type 'Without<AuditLogUncheckedCreateInput, AuditLogCreateInput> & AuditLogCreateInput'.
    Property 'id' is missing in type '{ userId: any; action: string; resource: string; details: { error: string; }; outcome: string; }' but required in type 'AuditLogCreateInput'.
src/app/api/crisis/alerts/route.ts(416,23): error TS2304: Cannot find name 'withRateLimit'.
src/app/api/crisis/alerts/route.ts(417,3): error TS2304: Cannot find name 'withCrisisCounselor'.
src/app/api/crisis/alerts/route.ts(417,35): error TS2304: Cannot find name 'AuthenticatedRequest'.
src/app/api/crisis/alerts/route.ts(456,9): error TS2322: Type '{ userId: any; action: string; resource: string; resourceId: string; details: { deletedAlert: { type: string; severity: string; userId: string; }; }; outcome: string; }' is not assignable to type '(Without<AuditLogCreateInput, AuditLogUncheckedCreateInput> & AuditLogUncheckedCreateInput) | (Without<...> & AuditLogCreateInput)'.
  Type '{ userId: any; action: string; resource: string; resourceId: string; details: { deletedAlert: { type: string; severity: string; userId: string; }; }; outcome: string; }' is not assignable to type 'Without<AuditLogUncheckedCreateInput, AuditLogCreateInput> & AuditLogCreateInput'.
    Property 'id' is missing in type '{ userId: any; action: string; resource: string; resourceId: string; details: { deletedAlert: { type: string; severity: string; userId: string; }; }; outcome: string; }' but required in type 'AuditLogCreateInput'.
src/app/api/crisis/alerts/route.ts(472,23): error TS2304: Cannot find name 'CrisisResponse'.
src/app/api/crisis/alerts/route.ts(483,9): error TS2322: Type '{ userId: any; action: string; resource: string; details: { error: string; }; outcome: string; }' is not assignable to type '(Without<AuditLogCreateInput, AuditLogUncheckedCreateInput> & AuditLogUncheckedCreateInput) | (Without<...> & AuditLogCreateInput)'.
  Type '{ userId: any; action: string; resource: string; details: { error: string; }; outcome: string; }' is not assignable to type 'Without<AuditLogUncheckedCreateInput, AuditLogCreateInput> & AuditLogCreateInput'.
    Property 'id' is missing in type '{ userId: any; action: string; resource: string; details: { error: string; }; outcome: string; }' but required in type 'AuditLogCreateInput'.
src/app/api/crisis/clients/route.ts(240,57): error TS2339: Property 'errors' does not exist on type 'ZodError<unknown>'.
src/app/api/crisis/counselor-dashboard/route.ts(4,10): error TS2305: Module '"@/lib/encryption"' has no exported member 'decryptJSON'.
src/app/api/crisis/counselor-dashboard/route.ts(204,11): error TS2322: Type '{ stats: CounselorStats; }' is not assignable to type 'NullableJsonNullValueInput | InputJsonValue | undefined'.
  Types of property 'stats' are incompatible.
    Type 'CounselorStats' is not assignable to type 'InputJsonValue | null | undefined'.
      Type 'CounselorStats' is not assignable to type 'InputJsonObject'.
        Index signature for type 'string' is missing in type 'CounselorStats'.
src/app/api/crisis/counselor-dashboard/route.ts(232,9): error TS2322: Type '{ userId: string; action: string; resource: string; details: { error: string; }; outcome: string; }' is not assignable to type '(Without<AuditLogCreateInput, AuditLogUncheckedCreateInput> & AuditLogUncheckedCreateInput) | (Without<...> & AuditLogCreateInput)'.
  Type '{ userId: string; action: string; resource: string; details: { error: string; }; outcome: string; }' is not assignable to type 'Without<AuditLogCreateInput, AuditLogUncheckedCreateInput> & AuditLogUncheckedCreateInput'.
    Property 'id' is missing in type '{ userId: string; action: string; resource: string; details: { error: string; }; outcome: string; }' but required in type 'AuditLogUncheckedCreateInput'.
src/app/api/crisis/escalations/route.ts(27,66): error TS2339: Property 'errors' does not exist on type 'ZodError<{ reason: string; urgency: number; requestedAction: string; alertId?: string | undefined; reportId?: string | undefined; additionalInfo?: string | undefined; }>'.
src/app/api/crisis/escalations/route.ts(45,9): error TS2322: Type '{ type: string; severity: string; userId: string; context: string; indicators: string[]; handled: false; actions: never[]; notes: string | undefined; }' is not assignable to type '(Without<SafetyAlertCreateInput, SafetyAlertUncheckedCreateInput> & SafetyAlertUncheckedCreateInput) | (Without<...> & SafetyAlertCreateInput)'.
  Type '{ type: string; severity: string; userId: string; context: string; indicators: string[]; handled: false; actions: never[]; notes: string | undefined; }' is not assignable to type 'Without<SafetyAlertUncheckedCreateInput, SafetyAlertCreateInput> & SafetyAlertCreateInput'.
    Property 'id' is missing in type '{ type: string; severity: string; userId: string; context: string; indicators: string[]; handled: false; actions: never[]; notes: string | undefined; }' but required in type 'SafetyAlertCreateInput'.
src/app/api/crisis/escalations/route.ts(74,13): error TS2322: Type '{ userId: string; type: string; title: string; message: string; isPriority: true; metadata: string; }' is not assignable to type '(Without<NotificationCreateInput, NotificationUncheckedCreateInput> & NotificationUncheckedCreateInput) | (Without<...> & NotificationCreateInput)'.
  Type '{ userId: string; type: string; title: string; message: string; isPriority: true; metadata: string; }' is not assignable to type 'Without<NotificationCreateInput, NotificationUncheckedCreateInput> & NotificationUncheckedCreateInput'.
    Property 'id' is missing in type '{ userId: string; type: string; title: string; message: string; isPriority: true; metadata: string; }' but required in type 'NotificationUncheckedCreateInput'.
src/app/api/crisis/escalations/route.ts(218,9): error TS2322: Type '{ userId: string; action: string; resource: string; resourceId: string; details: { status: any; reviewNotes: string | null; actionTaken: any; }; outcome: string; }' is not assignable to type '(Without<AuditLogCreateInput, AuditLogUncheckedCreateInput> & AuditLogUncheckedCreateInput) | (Without<...> & AuditLogCreateInput)'.
  Type '{ userId: string; action: string; resource: string; resourceId: string; details: { status: any; reviewNotes: string | null; actionTaken: any; }; outcome: string; }' is not assignable to type 'Without<AuditLogCreateInput, AuditLogUncheckedCreateInput> & AuditLogUncheckedCreateInput'.
    Property 'id' is missing in type '{ userId: string; action: string; resource: string; resourceId: string; details: { status: any; reviewNotes: string | null; actionTaken: any; }; outcome: string; }' but required in type 'AuditLogUncheckedCreateInput'.
src/app/api/crisis/escalations/route.ts(242,9): error TS2322: Type '{ userId: string; action: string; resource: string; details: { error: string; }; outcome: string; }' is not assignable to type '(Without<AuditLogCreateInput, AuditLogUncheckedCreateInput> & AuditLogUncheckedCreateInput) | (Without<...> & AuditLogCreateInput)'.
  Type '{ userId: string; action: string; resource: string; details: { error: string; }; outcome: string; }' is not assignable to type 'Without<AuditLogCreateInput, AuditLogUncheckedCreateInput> & AuditLogUncheckedCreateInput'.
    Property 'id' is missing in type '{ userId: string; action: string; resource: string; details: { error: string; }; outcome: string; }' but required in type 'AuditLogUncheckedCreateInput'.
src/app/api/crisis/interventions/route.ts(5,10): error TS2305: Module '"@/lib/encryption"' has no exported member 'encryptJSON'.
src/app/api/crisis/interventions/route.ts(56,9): error TS2322: Type '{ userId: string; action: string; resource: string; details: { count: number; status: string; }; outcome: string; }' is not assignable to type '(Without<AuditLogCreateInput, AuditLogUncheckedCreateInput> & AuditLogUncheckedCreateInput) | (Without<...> & AuditLogCreateInput)'.
  Type '{ userId: string; action: string; resource: string; details: { count: number; status: string; }; outcome: string; }' is not assignable to type 'Without<AuditLogCreateInput, AuditLogUncheckedCreateInput> & AuditLogUncheckedCreateInput'.
    Property 'id' is missing in type '{ userId: string; action: string; resource: string; details: { count: number; status: string; }; outcome: string; }' but required in type 'AuditLogUncheckedCreateInput'.
src/app/api/crisis/interventions/route.ts(89,66): error TS2339: Property 'errors' does not exist on type 'ZodError<{ userId: string; sessionType: "crisis" | "emergency" | "wellness_check"; priority: number; notes?: string | undefined; }>'.
src/app/api/crisis/interventions/route.ts(111,9): error TS2322: Type '{ userId: string; helperId: string; sessionType: "crisis" | "emergency" | "wellness_check"; status: string; encryptedNotes: any; startedAt: Date; }' is not assignable to type '(Without<SupportSessionCreateInput, SupportSessionUncheckedCreateInput> & SupportSessionUncheckedCreateInput) | (Without<...> & SupportSessionCreateInput)'.
  Type '{ userId: string; helperId: string; sessionType: "crisis" | "emergency" | "wellness_check"; status: string; encryptedNotes: any; startedAt: Date; }' is not assignable to type 'Without<SupportSessionCreateInput, SupportSessionUncheckedCreateInput> & SupportSessionUncheckedCreateInput'.
    Property 'id' is missing in type '{ userId: string; helperId: string; sessionType: "crisis" | "emergency" | "wellness_check"; status: string; encryptedNotes: any; startedAt: Date; }' but required in type 'SupportSessionUncheckedCreateInput'.
src/app/api/crisis/interventions/route.ts(124,11): error TS2322: Type '{ type: string; severity: string; userId: string; context: string; indicators: string[]; handled: true; handledBy: string; handledAt: Date; actions: string[]; }' is not assignable to type '(Without<SafetyAlertCreateInput, SafetyAlertUncheckedCreateInput> & SafetyAlertUncheckedCreateInput) | (Without<...> & SafetyAlertCreateInput)'.
  Type '{ type: string; severity: string; userId: string; context: string; indicators: string[]; handled: true; handledBy: string; handledAt: Date; actions: string[]; }' is not assignable to type 'Without<SafetyAlertUncheckedCreateInput, SafetyAlertCreateInput> & SafetyAlertCreateInput'.
    Property 'id' is missing in type '{ type: string; severity: string; userId: string; context: string; indicators: string[]; handled: true; handledBy: string; handledAt: Date; actions: string[]; }' but required in type 'SafetyAlertCreateInput'.
src/app/api/crisis/interventions/route.ts(140,9): error TS2322: Type '{ userId: string; type: string; title: string; message: string; isPriority: true; metadata: string; }' is not assignable to type '(Without<NotificationCreateInput, NotificationUncheckedCreateInput> & NotificationUncheckedCreateInput) | (Without<...> & NotificationCreateInput)'.
  Type '{ userId: string; type: string; title: string; message: string; isPriority: true; metadata: string; }' is not assignable to type 'Without<NotificationCreateInput, NotificationUncheckedCreateInput> & NotificationUncheckedCreateInput'.
    Property 'id' is missing in type '{ userId: string; type: string; title: string; message: string; isPriority: true; metadata: string; }' but required in type 'NotificationUncheckedCreateInput'.
src/app/api/crisis/interventions/route.ts(167,9): error TS2322: Type '{ userId: string; action: string; resource: string; resourceId: string; details: { targetUserId: string; sessionType: "crisis" | "emergency" | "wellness_check"; priority: number; }; outcome: string; }' is not assignable to type '(Without<AuditLogCreateInput, AuditLogUncheckedCreateInput> & AuditLogUncheckedCreateInput) | (Without<...> & AuditLogCreateInput)'.
  Type '{ userId: string; action: string; resource: string; resourceId: string; details: { targetUserId: string; sessionType: "crisis" | "emergency" | "wellness_check"; priority: number; }; outcome: string; }' is not assignable to type 'Without<AuditLogCreateInput, AuditLogUncheckedCreateInput> & AuditLogUncheckedCreateInput'.
    Property 'id' is missing in type '{ userId: string; action: string; resource: string; resourceId: string; details: { targetUserId: string; sessionType: "crisis" | "emergency" | "wellness_check"; priority: number; }; outcome: string; }' but required in type 'AuditLogUncheckedCreateInput'.
src/app/api/crisis/interventions/route.ts(191,9): error TS2322: Type '{ userId: string; action: string; resource: string; details: { error: string; }; outcome: string; }' is not assignable to type '(Without<AuditLogCreateInput, AuditLogUncheckedCreateInput> & AuditLogUncheckedCreateInput) | (Without<...> & AuditLogCreateInput)'.
  Type '{ userId: string; action: string; resource: string; details: { error: string; }; outcome: string; }' is not assignable to type 'Without<AuditLogCreateInput, AuditLogUncheckedCreateInput> & AuditLogUncheckedCreateInput'.
    Property 'id' is missing in type '{ userId: string; action: string; resource: string; details: { error: string; }; outcome: string; }' but required in type 'AuditLogUncheckedCreateInput'.
src/app/api/crisis/interventions/route.ts(269,13): error TS2322: Type '{ userId: string; type: string; title: string; message: string; metadata: string; }' is not assignable to type '(Without<NotificationCreateInput, NotificationUncheckedCreateInput> & NotificationUncheckedCreateInput) | (Without<...> & NotificationCreateInput)'.
  Type '{ userId: string; type: string; title: string; message: string; metadata: string; }' is not assignable to type 'Without<NotificationCreateInput, NotificationUncheckedCreateInput> & NotificationUncheckedCreateInput'.
    Property 'id' is missing in type '{ userId: string; type: string; title: string; message: string; metadata: string; }' but required in type 'NotificationUncheckedCreateInput'.
src/app/api/crisis/interventions/route.ts(282,9): error TS2322: Type '{ userId: string; action: string; resource: string; resourceId: string; details: { status: any; rating: any; }; outcome: string; }' is not assignable to type '(Without<AuditLogCreateInput, AuditLogUncheckedCreateInput> & AuditLogUncheckedCreateInput) | (Without<...> & AuditLogCreateInput)'.
  Type '{ userId: string; action: string; resource: string; resourceId: string; details: { status: any; rating: any; }; outcome: string; }' is not assignable to type 'Without<AuditLogCreateInput, AuditLogUncheckedCreateInput> & AuditLogUncheckedCreateInput'.
    Property 'id' is missing in type '{ userId: string; action: string; resource: string; resourceId: string; details: { status: any; rating: any; }; outcome: string; }' but required in type 'AuditLogUncheckedCreateInput'.
src/app/api/crisis/reports/route.ts(4,10): error TS2305: Module '"@/lib/encryption"' has no exported member 'encryptJSON'.
src/app/api/crisis/reports/route.ts(4,23): error TS2305: Module '"@/lib/encryption"' has no exported member 'decryptJSON'.
src/app/api/crisis/reports/route.ts(4,36): error TS2305: Module '"@/lib/encryption"' has no exported member 'maskSensitiveData'.
src/app/api/crisis/reports/route.ts(70,18): error TS2345: Argument of type 'UserRole' is not assignable to parameter of type '"CRISIS_COUNSELOR" | "ADMIN" | "SUPER_ADMIN"'.
  Type '"USER"' is not assignable to type '"CRISIS_COUNSELOR" | "ADMIN" | "SUPER_ADMIN"'.
src/app/api/crisis/reports/route.ts(75,18): error TS2345: Argument of type 'UserRole' is not assignable to parameter of type '"HELPER" | "THERAPIST"'.
  Type '"USER"' is not assignable to type '"HELPER" | "THERAPIST"'.
src/app/api/crisis/reports/route.ts(201,11): error TS2322: Type '{ filters: ReportFilters; resultsCount: number; accessLevel: string; }' is not assignable to type 'NullableJsonNullValueInput | InputJsonValue | undefined'.
  Types of property 'filters' are incompatible.
    Type 'ReportFilters' is not assignable to type 'InputJsonValue | null | undefined'.
      Type 'ReportFilters' is not assignable to type 'InputJsonObject'.
        Index signature for type 'string' is missing in type 'ReportFilters'.
src/app/api/crisis/reports/route.ts(227,9): error TS2322: Type '{ userId: string; action: string; resource: string; details: { error: string; }; outcome: string; }' is not assignable to type '(Without<AuditLogCreateInput, AuditLogUncheckedCreateInput> & AuditLogUncheckedCreateInput) | (Without<...> & AuditLogCreateInput)'.
  Type '{ userId: string; action: string; resource: string; details: { error: string; }; outcome: string; }' is not assignable to type 'Without<AuditLogCreateInput, AuditLogUncheckedCreateInput> & AuditLogUncheckedCreateInput'.
    Property 'id' is missing in type '{ userId: string; action: string; resource: string; details: { error: string; }; outcome: string; }' but required in type 'AuditLogUncheckedCreateInput'.
src/app/api/crisis/reports/route.ts(254,60): error TS2339: Property 'errors' does not exist on type 'ZodError<{ severityLevel: number; triggerType: "self_harm" | "other" | "suicidal_ideation" | "anxiety_attack" | "panic_attack" | "depression_episode" | "substance_use" | "trauma_trigger" | "relationship_crisis" | "financial_stress" | "grief_loss"; interventionType: "counselor_chat" | ... 4 more ... | "emergency_serv...'.
src/app/api/crisis/reports/route.ts(254,71): error TS7006: Parameter 'err' implicitly has an 'any' type.
src/app/api/crisis/reports/route.ts(265,13): error TS2322: Type '{ severityLevel: number; triggerType: "self_harm" | "other" | "suicidal_ideation" | "anxiety_attack" | "panic_attack" | "depression_episode" | "substance_use" | "trauma_trigger" | "relationship_crisis" | "financial_stress" | "grief_loss"; interventionType: "counselor_chat" | ... 4 more ... | "emergency_services"; de...' is not assignable to type 'CreateReportRequest'.
  Types of property 'triggerType' are incompatible.
    Type '"self_harm" | "other" | "suicidal_ideation" | "anxiety_attack" | "panic_attack" | "depression_episode" | "substance_use" | "trauma_trigger" | "relationship_crisis" | "financial_stress" | "grief_loss"' is not assignable to type 'TriggerType'.
      Type '"self_harm"' is not assignable to type 'TriggerType'.
src/app/api/crisis/reports/route.ts(275,9): error TS2322: Type '{ userId: string | null; severityLevel: CrisisSeverity; triggerType: TriggerType; interventionType: InterventionType; encryptedDetails: any; responseTime: number; resolved: false; emergencyContactUsed: false; }' is not assignable to type '(Without<CrisisReportCreateInput, CrisisReportUncheckedCreateInput> & CrisisReportUncheckedCreateInput) | (Without<...> & CrisisReportCreateInput)'.
  Type '{ userId: string | null; severityLevel: CrisisSeverity; triggerType: TriggerType; interventionType: InterventionType; encryptedDetails: any; responseTime: number; resolved: false; emergencyContactUsed: false; }' is not assignable to type 'Without<CrisisReportCreateInput, CrisisReportUncheckedCreateInput> & CrisisReportUncheckedCreateInput'.
    Type '{ userId: string | null; severityLevel: CrisisSeverity; triggerType: TriggerType; interventionType: InterventionType; encryptedDetails: any; responseTime: number; resolved: false; emergencyContactUsed: false; }' is missing the following properties from type 'CrisisReportUncheckedCreateInput': id, updatedAt
src/app/api/crisis/reports/route.ts(290,11): error TS2322: Type '{ type: string; severity: string; userId: string; context: string; indicators: string[]; handled: false; actions: never[]; }' is not assignable to type '(Without<SafetyAlertCreateInput, SafetyAlertUncheckedCreateInput> & SafetyAlertUncheckedCreateInput) | (Without<...> & SafetyAlertCreateInput)'.
  Type '{ type: string; severity: string; userId: string; context: string; indicators: string[]; handled: false; actions: never[]; }' is not assignable to type 'Without<SafetyAlertUncheckedCreateInput, SafetyAlertCreateInput> & SafetyAlertCreateInput'.
    Property 'id' is missing in type '{ type: string; severity: string; userId: string; context: string; indicators: string[]; handled: false; actions: never[]; }' but required in type 'SafetyAlertCreateInput'.
src/app/api/crisis/reports/route.ts(313,9): error TS2322: Type '{ userId: string; type: string; title: string; message: string; isPriority: boolean; metadata: string; }' is not assignable to type '(Without<NotificationCreateInput, NotificationUncheckedCreateInput> & NotificationUncheckedCreateInput) | (Without<...> & NotificationCreateInput)'.
  Type '{ userId: string; type: string; title: string; message: string; isPriority: boolean; metadata: string; }' is not assignable to type 'Without<NotificationCreateInput, NotificationUncheckedCreateInput> & NotificationUncheckedCreateInput'.
    Property 'id' is missing in type '{ userId: string; type: string; title: string; message: string; isPriority: boolean; metadata: string; }' but required in type 'NotificationUncheckedCreateInput'.
src/app/api/crisis/reports/route.ts(325,9): error TS2322: Type '{ userId: string; action: string; resource: string; resourceId: string; details: { severityLevel: CrisisSeverity; triggerType: TriggerType; interventionType: InterventionType; isAnonymous: boolean | undefined; }; outcome: string; }' is not assignable to type '(Without<AuditLogCreateInput, AuditLogUncheckedCreateInput> & AuditLogUncheckedCreateInput) | (Without<...> & AuditLogCreateInput)'.
  Type '{ userId: string; action: string; resource: string; resourceId: string; details: { severityLevel: CrisisSeverity; triggerType: TriggerType; interventionType: InterventionType; isAnonymous: boolean | undefined; }; outcome: string; }' is not assignable to type 'Without<AuditLogCreateInput, AuditLogUncheckedCreateInput> & AuditLogUncheckedCreateInput'.
    Property 'id' is missing in type '{ userId: string; action: string; resource: string; resourceId: string; details: { severityLevel: CrisisSeverity; triggerType: TriggerType; interventionType: InterventionType; isAnonymous: boolean | undefined; }; outcome: string; }' but required in type 'AuditLogUncheckedCreateInput'.
src/app/api/crisis/reports/route.ts(364,9): error TS2322: Type '{ userId: string; action: string; resource: string; details: { error: string; }; outcome: string; }' is not assignable to type '(Without<AuditLogCreateInput, AuditLogUncheckedCreateInput> & AuditLogUncheckedCreateInput) | (Without<...> & AuditLogCreateInput)'.
  Type '{ userId: string; action: string; resource: string; details: { error: string; }; outcome: string; }' is not assignable to type 'Without<AuditLogCreateInput, AuditLogUncheckedCreateInput> & AuditLogUncheckedCreateInput'.
    Property 'id' is missing in type '{ userId: string; action: string; resource: string; details: { error: string; }; outcome: string; }' but required in type 'AuditLogUncheckedCreateInput'.
src/app/api/crisis/reports/route.ts(399,60): error TS2339: Property 'errors' does not exist on type 'ZodError<{ status?: "resolved" | "pending" | "active" | "under_review" | "closed" | undefined; resolved?: boolean | undefined; resolvedAt?: string | undefined; responseNotes?: string | undefined; followUpRequired?: boolean | undefined; referralMade?: boolean | undefined; }>'.
src/app/api/crisis/reports/route.ts(399,71): error TS7006: Parameter 'err' implicitly has an 'any' type.
src/app/api/crisis/reports/route.ts(410,13): error TS2322: Type '{ status?: "resolved" | "pending" | "active" | "under_review" | "closed" | undefined; resolved?: boolean | undefined; resolvedAt?: string | undefined; responseNotes?: string | undefined; followUpRequired?: boolean | undefined; referralMade?: boolean | undefined; }' is not assignable to type 'UpdateReportRequest'.
  Types of property 'status' are incompatible.
    Type '"resolved" | "pending" | "active" | "under_review" | "closed" | undefined' is not assignable to type 'ReportStatus | undefined'.
      Type '"resolved"' is not assignable to type 'ReportStatus | undefined'.
src/app/api/crisis/reports/route.ts(472,11): error TS2322: Type '{ userId: string; type: string; title: string; message: string; metadata: string; }' is not assignable to type '(Without<NotificationCreateInput, NotificationUncheckedCreateInput> & NotificationUncheckedCreateInput) | (Without<...> & NotificationCreateInput)'.
  Type '{ userId: string; type: string; title: string; message: string; metadata: string; }' is not assignable to type 'Without<NotificationCreateInput, NotificationUncheckedCreateInput> & NotificationUncheckedCreateInput'.
    Property 'id' is missing in type '{ userId: string; type: string; title: string; message: string; metadata: string; }' but required in type 'NotificationUncheckedCreateInput'.
src/app/api/crisis/reports/route.ts(489,11): error TS2322: Type '{ updates: UpdateReportRequest; responseTime: any; }' is not assignable to type 'NullableJsonNullValueInput | InputJsonValue | undefined'.
  Types of property 'updates' are incompatible.
    Type 'UpdateReportRequest' is not assignable to type 'InputJsonValue | null | undefined'.
      Type 'UpdateReportRequest' is not assignable to type 'InputJsonObject'.
        Index signature for type 'string' is missing in type 'UpdateReportRequest'.
src/app/api/crisis/reports/route.ts(521,9): error TS2322: Type '{ userId: string; action: string; resource: string; details: { error: string; }; outcome: string; }' is not assignable to type '(Without<AuditLogCreateInput, AuditLogUncheckedCreateInput> & AuditLogUncheckedCreateInput) | (Without<...> & AuditLogCreateInput)'.
  Type '{ userId: string; action: string; resource: string; details: { error: string; }; outcome: string; }' is not assignable to type 'Without<AuditLogCreateInput, AuditLogUncheckedCreateInput> & AuditLogUncheckedCreateInput'.
    Property 'id' is missing in type '{ userId: string; action: string; resource: string; details: { error: string; }; outcome: string; }' but required in type 'AuditLogUncheckedCreateInput'.
src/app/api/crisis/safety-plans/route.ts(4,10): error TS2305: Module '"@/lib/encryption"' has no exported member 'encryptJSON'.
src/app/api/crisis/safety-plans/route.ts(4,23): error TS2305: Module '"@/lib/encryption"' has no exported member 'decryptJSON'.
src/app/api/crisis/safety-plans/route.ts(4,36): error TS2305: Module '"@/lib/encryption"' has no exported member 'maskSensitiveData'.
src/app/api/crisis/safety-plans/route.ts(69,18): error TS2345: Argument of type 'UserRole' is not assignable to parameter of type '"CRISIS_COUNSELOR" | "ADMIN" | "SUPER_ADMIN"'.
  Type '"USER"' is not assignable to type '"CRISIS_COUNSELOR" | "ADMIN" | "SUPER_ADMIN"'.
src/app/api/crisis/safety-plans/route.ts(74,18): error TS2345: Argument of type 'UserRole' is not assignable to parameter of type '"HELPER" | "THERAPIST"'.
  Type '"USER"' is not assignable to type '"HELPER" | "THERAPIST"'.
src/app/api/crisis/safety-plans/route.ts(189,9): error TS2322: Type '{ userId: string; action: string; resource: string; details: { resultsCount: number; accessLevel: string; }; outcome: string; }' is not assignable to type '(Without<AuditLogCreateInput, AuditLogUncheckedCreateInput> & AuditLogUncheckedCreateInput) | (Without<...> & AuditLogCreateInput)'.
  Type '{ userId: string; action: string; resource: string; details: { resultsCount: number; accessLevel: string; }; outcome: string; }' is not assignable to type 'Without<AuditLogCreateInput, AuditLogUncheckedCreateInput> & AuditLogUncheckedCreateInput'.
    Property 'id' is missing in type '{ userId: string; action: string; resource: string; details: { resultsCount: number; accessLevel: string; }; outcome: string; }' but required in type 'AuditLogUncheckedCreateInput'.
src/app/api/crisis/safety-plans/route.ts(216,9): error TS2322: Type '{ userId: string; action: string; resource: string; details: { error: string; }; outcome: string; }' is not assignable to type '(Without<AuditLogCreateInput, AuditLogUncheckedCreateInput> & AuditLogUncheckedCreateInput) | (Without<...> & AuditLogCreateInput)'.
  Type '{ userId: string; action: string; resource: string; details: { error: string; }; outcome: string; }' is not assignable to type 'Without<AuditLogCreateInput, AuditLogUncheckedCreateInput> & AuditLogUncheckedCreateInput'.
    Property 'id' is missing in type '{ userId: string; action: string; resource: string; details: { error: string; }; outcome: string; }' but required in type 'AuditLogUncheckedCreateInput'.
src/app/api/crisis/safety-plans/route.ts(243,60): error TS2339: Property 'errors' does not exist on type 'ZodError<{ warningSignals: { title: string; items: string[]; notes?: string | undefined; }; copingStrategies: { title: string; items: string[]; notes?: string | undefined; }; supportContacts: { name: string; relationship: string; phone: string; available: string; }[]; safeEnvironment: { ...; }; reasonsToLive?: { ......'.
src/app/api/crisis/safety-plans/route.ts(243,71): error TS7006: Parameter 'err' implicitly has an 'any' type.
src/app/api/crisis/safety-plans/route.ts(283,9): error TS2322: Type '{ userId: string; warningSignsEncrypted: any; copingStrategiesEncrypted: any; supportContactsEncrypted: any; safeEnvironmentEncrypted: any; reasonsToLiveEncrypted: any; isActive: true; lastReviewedAt: Date; }' is not assignable to type '(Without<SafetyPlanCreateInput, SafetyPlanUncheckedCreateInput> & SafetyPlanUncheckedCreateInput) | (Without<...> & SafetyPlanCreateInput)'.
  Type '{ userId: string; warningSignsEncrypted: any; copingStrategiesEncrypted: any; supportContactsEncrypted: any; safeEnvironmentEncrypted: any; reasonsToLiveEncrypted: any; isActive: true; lastReviewedAt: Date; }' is not assignable to type 'Without<SafetyPlanCreateInput, SafetyPlanUncheckedCreateInput> & SafetyPlanUncheckedCreateInput'.
    Type '{ userId: string; warningSignsEncrypted: any; copingStrategiesEncrypted: any; supportContactsEncrypted: any; safeEnvironmentEncrypted: any; reasonsToLiveEncrypted: any; isActive: true; lastReviewedAt: Date; }' is missing the following properties from type 'SafetyPlanUncheckedCreateInput': id, updatedAt
src/app/api/crisis/safety-plans/route.ts(297,9): error TS2322: Type '{ userId: string; type: string; title: string; message: string; metadata: string; }' is not assignable to type '(Without<NotificationCreateInput, NotificationUncheckedCreateInput> & NotificationUncheckedCreateInput) | (Without<...> & NotificationCreateInput)'.
  Type '{ userId: string; type: string; title: string; message: string; metadata: string; }' is not assignable to type 'Without<NotificationCreateInput, NotificationUncheckedCreateInput> & NotificationUncheckedCreateInput'.
    Property 'id' is missing in type '{ userId: string; type: string; title: string; message: string; metadata: string; }' but required in type 'NotificationUncheckedCreateInput'.
src/app/api/crisis/safety-plans/route.ts(314,9): error TS2322: Type '{ userId: string; action: string; resource: string; resourceId: string; details: { hasReasons: boolean; contactsCount: number; strategiesCount: number; }; outcome: string; }' is not assignable to type '(Without<AuditLogCreateInput, AuditLogUncheckedCreateInput> & AuditLogUncheckedCreateInput) | (Without<...> & AuditLogCreateInput)'.
  Type '{ userId: string; action: string; resource: string; resourceId: string; details: { hasReasons: boolean; contactsCount: number; strategiesCount: number; }; outcome: string; }' is not assignable to type 'Without<AuditLogCreateInput, AuditLogUncheckedCreateInput> & AuditLogUncheckedCreateInput'.
    Property 'id' is missing in type '{ userId: string; action: string; resource: string; resourceId: string; details: { hasReasons: boolean; contactsCount: number; strategiesCount: number; }; outcome: string; }' but required in type 'AuditLogUncheckedCreateInput'.
src/app/api/crisis/safety-plans/route.ts(352,9): error TS2322: Type '{ userId: string; action: string; resource: string; details: { error: string; }; outcome: string; }' is not assignable to type '(Without<AuditLogCreateInput, AuditLogUncheckedCreateInput> & AuditLogUncheckedCreateInput) | (Without<...> & AuditLogCreateInput)'.
  Type '{ userId: string; action: string; resource: string; details: { error: string; }; outcome: string; }' is not assignable to type 'Without<AuditLogCreateInput, AuditLogUncheckedCreateInput> & AuditLogUncheckedCreateInput'.
    Property 'id' is missing in type '{ userId: string; action: string; resource: string; details: { error: string; }; outcome: string; }' but required in type 'AuditLogUncheckedCreateInput'.
src/app/api/crisis/safety-plans/route.ts(388,60): error TS2339: Property 'errors' does not exist on type 'ZodError<{ warningSignals?: { title: string; items: string[]; notes?: string | undefined; } | undefined; copingStrategies?: { title: string; items: string[]; notes?: string | undefined; } | undefined; supportContacts?: { ...; }[] | undefined; safeEnvironment?: { ...; } | undefined; reasonsToLive?: { ...; } | undefin...'.
src/app/api/crisis/safety-plans/route.ts(388,71): error TS7006: Parameter 'err' implicitly has an 'any' type.
src/app/api/crisis/safety-plans/route.ts(415,84): error TS2345: Argument of type 'UserRole' is not assignable to parameter of type '"CRISIS_COUNSELOR" | "ADMIN" | "SUPER_ADMIN"'.
  Type '"USER"' is not assignable to type '"CRISIS_COUNSELOR" | "ADMIN" | "SUPER_ADMIN"'.
src/app/api/crisis/safety-plans/route.ts(475,11): error TS2322: Type '{ userId: string; type: string; title: string; message: string; metadata: string; }' is not assignable to type '(Without<NotificationCreateInput, NotificationUncheckedCreateInput> & NotificationUncheckedCreateInput) | (Without<...> & NotificationCreateInput)'.
  Type '{ userId: string; type: string; title: string; message: string; metadata: string; }' is not assignable to type 'Without<NotificationCreateInput, NotificationUncheckedCreateInput> & NotificationUncheckedCreateInput'.
    Property 'id' is missing in type '{ userId: string; type: string; title: string; message: string; metadata: string; }' but required in type 'NotificationUncheckedCreateInput'.
src/app/api/crisis/safety-plans/route.ts(492,9): error TS2322: Type '{ userId: string; action: string; resource: string; resourceId: string; details: { updates: string[]; updatedByOwner: boolean; }; outcome: string; }' is not assignable to type '(Without<AuditLogCreateInput, AuditLogUncheckedCreateInput> & AuditLogUncheckedCreateInput) | (Without<...> & AuditLogCreateInput)'.
  Type '{ userId: string; action: string; resource: string; resourceId: string; details: { updates: string[]; updatedByOwner: boolean; }; outcome: string; }' is not assignable to type 'Without<AuditLogCreateInput, AuditLogUncheckedCreateInput> & AuditLogUncheckedCreateInput'.
    Property 'id' is missing in type '{ userId: string; action: string; resource: string; resourceId: string; details: { updates: string[]; updatedByOwner: boolean; }; outcome: string; }' but required in type 'AuditLogUncheckedCreateInput'.
src/app/api/crisis/safety-plans/route.ts(524,9): error TS2322: Type '{ userId: string; action: string; resource: string; details: { error: string; }; outcome: string; }' is not assignable to type '(Without<AuditLogCreateInput, AuditLogUncheckedCreateInput> & AuditLogUncheckedCreateInput) | (Without<...> & AuditLogCreateInput)'.
  Type '{ userId: string; action: string; resource: string; details: { error: string; }; outcome: string; }' is not assignable to type 'Without<AuditLogCreateInput, AuditLogUncheckedCreateInput> & AuditLogUncheckedCreateInput'.
    Property 'id' is missing in type '{ userId: string; action: string; resource: string; details: { error: string; }; outcome: string; }' but required in type 'AuditLogUncheckedCreateInput'.
src/app/api/crisis/safety-plans/route.ts(570,57): error TS2345: Argument of type 'UserRole' is not assignable to parameter of type '"ADMIN" | "SUPER_ADMIN"'.
  Type '"USER"' is not assignable to type '"ADMIN" | "SUPER_ADMIN"'.
src/app/api/crisis/safety-plans/route.ts(586,9): error TS2322: Type '{ userId: string; action: string; resource: string; resourceId: string; details: { deletedByOwner: boolean; wasActive: boolean; }; outcome: string; }' is not assignable to type '(Without<AuditLogCreateInput, AuditLogUncheckedCreateInput> & AuditLogUncheckedCreateInput) | (Without<...> & AuditLogCreateInput)'.
  Type '{ userId: string; action: string; resource: string; resourceId: string; details: { deletedByOwner: boolean; wasActive: boolean; }; outcome: string; }' is not assignable to type 'Without<AuditLogCreateInput, AuditLogUncheckedCreateInput> & AuditLogUncheckedCreateInput'.
    Property 'id' is missing in type '{ userId: string; action: string; resource: string; resourceId: string; details: { deletedByOwner: boolean; wasActive: boolean; }; outcome: string; }' but required in type 'AuditLogUncheckedCreateInput'.
src/app/api/crisis/safety-plans/route.ts(610,9): error TS2322: Type '{ userId: string; action: string; resource: string; details: { error: string; }; outcome: string; }' is not assignable to type '(Without<AuditLogCreateInput, AuditLogUncheckedCreateInput> & AuditLogUncheckedCreateInput) | (Without<...> & AuditLogCreateInput)'.
  Type '{ userId: string; action: string; resource: string; details: { error: string; }; outcome: string; }' is not assignable to type 'Without<AuditLogCreateInput, AuditLogUncheckedCreateInput> & AuditLogUncheckedCreateInput'.
    Property 'id' is missing in type '{ userId: string; action: string; resource: string; details: { error: string; }; outcome: string; }' but required in type 'AuditLogUncheckedCreateInput'.
src/app/api/dashboard/activities/route.ts(72,11): error TS2353: Object literal may only specify known properties, and 'type' does not exist in type 'SupportSessionSelect<DefaultArgs>'.
src/app/api/dashboard/activities/route.ts(80,18): error TS2561: Object literal may only specify known properties, but 'userId' does not exist in type 'CommunityPostWhereInput'. Did you mean to write 'User'?
src/app/api/dashboard/activities/route.ts(85,11): error TS2353: Object literal may only specify known properties, and 'encryptedContent' does not exist in type 'CommunityPostSelect<DefaultArgs>'.
src/app/api/dashboard/activities/route.ts(125,33): error TS2339: Property 'type' does not exist on type '{ status: string; id: string; createdAt: Date; userId: string | null; rating: number | null; encryptedNotes: JsonValue; helperId: string | null; sessionType: string; startedAt: Date | null; endedAt: Date | null; }'.
src/app/api/dashboard/activities/route.ts(127,35): error TS2339: Property 'type' does not exist on type '{ status: string; id: string; createdAt: Date; userId: string | null; rating: number | null; encryptedNotes: JsonValue; helperId: string | null; sessionType: string; startedAt: Date | null; endedAt: Date | null; }'.
src/app/api/dashboard/activities/route.ts(139,35): error TS2339: Property 'groupId' does not exist on type '{ id: string; createdAt: Date; updatedAt: Date; title: string; category: string; authorId: string | null; content: string; isAnonymous: boolean; isPinned: boolean; isModerated: boolean; viewCount: number; likeCount: number; }'.
src/app/api/dashboard/stats/route.ts(72,18): error TS2561: Object literal may only specify known properties, but 'userId' does not exist in type 'CommunityPostWhereInput'. Did you mean to write 'User'?
src/app/api/helper/clients/route.ts(59,17): error TS2353: Object literal may only specify known properties, and 'bio' does not exist in type 'UserProfileSelect<DefaultArgs>'.
src/app/api/helper/clients/route.ts(69,17): error TS2353: Object literal may only specify known properties, and 'mood' does not exist in type 'MoodEntrySelect<DefaultArgs>'.
src/app/api/helper/clients/route.ts(75,17): error TS2353: Object literal may only specify known properties, and 'warningSignsData' does not exist in type 'SafetyPlanSelect<DefaultArgs>'.
src/app/api/helper/clients/route.ts(92,30): error TS2339: Property 'User_SupportSession_userIdToUser' does not exist on type '{ status: string; id: string; createdAt: Date; userId: string | null; rating: number | null; encryptedNotes: JsonValue; helperId: string | null; sessionType: string; startedAt: Date | null; endedAt: Date | null; }'.
src/app/api/helper/clients/route.ts(104,52): error TS7006: Parameter 'sum' implicitly has an 'any' type.
src/app/api/helper/clients/route.ts(104,57): error TS7006: Parameter 'entry' implicitly has an 'any' type.
src/app/api/helper/clients/route.ts(240,9): error TS2322: Type '{ notes: string; } | null' is not assignable to type 'NullableJsonNullValueInput | InputJsonValue | undefined'.
  Type 'null' is not assignable to type 'NullableJsonNullValueInput | InputJsonValue | undefined'.
src/app/api/helper/sessions/route.ts(71,17): error TS2353: Object literal may only specify known properties, and 'preferredTopics' does not exist in type 'UserProfileSelect<DefaultArgs>'.
src/app/api/helper/sessions/route.ts(88,29): error TS2339: Property 'User_SupportSession_userIdToUser' does not exist on type '{ status: string; id: string; createdAt: Date; userId: string | null; rating: number | null; encryptedNotes: JsonValue; helperId: string | null; sessionType: string; startedAt: Date | null; endedAt: Date | null; }'.
src/app/api/helper/sessions/route.ts(89,30): error TS2339: Property 'User_SupportSession_userIdToUser' does not exist on type '{ status: string; id: string; createdAt: Date; userId: string | null; rating: number | null; encryptedNotes: JsonValue; helperId: string | null; sessionType: string; startedAt: Date | null; endedAt: Date | null; }'.
src/app/api/helper/sessions/route.ts(97,25): error TS2339: Property 'User_SupportSession_userIdToUser' does not exist on type '{ status: string; id: string; createdAt: Date; userId: string | null; rating: number | null; encryptedNotes: JsonValue; helperId: string | null; sessionType: string; startedAt: Date | null; endedAt: Date | null; }'.
src/app/api/helper/sessions/route.ts(166,9): error TS2322: Type '{ notes: string; } | null' is not assignable to type 'NullableJsonNullValueInput | InputJsonValue | undefined'.
  Type 'null' is not assignable to type 'NullableJsonNullValueInput | InputJsonValue | undefined'.
src/app/api/helper/stats/route.ts(27,9): error TS2353: Object literal may only specify known properties, and 'completedSessions' does not exist in type 'HelperProfileSelect<DefaultArgs>'.
src/app/api/messaging/conversations/route.ts(153,37): error TS2339: Property 'user' does not exist on type '{ id: string; role: string; isActive: boolean; userId: string; joinedAt: Date; leftAt: Date | null; conversationId: string; isMuted: boolean; lastReadAt: Date; } | { User: { ...; }; ... 8 more ...; lastReadAt: Date; } | { ...; }'.
  Property 'user' does not exist on type '{ id: string; role: string; isActive: boolean; userId: string; joinedAt: Date; leftAt: Date | null; conversationId: string; isMuted: boolean; lastReadAt: Date; }'.
src/app/api/messaging/conversations/route.ts(198,61): error TS2339: Property 'errors' does not exist on type 'ZodError<unknown>'.
src/app/api/messaging/conversations/route.ts(267,14): error TS18048: 'userParticipant' is possibly 'undefined'.
src/app/api/messaging/conversations/route.ts(269,26): error TS18048: 'userParticipant' is possibly 'undefined'.
src/app/api/messaging/conversations/route.ts(300,13): error TS2322: Type '{ userId: string; displayName: string; avatar: string; colorTheme: string; trustScore: number; badges: never[]; languages: string[]; }' is not assignable to type '(Without<AnonymousIdentityCreateInput, AnonymousIdentityUncheckedCreateInput> & AnonymousIdentityUncheckedCreateInput) | (Without<...> & AnonymousIdentityCreateInput)'.
  Type '{ userId: string; displayName: string; avatar: string; colorTheme: string; trustScore: number; badges: never[]; languages: string[]; }' is not assignable to type 'Without<AnonymousIdentityCreateInput, AnonymousIdentityUncheckedCreateInput> & AnonymousIdentityUncheckedCreateInput'.
    Type '{ userId: string; displayName: string; avatar: string; colorTheme: string; trustScore: number; badges: never[]; languages: string[]; }' is missing the following properties from type 'AnonymousIdentityUncheckedCreateInput': id, updatedAt
src/app/api/messaging/conversations/route.ts(323,11): error TS2322: Type '{ userId: string; role: string; isActive: true; }[]' is not assignable to type '(Without<ConversationParticipantCreateWithoutConversationInput, ConversationParticipantUncheckedCreateWithoutConversationInput> & ConversationParticipantUncheckedCreateWithoutConversationInput) | (Without<...> & ConversationParticipantCreateWithoutConversationInput) | ConversationParticipantCreateWithoutConversation...'.
  Type '{ userId: string; role: string; isActive: true; }[]' is not assignable to type 'ConversationParticipantCreateWithoutConversationInput[]'.
    Type '{ userId: string; role: string; isActive: true; }' is missing the following properties from type 'ConversationParticipantCreateWithoutConversationInput': id, User
src/app/api/messaging/conversations/route.ts(354,9): error TS2322: Type '{ conversationId: string; senderId: string; content: string; type: string; }' is not assignable to type '(Without<DirectMessageCreateInput, DirectMessageUncheckedCreateInput> & DirectMessageUncheckedCreateInput) | (Without<...> & DirectMessageCreateInput)'.
  Type '{ conversationId: string; senderId: string; content: string; type: string; }' is not assignable to type 'Without<DirectMessageCreateInput, DirectMessageUncheckedCreateInput> & DirectMessageUncheckedCreateInput'.
    Property 'id' is missing in type '{ conversationId: string; senderId: string; content: string; type: string; }' but required in type 'DirectMessageUncheckedCreateInput'.
src/app/api/messaging/conversations/route.ts(370,36): error TS2339: Property 'Participants' does not exist on type '{ id: string; createdAt: Date; updatedAt: Date; title: string | null; metadata: JsonValue; type: string; lastActivity: Date; isAnonymous: boolean; }'.
src/app/api/messaging/conversations/route.ts(377,50): error TS2339: Property 'errors' does not exist on type 'ZodError<unknown>'.
src/app/api/messaging/conversations/route.ts(450,9): error TS2322: Type '{ conversationId: string; senderId: string; content: string; type: string; }' is not assignable to type '(Without<DirectMessageCreateInput, DirectMessageUncheckedCreateInput> & DirectMessageUncheckedCreateInput) | (Without<...> & DirectMessageCreateInput)'.
  Type '{ conversationId: string; senderId: string; content: string; type: string; }' is not assignable to type 'Without<DirectMessageCreateInput, DirectMessageUncheckedCreateInput> & DirectMessageUncheckedCreateInput'.
    Property 'id' is missing in type '{ conversationId: string; senderId: string; content: string; type: string; }' but required in type 'DirectMessageUncheckedCreateInput'.
src/app/api/messaging/conversations/route.ts(499,13): error TS2698: Spread types may only be created from object types.
src/app/api/messaging/conversations/route.ts(515,50): error TS2339: Property 'errors' does not exist on type 'ZodError<unknown>'.
src/app/api/messaging/messages/route.ts(171,61): error TS2339: Property 'errors' does not exist on type 'ZodError<unknown>'.
src/app/api/messaging/messages/route.ts(251,13): error TS2322: Type '{ type: string; severity: string; userId: string; context: string; indicators: string[]; handled: false; actions: string[]; }' is not assignable to type '(Without<SafetyAlertCreateInput, SafetyAlertUncheckedCreateInput> & SafetyAlertUncheckedCreateInput) | (Without<...> & SafetyAlertCreateInput)'.
  Type '{ type: string; severity: string; userId: string; context: string; indicators: string[]; handled: false; actions: string[]; }' is not assignable to type 'Without<SafetyAlertUncheckedCreateInput, SafetyAlertCreateInput> & SafetyAlertCreateInput'.
    Property 'id' is missing in type '{ type: string; severity: string; userId: string; context: string; indicators: string[]; handled: false; actions: string[]; }' but required in type 'SafetyAlertCreateInput'.
src/app/api/messaging/messages/route.ts(265,15): error TS2322: Type '{ userId: string; type: string; title: string; message: string; isPriority: true; metadata: { conversationId: string; level: "high"; }; }' is not assignable to type '(Without<NotificationCreateInput, NotificationUncheckedCreateInput> & NotificationUncheckedCreateInput) | (Without<...> & NotificationCreateInput)'.
  Type '{ userId: string; type: string; title: string; message: string; isPriority: true; metadata: { conversationId: string; level: "high"; }; }' is not assignable to type 'Without<NotificationCreateInput, NotificationUncheckedCreateInput> & NotificationUncheckedCreateInput'.
    Property 'id' is missing in type '{ userId: string; type: string; title: string; message: string; isPriority: true; metadata: { conversationId: string; level: "high"; }; }' but required in type 'NotificationUncheckedCreateInput'.
src/app/api/messaging/messages/route.ts(283,11): error TS2353: Object literal may only specify known properties, and 'crisisDetected' does not exist in type '{ fileName?: string | undefined; fileSize?: number | undefined; mimeType?: string | undefined; imageUrl?: string | undefined; }'.
src/app/api/messaging/messages/route.ts(299,7): error TS2322: Type '{ conversationId: string; senderId: string; content: string; type: "file" | "system" | "text" | "image"; metadata: { fileName?: string | undefined; fileSize?: number | undefined; mimeType?: string | undefined; imageUrl?: string | undefined; }; reactions: never[]; }' is not assignable to type '(Without<DirectMessageCreateInput, DirectMessageUncheckedCreateInput> & DirectMessageUncheckedCreateInput) | (Without<...> & DirectMessageCreateInput)'.
  Type '{ conversationId: string; senderId: string; content: string; type: "file" | "system" | "text" | "image"; metadata: { fileName?: string | undefined; fileSize?: number | undefined; mimeType?: string | undefined; imageUrl?: string | undefined; }; reactions: never[]; }' is not assignable to type 'Without<DirectMessageCreateInput, DirectMessageUncheckedCreateInput> & DirectMessageUncheckedCreateInput'.
    Property 'id' is missing in type '{ conversationId: string; senderId: string; content: string; type: "file" | "system" | "text" | "image"; metadata: { fileName?: string | undefined; fileSize?: number | undefined; mimeType?: string | undefined; imageUrl?: string | undefined; }; reactions: never[]; }' but required in type 'DirectMessageUncheckedCreateInput'.
src/app/api/messaging/messages/route.ts(346,11): error TS2322: Type '{ userId: string; type: string; title: string; message: string; metadata: { conversationId: string; messageId: string; senderId: string | null; }; }' is not assignable to type '(Without<NotificationCreateInput, NotificationUncheckedCreateInput> & NotificationUncheckedCreateInput) | (Without<...> & NotificationCreateInput)'.
  Type '{ userId: string; type: string; title: string; message: string; metadata: { conversationId: string; messageId: string; senderId: string | null; }; }' is not assignable to type 'Without<NotificationCreateInput, NotificationUncheckedCreateInput> & NotificationUncheckedCreateInput'.
    Property 'id' is missing in type '{ userId: string; type: string; title: string; message: string; metadata: { conversationId: string; messageId: string; senderId: string | null; }; }' but required in type 'NotificationUncheckedCreateInput'.
src/app/api/messaging/messages/route.ts(349,101): error TS2551: Property 'Sender' does not exist on type '{ id: string; createdAt: Date; metadata: JsonValue; type: string; content: string; editedAt: Date | null; reactions: JsonValue[]; isDeleted: boolean; conversationId: string; senderId: string; isEdited: boolean; }'. Did you mean 'senderId'?
src/app/api/messaging/messages/route.ts(364,13): error TS2339: Property 'Sender' does not exist on type '{ id: string; createdAt: Date; metadata: JsonValue; type: string; content: string; editedAt: Date | null; reactions: JsonValue[]; isDeleted: boolean; conversationId: string; senderId: string; isEdited: boolean; }'.
src/app/api/messaging/messages/route.ts(396,50): error TS2339: Property 'errors' does not exist on type 'ZodError<unknown>'.
src/app/api/messaging/messages/route.ts(567,50): error TS2339: Property 'errors' does not exist on type 'ZodError<unknown>'.
src/app/api/messaging/notifications/route.ts(14,15): error TS2554: Expected 2-3 arguments, but got 1.
src/app/api/messaging/notifications/route.ts(124,61): error TS2339: Property 'errors' does not exist on type 'ZodError<unknown>'.
src/app/api/messaging/notifications/route.ts(191,7): error TS2322: Type '{ userId: string; type: string; title: string; message: string; isPriority: boolean; metadata: Record<any, unknown>; }[]' is not assignable to type 'NotificationCreateManyInput | NotificationCreateManyInput[]'.
  Type '{ userId: string; type: string; title: string; message: string; isPriority: boolean; metadata: Record<any, unknown>; }[]' is not assignable to type 'NotificationCreateManyInput[]'.
    Property 'id' is missing in type '{ userId: string; type: string; title: string; message: string; isPriority: boolean; metadata: Record<any, unknown>; }' but required in type 'NotificationCreateManyInput'.
src/app/api/messaging/notifications/route.ts(203,7): error TS2322: Type '{ userId: string; action: string; resource: string; details: { type: string; targetCount: number; broadcast: boolean; }; outcome: string; }' is not assignable to type '(Without<AuditLogCreateInput, AuditLogUncheckedCreateInput> & AuditLogUncheckedCreateInput) | (Without<...> & AuditLogCreateInput)'.
  Type '{ userId: string; action: string; resource: string; details: { type: string; targetCount: number; broadcast: boolean; }; outcome: string; }' is not assignable to type 'Without<AuditLogCreateInput, AuditLogUncheckedCreateInput> & AuditLogUncheckedCreateInput'.
    Property 'id' is missing in type '{ userId: string; action: string; resource: string; details: { type: string; targetCount: number; broadcast: boolean; }; outcome: string; }' but required in type 'AuditLogUncheckedCreateInput'.
src/app/api/messaging/notifications/route.ts(224,50): error TS2339: Property 'errors' does not exist on type 'ZodError<unknown>'.
src/app/api/messaging/notifications/route.ts(308,50): error TS2339: Property 'errors' does not exist on type 'ZodError<unknown>'.
src/app/api/monitoring/audit/route.ts(119,19): error TS2551: Property 'source' does not exist on type 'AuditEvent'. Did you mean 'resource'?
src/app/api/monitoring/audit/route.ts(194,19): error TS2551: Property 'source' does not exist on type 'AuditEvent'. Did you mean 'resource'?
src/app/api/platform/files/route.ts(8,30): error TS7016: Could not find a declaration file for module 'uuid'. 'h:/Astral Core/NEW CORE/AstralCoreV5/node_modules/uuid/dist/esm-browser/index.js' implicitly has an 'any' type.
  Try `npm i --save-dev @types/uuid` if it exists or add a new declaration (.d.ts) file containing `declare module 'uuid';`
src/app/api/platform/files/route.ts(162,11): error TS2353: Object literal may only specify known properties, and 'owner' does not exist in type 'FileInclude<DefaultArgs>'.
src/app/api/platform/files/route.ts(193,18): error TS2339: Property 'name' does not exist on type '{ version: number; id: string; createdAt: Date; updatedAt: Date; userId: string; expiresAt: Date | null; metadata: JsonValue; path: string; category: string | null; ... 14 more ...; lastAccessedAt: Date | null; }'.
src/app/api/platform/files/route.ts(194,18): error TS2339: Property 'type' does not exist on type '{ version: number; id: string; createdAt: Date; updatedAt: Date; userId: string; expiresAt: Date | null; metadata: JsonValue; path: string; category: string | null; ... 14 more ...; lastAccessedAt: Date | null; }'.
src/app/api/platform/files/route.ts(198,22): error TS2339: Property 'parentId' does not exist on type '{ version: number; id: string; createdAt: Date; updatedAt: Date; userId: string; expiresAt: Date | null; metadata: JsonValue; path: string; category: string | null; ... 14 more ...; lastAccessedAt: Date | null; }'.
src/app/api/platform/files/route.ts(201,23): error TS2339: Property 'owner' does not exist on type '{ version: number; id: string; createdAt: Date; updatedAt: Date; userId: string; expiresAt: Date | null; metadata: JsonValue; path: string; category: string | null; ... 14 more ...; lastAccessedAt: Date | null; }'.
src/app/api/platform/files/route.ts(201,49): error TS2339: Property 'owner' does not exist on type '{ version: number; id: string; createdAt: Date; updatedAt: Date; userId: string; expiresAt: Date | null; metadata: JsonValue; path: string; category: string | null; ... 14 more ...; lastAccessedAt: Date | null; }'.
src/app/api/platform/files/route.ts(202,24): error TS2339: Property 'owner' does not exist on type '{ version: number; id: string; createdAt: Date; updatedAt: Date; userId: string; expiresAt: Date | null; metadata: JsonValue; path: string; category: string | null; ... 14 more ...; lastAccessedAt: Date | null; }'.
src/app/api/platform/files/route.ts(202,50): error TS2339: Property 'owner' does not exist on type '{ version: number; id: string; createdAt: Date; updatedAt: Date; userId: string; expiresAt: Date | null; metadata: JsonValue; path: string; category: string | null; ... 14 more ...; lastAccessedAt: Date | null; }'.
src/app/api/platform/files/route.ts(203,22): error TS2339: Property 'shares' does not exist on type '{ version: number; id: string; createdAt: Date; updatedAt: Date; userId: string; expiresAt: Date | null; metadata: JsonValue; path: string; category: string | null; ... 14 more ...; lastAccessedAt: Date | null; }'.
src/app/api/platform/files/route.ts(205,23): error TS2339: Property 'isStarred' does not exist on type '{ version: number; id: string; createdAt: Date; updatedAt: Date; userId: string; expiresAt: Date | null; metadata: JsonValue; path: string; category: string | null; ... 14 more ...; lastAccessedAt: Date | null; }'.
src/app/api/platform/files/route.ts(206,27): error TS2339: Property 'shares' does not exist on type '{ version: number; id: string; createdAt: Date; updatedAt: Date; userId: string; expiresAt: Date | null; metadata: JsonValue; path: string; category: string | null; ... 14 more ...; lastAccessedAt: Date | null; }'.
src/app/api/platform/files/route.ts(208,29): error TS2339: Property 'allowDownload' does not exist on type '{ version: number; id: string; createdAt: Date; updatedAt: Date; userId: string; expiresAt: Date | null; metadata: JsonValue; path: string; category: string | null; ... 14 more ...; lastAccessedAt: Date | null; }'.
src/app/api/platform/files/route.ts(209,25): error TS2339: Property 'allowEdit' does not exist on type '{ version: number; id: string; createdAt: Date; updatedAt: Date; userId: string; expiresAt: Date | null; metadata: JsonValue; path: string; category: string | null; ... 14 more ...; lastAccessedAt: Date | null; }'.
src/app/api/platform/files/route.ts(210,25): error TS2339: Property 'shareExpiresAt' does not exist on type '{ version: number; id: string; createdAt: Date; updatedAt: Date; userId: string; expiresAt: Date | null; metadata: JsonValue; path: string; category: string | null; ... 14 more ...; lastAccessedAt: Date | null; }'.
src/app/api/platform/files/route.ts(211,26): error TS2339: Property 'shares' does not exist on type '{ version: number; id: string; createdAt: Date; updatedAt: Date; userId: string; expiresAt: Date | null; metadata: JsonValue; path: string; category: string | null; ... 14 more ...; lastAccessedAt: Date | null; }'.
src/app/api/platform/files/route.ts(211,37): error TS7006: Parameter 'share' implicitly has an 'any' type.
src/app/api/platform/files/route.ts(220,22): error TS2551: Property 'versions' does not exist on type '{ version: number; id: string; createdAt: Date; updatedAt: Date; userId: string; expiresAt: Date | null; metadata: JsonValue; path: string; category: string | null; ... 14 more ...; lastAccessedAt: Date | null; }'. Did you mean 'version'?
src/app/api/platform/files/route.ts(220,35): error TS7006: Parameter 'v' implicitly has an 'any' type.
src/app/api/platform/files/route.ts(234,28): error TS2339: Property 'thumbnailUrl' does not exist on type '{ version: number; id: string; createdAt: Date; updatedAt: Date; userId: string; expiresAt: Date | null; metadata: JsonValue; path: string; category: string | null; ... 14 more ...; lastAccessedAt: Date | null; }'.
src/app/api/platform/files/route.ts(238,23): error TS2339: Property 'ownerId' does not exist on type '{ version: number; id: string; createdAt: Date; updatedAt: Date; userId: string; expiresAt: Date | null; metadata: JsonValue; path: string; category: string | null; ... 14 more ...; lastAccessedAt: Date | null; }'.
src/app/api/platform/files/route.ts(238,51): error TS2339: Property 'shares' does not exist on type '{ version: number; id: string; createdAt: Date; updatedAt: Date; userId: string; expiresAt: Date | null; metadata: JsonValue; path: string; category: string | null; ... 14 more ...; lastAccessedAt: Date | null; }'.
src/app/api/platform/files/route.ts(238,63): error TS7006: Parameter 's' implicitly has an 'any' type.
src/app/api/platform/files/route.ts(241,25): error TS2339: Property 'ownerId' does not exist on type '{ version: number; id: string; createdAt: Date; updatedAt: Date; userId: string; expiresAt: Date | null; metadata: JsonValue; path: string; category: string | null; ... 14 more ...; lastAccessedAt: Date | null; }'.
src/app/api/platform/files/route.ts(242,24): error TS2339: Property 'ownerId' does not exist on type '{ version: number; id: string; createdAt: Date; updatedAt: Date; userId: string; expiresAt: Date | null; metadata: JsonValue; path: string; category: string | null; ... 14 more ...; lastAccessedAt: Date | null; }'.
src/app/api/platform/files/route.ts(242,52): error TS2339: Property 'shares' does not exist on type '{ version: number; id: string; createdAt: Date; updatedAt: Date; userId: string; expiresAt: Date | null; metadata: JsonValue; path: string; category: string | null; ... 14 more ...; lastAccessedAt: Date | null; }'.
src/app/api/platform/files/route.ts(242,64): error TS7006: Parameter 's' implicitly has an 'any' type.
src/app/api/platform/files/route.ts(245,27): error TS2339: Property 'allowDownload' does not exist on type '{ version: number; id: string; createdAt: Date; updatedAt: Date; userId: string; expiresAt: Date | null; metadata: JsonValue; path: string; category: string | null; ... 14 more ...; lastAccessedAt: Date | null; }'.
src/app/api/platform/files/route.ts(245,49): error TS2339: Property 'ownerId' does not exist on type '{ version: number; id: string; createdAt: Date; updatedAt: Date; userId: string; expiresAt: Date | null; metadata: JsonValue; path: string; category: string | null; ... 14 more ...; lastAccessedAt: Date | null; }'.
src/app/api/platform/files/route.ts(330,7): error TS2322: Type 'Buffer<ArrayBufferLike>' is not assignable to type 'Buffer<ArrayBuffer>'.
  Type 'ArrayBufferLike' is not assignable to type 'ArrayBuffer'.
    Type 'SharedArrayBuffer' is missing the following properties from type 'ArrayBuffer': resizable, resize, detached, transfer, transferToFixedLength
src/app/api/platform/files/route.ts(340,9): error TS2353: Object literal may only specify known properties, and 'name' does not exist in type '(Without<FileCreateInput, FileUncheckedCreateInput> & FileUncheckedCreateInput) | (Without<...> & FileCreateInput)'.
src/app/api/platform/files/route.ts(366,9): error TS2353: Object literal may only specify known properties, and 'storagePath' does not exist in type 'Without<FileVersionCreateInput, FileVersionUncheckedCreateInput> & FileVersionUncheckedCreateInput'.
src/app/api/platform/files/route.ts(376,26): error TS2339: Property 'name' does not exist on type '{ version: number; id: string; createdAt: Date; updatedAt: Date; userId: string; expiresAt: Date | null; metadata: JsonValue; path: string; category: string | null; ... 14 more ...; lastAccessedAt: Date | null; }'.
src/app/api/platform/files/route.ts(420,9): error TS2353: Object literal may only specify known properties, and 'ownerId' does not exist in type 'FileWhereInput'.
src/app/api/platform/files/route.ts(432,9): error TS2353: Object literal may only specify known properties, and 'deletedAt' does not exist in type '(Without<FileUpdateInput, FileUncheckedUpdateInput> & FileUncheckedUpdateInput) | (Without<...> & FileUpdateInput)'.
src/app/api/platform/notifications/preferences/route.ts(33,11): error TS2353: Object literal may only specify known properties, and 'channels' does not exist in type 'Without<NotificationPreferenceCreateInput, NotificationPreferenceUncheckedCreateInput> & NotificationPreferenceUncheckedCreateInput'.
src/app/api/platform/notifications/preferences/route.ts(102,29): error TS2339: Property 'channels' does not exist on type '{ id: string; timezone: string; createdAt: Date; updatedAt: Date; userId: string; language: string; emailEnabled: boolean; smsEnabled: boolean; pushEnabled: boolean; inAppEnabled: boolean; quietHoursStart: string | null; quietHoursEnd: string | null; categories: JsonValue; frequency: string; }'.
src/app/api/platform/notifications/preferences/route.ts(110,29): error TS2339: Property 'digestFrequency' does not exist on type '{ id: string; timezone: string; createdAt: Date; updatedAt: Date; userId: string; language: string; emailEnabled: boolean; smsEnabled: boolean; pushEnabled: boolean; inAppEnabled: boolean; quietHoursStart: string | null; quietHoursEnd: string | null; categories: JsonValue; frequency: string; }'.
src/app/api/platform/notifications/preferences/route.ts(114,35): error TS2339: Property 'crisisOverride' does not exist on type '{ id: string; timezone: string; createdAt: Date; updatedAt: Date; userId: string; language: string; emailEnabled: boolean; smsEnabled: boolean; pushEnabled: boolean; inAppEnabled: boolean; quietHoursStart: string | null; quietHoursEnd: string | null; categories: JsonValue; frequency: string; }'.
src/app/api/platform/notifications/preferences/route.ts(115,39): error TS2339: Property 'escalationChain' does not exist on type '{ id: string; timezone: string; createdAt: Date; updatedAt: Date; userId: string; language: string; emailEnabled: boolean; smsEnabled: boolean; pushEnabled: boolean; inAppEnabled: boolean; quietHoursStart: string | null; quietHoursEnd: string | null; categories: JsonValue; frequency: string; }'.
src/app/api/platform/notifications/preferences/route.ts(167,21): error TS2554: Expected 2-3 arguments, but got 1.
src/app/api/platform/notifications/preferences/route.ts(187,9): error TS2353: Object literal may only specify known properties, and 'channels' does not exist in type '(Without<NotificationPreferenceUpdateInput, NotificationPreferenceUncheckedUpdateInput> & NotificationPreferenceUncheckedUpdateInput) | (Without<...> & NotificationPreferenceUpdateInput)'.
src/app/api/platform/notifications/preferences/route.ts(200,9): error TS2353: Object literal may only specify known properties, and 'channels' does not exist in type 'Without<NotificationPreferenceCreateInput, NotificationPreferenceUncheckedCreateInput> & NotificationPreferenceUncheckedCreateInput'.
src/app/api/platform/notifications/route.ts(82,7): error TS2532: Object is possibly 'undefined'.
src/app/api/platform/notifications/route.ts(167,19): error TS2554: Expected 2-3 arguments, but got 1.
src/app/api/platform/notifications/route.ts(174,7): error TS2322: Type '{ userId: string; type: "error" | "info" | "success" | "message" | "system" | "crisis" | "warning" | "appointment"; title: string; message: string; isPriority: boolean; metadata: { priority: "medium" | ... 2 more ... | "urgent"; category: "system" | ... 5 more ... | "safety"; channels: ("email" | ... 3 more ... | "p...' is not assignable to type '(Without<NotificationCreateInput, NotificationUncheckedCreateInput> & NotificationUncheckedCreateInput) | (Without<...> & NotificationCreateInput)'.
  Type '{ userId: string; type: "error" | "info" | "success" | "message" | "system" | "crisis" | "warning" | "appointment"; title: string; message: string; isPriority: boolean; metadata: { priority: "medium" | ... 2 more ... | "urgent"; category: "system" | ... 5 more ... | "safety"; channels: ("email" | ... 3 more ... | "p...' is not assignable to type 'Without<NotificationCreateInput, NotificationUncheckedCreateInput> & NotificationUncheckedCreateInput'.
    Property 'id' is missing in type '{ userId: string; type: "error" | "info" | "success" | "message" | "system" | "crisis" | "warning" | "appointment"; title: string; message: string; isPriority: boolean; metadata: { priority: "medium" | ... 2 more ... | "urgent"; category: "system" | ... 5 more ... | "safety"; channels: ("email" | ... 3 more ... | "p...' but required in type 'NotificationUncheckedCreateInput'.
src/app/api/platform/notifications/templates/route.ts(54,25): error TS2339: Property 'title' does not exist on type '{ id: string; name: string; isActive: boolean; createdAt: Date; updatedAt: Date; category: string; priority: string; channels: string[]; subject: string | null; contentTemplate: string; variables: JsonValue; }'.
src/app/api/platform/notifications/templates/route.ts(55,27): error TS2339: Property 'message' does not exist on type '{ id: string; name: string; isActive: boolean; createdAt: Date; updatedAt: Date; category: string; priority: string; channels: string[]; subject: string | null; contentTemplate: string; variables: JsonValue; }'.
src/app/api/platform/notifications/templates/route.ts(56,33): error TS2339: Property 'emailTemplate' does not exist on type '{ id: string; name: string; isActive: boolean; createdAt: Date; updatedAt: Date; category: string; priority: string; channels: string[]; subject: string | null; contentTemplate: string; variables: JsonValue; }'.
src/app/api/platform/notifications/templates/route.ts(57,31): error TS2339: Property 'smsTemplate' does not exist on type '{ id: string; name: string; isActive: boolean; createdAt: Date; updatedAt: Date; category: string; priority: string; channels: string[]; subject: string | null; contentTemplate: string; variables: JsonValue; }'.
src/app/api/platform/notifications/templates/route.ts(58,32): error TS2339: Property 'pushTemplate' does not exist on type '{ id: string; name: string; isActive: boolean; createdAt: Date; updatedAt: Date; category: string; priority: string; channels: string[]; subject: string | null; contentTemplate: string; variables: JsonValue; }'.
src/app/api/platform/notifications/templates/route.ts(60,26): error TS2339: Property 'triggers' does not exist on type '{ id: string; name: string; isActive: boolean; createdAt: Date; updatedAt: Date; category: string; priority: string; channels: string[]; subject: string | null; contentTemplate: string; variables: JsonValue; }'.
src/app/api/platform/notifications/templates/route.ts(63,27): error TS2339: Property 'userRoles' does not exist on type '{ id: string; name: string; isActive: boolean; createdAt: Date; updatedAt: Date; category: string; priority: string; channels: string[]; subject: string | null; contentTemplate: string; variables: JsonValue; }'.
src/app/api/platform/notifications/templates/route.ts(110,23): error TS2554: Expected 2-3 arguments, but got 1.
src/app/api/platform/notifications/templates/route.ts(125,9): error TS2353: Object literal may only specify known properties, and 'title' does not exist in type '(Without<NotificationTemplateCreateInput, NotificationTemplateUncheckedCreateInput> & NotificationTemplateUncheckedCreateInput) | (Without<...> & NotificationTemplateCreateInput)'.
src/app/api/platform/notifications/templates/route.ts(187,9): error TS2353: Object literal may only specify known properties, and 'title' does not exist in type '(Without<NotificationTemplateUpdateInput, NotificationTemplateUncheckedUpdateInput> & NotificationTemplateUncheckedUpdateInput) | (Without<...> & NotificationTemplateUpdateInput)'.
src/app/api/platform/search/recent/route.ts(23,41): error TS2339: Property 'searchHistory' does not exist on type 'PrismaClient<PrismaClientOptions, never, DefaultArgs>'.
src/app/api/platform/search/recent/route.ts(36,28): error TS7006: Parameter 'search' implicitly has an 'any' type.
src/app/api/platform/search/recent/route.ts(73,18): error TS2339: Property 'searchHistory' does not exist on type 'PrismaClient<PrismaClientOptions, never, DefaultArgs>'.
src/app/api/platform/search/route.ts(110,24): error TS2339: Property 'title' does not exist on type '{ User: { role: UserRole; id: string; displayName: string | null; }; } & { id: string; createdAt: Date; updatedAt: Date; userId: string; encryptedTags: JsonValue; encryptedTitle: string | null; encryptedContent: string; isPrivate: boolean; sentiment: number | null; }'.
src/app/api/platform/search/route.ts(111,26): error TS2339: Property 'content' does not exist on type '{ User: { role: UserRole; id: string; displayName: string | null; }; } & { id: string; createdAt: Date; updatedAt: Date; userId: string; encryptedTags: JsonValue; encryptedTitle: string | null; encryptedContent: string; isPrivate: boolean; sentiment: number | null; }'.
src/app/api/platform/search/route.ts(112,26): error TS2339: Property 'content' does not exist on type '{ User: { role: UserRole; id: string; displayName: string | null; }; } & { id: string; createdAt: Date; updatedAt: Date; userId: string; encryptedTags: JsonValue; encryptedTitle: string | null; encryptedContent: string; isPrivate: boolean; sentiment: number | null; }'.
src/app/api/platform/search/route.ts(120,23): error TS2339: Property 'tags' does not exist on type '{ User: { role: UserRole; id: string; displayName: string | null; }; } & { id: string; createdAt: Date; updatedAt: Date; userId: string; encryptedTags: JsonValue; encryptedTitle: string | null; encryptedContent: string; isPrivate: boolean; sentiment: number | null; }'.
src/app/api/platform/search/route.ts(122,52): error TS2339: Property 'title' does not exist on type '{ User: { role: UserRole; id: string; displayName: string | null; }; } & { id: string; createdAt: Date; updatedAt: Date; userId: string; encryptedTags: JsonValue; encryptedTitle: string | null; encryptedContent: string; isPrivate: boolean; sentiment: number | null; }'.
src/app/api/platform/search/route.ts(122,74): error TS2339: Property 'content' does not exist on type '{ User: { role: UserRole; id: string; displayName: string | null; }; } & { id: string; createdAt: Date; updatedAt: Date; userId: string; encryptedTags: JsonValue; encryptedTitle: string | null; encryptedContent: string; isPrivate: boolean; sentiment: number | null; }'.
src/app/api/platform/search/route.ts(124,30): error TS2339: Property 'content' does not exist on type '{ User: { role: UserRole; id: string; displayName: string | null; }; } & { id: string; createdAt: Date; updatedAt: Date; userId: string; encryptedTags: JsonValue; encryptedTitle: string | null; encryptedContent: string; isPrivate: boolean; sentiment: number | null; }'.
src/app/api/platform/search/route.ts(125,39): error TS2339: Property 'content' does not exist on type '{ User: { role: UserRole; id: string; displayName: string | null; }; } & { id: string; createdAt: Date; updatedAt: Date; userId: string; encryptedTags: JsonValue; encryptedTitle: string | null; encryptedContent: string; isPrivate: boolean; sentiment: number | null; }'.
src/app/api/platform/search/route.ts(146,9): error TS1117: An object literal cannot have multiple properties with the same name.
src/app/api/platform/search/route.ts(154,9): error TS2353: Object literal may only specify known properties, and 'therapist' does not exist in type 'TherapistSessionInclude<DefaultArgs>'.
src/app/api/platform/search/route.ts(169,54): error TS2551: Property 'sessionDate' does not exist on type '{ status: TherapySessionStatus; type: SessionType; clientId: string; id: string; createdAt: Date; updatedAt: Date; duration: number; sessionType: SessionCategory; ... 6 more ...; notesEncrypted: JsonValue; }'. Did you mean 'sessionType'?
src/app/api/platform/search/route.ts(170,26): error TS2339: Property 'notes' does not exist on type '{ status: TherapySessionStatus; type: SessionType; clientId: string; id: string; createdAt: Date; updatedAt: Date; duration: number; sessionType: SessionCategory; ... 6 more ...; notesEncrypted: JsonValue; }'.
src/app/api/platform/search/route.ts(171,27): error TS2339: Property 'notes' does not exist on type '{ status: TherapySessionStatus; type: SessionType; clientId: string; id: string; createdAt: Date; updatedAt: Date; duration: number; sessionType: SessionCategory; ... 6 more ...; notesEncrypted: JsonValue; }'.
src/app/api/platform/search/route.ts(173,23): error TS2551: Property 'therapist' does not exist on type '{ status: TherapySessionStatus; type: SessionType; clientId: string; id: string; createdAt: Date; updatedAt: Date; duration: number; sessionType: SessionCategory; ... 6 more ...; notesEncrypted: JsonValue; }'. Did you mean 'therapistId'?
src/app/api/platform/search/route.ts(174,25): error TS2551: Property 'therapist' does not exist on type '{ status: TherapySessionStatus; type: SessionType; clientId: string; id: string; createdAt: Date; updatedAt: Date; duration: number; sessionType: SessionCategory; ... 6 more ...; notesEncrypted: JsonValue; }'. Did you mean 'therapistId'?
src/app/api/platform/search/route.ts(175,25): error TS2551: Property 'therapist' does not exist on type '{ status: TherapySessionStatus; type: SessionType; clientId: string; id: string; createdAt: Date; updatedAt: Date; duration: number; sessionType: SessionCategory; ... 6 more ...; notesEncrypted: JsonValue; }'. Did you mean 'therapistId'?
src/app/api/platform/search/route.ts(179,23): error TS2339: Property 'goals' does not exist on type '{ status: TherapySessionStatus; type: SessionType; clientId: string; id: string; createdAt: Date; updatedAt: Date; duration: number; sessionType: SessionCategory; ... 6 more ...; notesEncrypted: JsonValue; }'.
src/app/api/platform/search/route.ts(181,52): error TS2339: Property 'notes' does not exist on type '{ status: TherapySessionStatus; type: SessionType; clientId: string; id: string; createdAt: Date; updatedAt: Date; duration: number; sessionType: SessionCategory; ... 6 more ...; notesEncrypted: JsonValue; }'.
src/app/api/platform/search/route.ts(183,31): error TS2339: Property 'notes' does not exist on type '{ status: TherapySessionStatus; type: SessionType; clientId: string; id: string; createdAt: Date; updatedAt: Date; duration: number; sessionType: SessionCategory; ... 6 more ...; notesEncrypted: JsonValue; }'.
src/app/api/platform/search/route.ts(184,40): error TS2339: Property 'notes' does not exist on type '{ status: TherapySessionStatus; type: SessionType; clientId: string; id: string; createdAt: Date; updatedAt: Date; duration: number; sessionType: SessionCategory; ... 6 more ...; notesEncrypted: JsonValue; }'.
src/app/api/platform/search/route.ts(200,38): error TS2339: Property 'crisisPlan' does not exist on type 'PrismaClient<PrismaClientOptions, never, DefaultArgs>'.
src/app/api/platform/search/route.ts(224,25): error TS7006: Parameter 'plan' implicitly has an 'any' type.
src/app/api/platform/search/route.ts(292,13): error TS2353: Object literal may only specify known properties, and 'likes' does not exist in type 'CommunityPostCountOutputTypeSelect<DefaultArgs>'.
src/app/api/platform/search/route.ts(308,20): error TS2551: Property 'author' does not exist on type '{ id: string; createdAt: Date; updatedAt: Date; title: string; category: string; authorId: string | null; content: string; isAnonymous: boolean; isPinned: boolean; isModerated: boolean; viewCount: number; likeCount: number; }'. Did you mean 'authorId'?
src/app/api/platform/search/route.ts(309,22): error TS2551: Property 'author' does not exist on type '{ id: string; createdAt: Date; updatedAt: Date; title: string; category: string; authorId: string | null; content: string; isAnonymous: boolean; isPinned: boolean; isModerated: boolean; viewCount: number; likeCount: number; }'. Did you mean 'authorId'?
src/app/api/platform/search/route.ts(310,22): error TS2551: Property 'author' does not exist on type '{ id: string; createdAt: Date; updatedAt: Date; title: string; category: string; authorId: string | null; content: string; isAnonymous: boolean; isPinned: boolean; isModerated: boolean; viewCount: number; likeCount: number; }'. Did you mean 'authorId'?
src/app/api/platform/search/route.ts(314,20): error TS2339: Property 'tags' does not exist on type '{ id: string; createdAt: Date; updatedAt: Date; title: string; category: string; authorId: string | null; content: string; isAnonymous: boolean; isPinned: boolean; isModerated: boolean; viewCount: number; likeCount: number; }'.
src/app/api/platform/search/route.ts(321,27): error TS2339: Property '_count' does not exist on type '{ id: string; createdAt: Date; updatedAt: Date; title: string; category: string; authorId: string | null; content: string; isAnonymous: boolean; isPinned: boolean; isModerated: boolean; viewCount: number; likeCount: number; }'.
src/app/api/platform/search/route.ts(322,30): error TS2339: Property '_count' does not exist on type '{ id: string; createdAt: Date; updatedAt: Date; title: string; category: string; authorId: string | null; content: string; isAnonymous: boolean; isPinned: boolean; isModerated: boolean; viewCount: number; likeCount: number; }'.
src/app/api/platform/search/route.ts(323,28): error TS2339: Property 'isFeatured' does not exist on type '{ id: string; createdAt: Date; updatedAt: Date; title: string; category: string; authorId: string | null; content: string; isAnonymous: boolean; isPinned: boolean; isModerated: boolean; viewCount: number; likeCount: number; }'.
src/app/api/platform/search/route.ts(336,36): error TS2339: Property 'resource' does not exist on type 'PrismaClient<PrismaClientOptions, never, DefaultArgs>'.
src/app/api/platform/search/route.ts(360,23): error TS7006: Parameter 'resource' implicitly has an 'any' type.
src/app/api/platform/search/route.ts(551,18): error TS2339: Property 'searchHistory' does not exist on type 'PrismaClient<PrismaClientOptions, never, DefaultArgs>'.
src/app/api/platform/search/route.ts(564,18): error TS2339: Property 'searchHistory' does not exist on type 'PrismaClient<PrismaClientOptions, never, DefaultArgs>'.
src/app/api/platform/search/route.ts(612,38): error TS2339: Property 'savedSearch' does not exist on type 'PrismaClient<PrismaClientOptions, never, DefaultArgs>'.
src/app/api/platform/search/saved/route.ts(22,40): error TS2339: Property 'savedSearch' does not exist on type 'PrismaClient<PrismaClientOptions, never, DefaultArgs>'.
src/app/api/platform/search/saved/route.ts(29,40): error TS7006: Parameter 'search' implicitly has an 'any' type.
src/app/api/platform/search/saved/route.ts(68,38): error TS2339: Property 'savedSearch' does not exist on type 'PrismaClient<PrismaClientOptions, never, DefaultArgs>'.
src/app/api/platform/search/saved/route.ts(119,38): error TS2339: Property 'savedSearch' does not exist on type 'PrismaClient<PrismaClientOptions, never, DefaultArgs>'.
src/app/api/platform/search/saved/route.ts(175,18): error TS2339: Property 'savedSearch' does not exist on type 'PrismaClient<PrismaClientOptions, never, DefaultArgs>'.
src/app/api/platform/search/suggestions/route.ts(34,45): error TS2339: Property 'searchHistory' does not exist on type 'PrismaClient<PrismaClientOptions, never, DefaultArgs>'.
src/app/api/platform/search/suggestions/route.ts(48,48): error TS7006: Parameter 's' implicitly has an 'any' type.
src/app/api/platform/search/suggestions/route.ts(54,11): error TS2353: Object literal may only specify known properties, and 'tags' does not exist in type 'JournalEntryWhereInput'.
src/app/api/platform/search/suggestions/route.ts(58,19): error TS2353: Object literal may only specify known properties, and 'tags' does not exist in type 'JournalEntrySelect<DefaultArgs>'.
src/app/api/platform/search/suggestions/route.ts(64,15): error TS2339: Property 'tags' does not exist on type '{ id: string; createdAt: Date; updatedAt: Date; userId: string; encryptedTags: JsonValue; encryptedTitle: string | null; encryptedContent: string; isPrivate: boolean; sentiment: number | null; }'.
src/app/api/platform/search/suggestions/route.ts(64,29): error TS7006: Parameter 'tag' implicitly has an 'any' type.
src/app/api/platform/search/suggestions/route.ts(78,15): error TS2353: Object literal may only specify known properties, and 'isPublic' does not exist in type 'CommunityPostWhereInput'.
src/app/api/platform/search/suggestions/route.ts(93,38): error TS2339: Property 'resource' does not exist on type 'PrismaClient<PrismaClientOptions, never, DefaultArgs>'.
src/app/api/platform/search/suggestions/route.ts(106,41): error TS7006: Parameter 'r' implicitly has an 'any' type.
src/app/api/platform/search/suggestions/route.ts(109,45): error TS2339: Property 'searchHistory' does not exist on type 'PrismaClient<PrismaClientOptions, never, DefaultArgs>'.
src/app/api/platform/search/suggestions/route.ts(127,48): error TS7006: Parameter 's' implicitly has an 'any' type.
src/app/api/therapist/clients/[clientId]/route.ts(104,25): error TS2339: Property 'address' does not exist on type '{ sessions: { status: TherapySessionStatus; type: SessionType; clientId: string; id: string; createdAt: Date; updatedAt: Date; duration: number; ... 7 more ...; notesEncrypted: JsonValue; }[]; ... 31 more ...; insuranceInfoEncrypted: JsonValue; }'.
src/app/api/therapist/clients/[clientId]/route.ts(107,25): error TS2339: Property 'address' does not exist on type '{ sessions: { status: TherapySessionStatus; type: SessionType; clientId: string; id: string; createdAt: Date; updatedAt: Date; duration: number; ... 7 more ...; notesEncrypted: JsonValue; }[]; ... 31 more ...; insuranceInfoEncrypted: JsonValue; }'.
src/app/api/therapist/clients/[clientId]/route.ts(113,25): error TS2339: Property 'emergencyContact' does not exist on type '{ sessions: { status: TherapySessionStatus; type: SessionType; clientId: string; id: string; createdAt: Date; updatedAt: Date; duration: number; ... 7 more ...; notesEncrypted: JsonValue; }[]; ... 31 more ...; insuranceInfoEncrypted: JsonValue; }'.
src/app/api/therapist/clients/[clientId]/route.ts(116,25): error TS2339: Property 'emergencyContact' does not exist on type '{ sessions: { status: TherapySessionStatus; type: SessionType; clientId: string; id: string; createdAt: Date; updatedAt: Date; duration: number; ... 7 more ...; notesEncrypted: JsonValue; }[]; ... 31 more ...; insuranceInfoEncrypted: JsonValue; }'.
src/app/api/therapist/clients/[clientId]/route.ts(122,25): error TS2339: Property 'treatmentGoals' does not exist on type '{ sessions: { status: TherapySessionStatus; type: SessionType; clientId: string; id: string; createdAt: Date; updatedAt: Date; duration: number; ... 7 more ...; notesEncrypted: JsonValue; }[]; ... 31 more ...; insuranceInfoEncrypted: JsonValue; }'.
src/app/api/therapist/clients/[clientId]/route.ts(124,25): error TS2339: Property 'treatmentGoals' does not exist on type '{ sessions: { status: TherapySessionStatus; type: SessionType; clientId: string; id: string; createdAt: Date; updatedAt: Date; duration: number; ... 7 more ...; notesEncrypted: JsonValue; }[]; ... 31 more ...; insuranceInfoEncrypted: JsonValue; }'.
src/app/api/therapist/clients/[clientId]/route.ts(130,25): error TS2339: Property 'medications' does not exist on type '{ sessions: { status: TherapySessionStatus; type: SessionType; clientId: string; id: string; createdAt: Date; updatedAt: Date; duration: number; ... 7 more ...; notesEncrypted: JsonValue; }[]; ... 31 more ...; insuranceInfoEncrypted: JsonValue; }'.
src/app/api/therapist/clients/[clientId]/route.ts(132,25): error TS2339: Property 'medications' does not exist on type '{ sessions: { status: TherapySessionStatus; type: SessionType; clientId: string; id: string; createdAt: Date; updatedAt: Date; duration: number; ... 7 more ...; notesEncrypted: JsonValue; }[]; ... 31 more ...; insuranceInfoEncrypted: JsonValue; }'.
src/app/api/therapist/clients/[clientId]/route.ts(138,25): error TS2339: Property 'insuranceInfo' does not exist on type '{ sessions: { status: TherapySessionStatus; type: SessionType; clientId: string; id: string; createdAt: Date; updatedAt: Date; duration: number; ... 7 more ...; notesEncrypted: JsonValue; }[]; ... 31 more ...; insuranceInfoEncrypted: JsonValue; }'.
src/app/api/therapist/clients/[clientId]/route.ts(140,25): error TS2339: Property 'insuranceInfo' does not exist on type '{ sessions: { status: TherapySessionStatus; type: SessionType; clientId: string; id: string; createdAt: Date; updatedAt: Date; duration: number; ... 7 more ...; notesEncrypted: JsonValue; }[]; ... 31 more ...; insuranceInfoEncrypted: JsonValue; }'.
src/app/api/therapist/clients/[clientId]/route.ts(149,25): error TS2339: Property 'content' does not exist on type '{ type: NoteType; clientId: string; id: string; createdAt: Date; updatedAt: Date; date: Date; therapistId: string; contentEncrypted: JsonValue; riskAssessment: RiskLevel | null; }'.
src/app/api/therapist/clients/[clientId]/route.ts(151,25): error TS2339: Property 'content' does not exist on type '{ type: NoteType; clientId: string; id: string; createdAt: Date; updatedAt: Date; date: Date; therapistId: string; contentEncrypted: JsonValue; riskAssessment: RiskLevel | null; }'.
src/app/api/therapist/clients/[clientId]/route.ts(154,14): error TS2790: The operand of a 'delete' operator must be optional.
src/app/api/therapist/clients/[clientId]/route.ts(163,31): error TS2339: Property 'score' does not exist on type '{ type: string; clientId: string; id: string; createdAt: Date; updatedAt: Date; date: Date; therapistId: string; scoreEncrypted: JsonValue; interpretationEncrypted: JsonValue; }'.
src/app/api/therapist/clients/[clientId]/route.ts(165,31): error TS2339: Property 'score' does not exist on type '{ type: string; clientId: string; id: string; createdAt: Date; updatedAt: Date; date: Date; therapistId: string; scoreEncrypted: JsonValue; interpretationEncrypted: JsonValue; }'.
src/app/api/therapist/clients/[clientId]/route.ts(170,31): error TS2339: Property 'interpretation' does not exist on type '{ type: string; clientId: string; id: string; createdAt: Date; updatedAt: Date; date: Date; therapistId: string; scoreEncrypted: JsonValue; interpretationEncrypted: JsonValue; }'.
src/app/api/therapist/clients/[clientId]/route.ts(172,31): error TS2339: Property 'interpretation' does not exist on type '{ type: string; clientId: string; id: string; createdAt: Date; updatedAt: Date; date: Date; therapistId: string; scoreEncrypted: JsonValue; interpretationEncrypted: JsonValue; }'.
src/app/api/therapist/clients/[clientId]/route.ts(175,14): error TS2790: The operand of a 'delete' operator must be optional.
src/app/api/therapist/clients/[clientId]/route.ts(176,14): error TS2790: The operand of a 'delete' operator must be optional.
src/app/api/therapist/clients/[clientId]/route.ts(181,12): error TS2790: The operand of a 'delete' operator must be optional.
src/app/api/therapist/clients/[clientId]/route.ts(182,12): error TS2790: The operand of a 'delete' operator must be optional.
src/app/api/therapist/clients/[clientId]/route.ts(183,12): error TS2790: The operand of a 'delete' operator must be optional.
src/app/api/therapist/clients/[clientId]/route.ts(184,12): error TS2790: The operand of a 'delete' operator must be optional.
src/app/api/therapist/clients/[clientId]/route.ts(185,12): error TS2790: The operand of a 'delete' operator must be optional.
src/app/api/therapist/clients/[clientId]/route.ts(189,7): error TS2322: Type '{ userId: string; action: string; resource: string; resourceId: string; outcome: string; }' is not assignable to type '(Without<AuditLogCreateInput, AuditLogUncheckedCreateInput> & AuditLogUncheckedCreateInput) | (Without<...> & AuditLogCreateInput)'.
  Type '{ userId: string; action: string; resource: string; resourceId: string; outcome: string; }' is not assignable to type 'Without<AuditLogCreateInput, AuditLogUncheckedCreateInput> & AuditLogUncheckedCreateInput'.
    Property 'id' is missing in type '{ userId: string; action: string; resource: string; resourceId: string; outcome: string; }' but required in type 'AuditLogUncheckedCreateInput'.
src/app/api/therapist/clients/[clientId]/route.ts(291,7): error TS2322: Type '{ userId: string; action: string; resource: string; resourceId: string; outcome: string; details: { fieldsUpdated: string[]; }; }' is not assignable to type '(Without<AuditLogCreateInput, AuditLogUncheckedCreateInput> & AuditLogUncheckedCreateInput) | (Without<...> & AuditLogCreateInput)'.
  Type '{ userId: string; action: string; resource: string; resourceId: string; outcome: string; details: { fieldsUpdated: string[]; }; }' is not assignable to type 'Without<AuditLogCreateInput, AuditLogUncheckedCreateInput> & AuditLogUncheckedCreateInput'.
    Property 'id' is missing in type '{ userId: string; action: string; resource: string; resourceId: string; outcome: string; details: { fieldsUpdated: string[]; }; }' but required in type 'AuditLogUncheckedCreateInput'.
src/app/api/therapist/clients/[clientId]/route.ts(305,12): error TS2790: The operand of a 'delete' operator must be optional.
src/app/api/therapist/clients/[clientId]/route.ts(306,12): error TS2790: The operand of a 'delete' operator must be optional.
src/app/api/therapist/clients/[clientId]/route.ts(307,12): error TS2790: The operand of a 'delete' operator must be optional.
src/app/api/therapist/clients/[clientId]/route.ts(308,12): error TS2790: The operand of a 'delete' operator must be optional.
src/app/api/therapist/clients/[clientId]/route.ts(309,12): error TS2790: The operand of a 'delete' operator must be optional.
src/app/api/therapist/clients/[clientId]/route.ts(316,50): error TS2339: Property 'errors' does not exist on type 'ZodError<unknown>'.
src/app/api/therapist/clients/[clientId]/route.ts(370,7): error TS2322: Type '{ userId: string; action: string; resource: string; resourceId: string; outcome: string; }' is not assignable to type '(Without<AuditLogCreateInput, AuditLogUncheckedCreateInput> & AuditLogUncheckedCreateInput) | (Without<...> & AuditLogCreateInput)'.
  Type '{ userId: string; action: string; resource: string; resourceId: string; outcome: string; }' is not assignable to type 'Without<AuditLogCreateInput, AuditLogUncheckedCreateInput> & AuditLogUncheckedCreateInput'.
    Property 'id' is missing in type '{ userId: string; action: string; resource: string; resourceId: string; outcome: string; }' but required in type 'AuditLogUncheckedCreateInput'.
src/app/api/therapist/clients/route.ts(124,21): error TS2339: Property 'address' does not exist on type '{ sessions: { status: TherapySessionStatus; type: SessionType; clientId: string; id: string; createdAt: Date; updatedAt: Date; duration: number; ... 7 more ...; notesEncrypted: JsonValue; }[]; ... 31 more ...; insuranceInfoEncrypted: JsonValue; }'.
src/app/api/therapist/clients/route.ts(127,21): error TS2339: Property 'address' does not exist on type '{ sessions: { status: TherapySessionStatus; type: SessionType; clientId: string; id: string; createdAt: Date; updatedAt: Date; duration: number; ... 7 more ...; notesEncrypted: JsonValue; }[]; ... 31 more ...; insuranceInfoEncrypted: JsonValue; }'.
src/app/api/therapist/clients/route.ts(133,21): error TS2339: Property 'emergencyContact' does not exist on type '{ sessions: { status: TherapySessionStatus; type: SessionType; clientId: string; id: string; createdAt: Date; updatedAt: Date; duration: number; ... 7 more ...; notesEncrypted: JsonValue; }[]; ... 31 more ...; insuranceInfoEncrypted: JsonValue; }'.
src/app/api/therapist/clients/route.ts(136,21): error TS2339: Property 'emergencyContact' does not exist on type '{ sessions: { status: TherapySessionStatus; type: SessionType; clientId: string; id: string; createdAt: Date; updatedAt: Date; duration: number; ... 7 more ...; notesEncrypted: JsonValue; }[]; ... 31 more ...; insuranceInfoEncrypted: JsonValue; }'.
src/app/api/therapist/clients/route.ts(142,21): error TS2339: Property 'treatmentGoals' does not exist on type '{ sessions: { status: TherapySessionStatus; type: SessionType; clientId: string; id: string; createdAt: Date; updatedAt: Date; duration: number; ... 7 more ...; notesEncrypted: JsonValue; }[]; ... 31 more ...; insuranceInfoEncrypted: JsonValue; }'.
src/app/api/therapist/clients/route.ts(144,21): error TS2339: Property 'treatmentGoals' does not exist on type '{ sessions: { status: TherapySessionStatus; type: SessionType; clientId: string; id: string; createdAt: Date; updatedAt: Date; duration: number; ... 7 more ...; notesEncrypted: JsonValue; }[]; ... 31 more ...; insuranceInfoEncrypted: JsonValue; }'.
src/app/api/therapist/clients/route.ts(150,21): error TS2339: Property 'medications' does not exist on type '{ sessions: { status: TherapySessionStatus; type: SessionType; clientId: string; id: string; createdAt: Date; updatedAt: Date; duration: number; ... 7 more ...; notesEncrypted: JsonValue; }[]; ... 31 more ...; insuranceInfoEncrypted: JsonValue; }'.
src/app/api/therapist/clients/route.ts(152,21): error TS2339: Property 'medications' does not exist on type '{ sessions: { status: TherapySessionStatus; type: SessionType; clientId: string; id: string; createdAt: Date; updatedAt: Date; duration: number; ... 7 more ...; notesEncrypted: JsonValue; }[]; ... 31 more ...; insuranceInfoEncrypted: JsonValue; }'.
src/app/api/therapist/clients/route.ts(158,21): error TS2339: Property 'insuranceInfo' does not exist on type '{ sessions: { status: TherapySessionStatus; type: SessionType; clientId: string; id: string; createdAt: Date; updatedAt: Date; duration: number; ... 7 more ...; notesEncrypted: JsonValue; }[]; ... 31 more ...; insuranceInfoEncrypted: JsonValue; }'.
src/app/api/therapist/clients/route.ts(160,21): error TS2339: Property 'insuranceInfo' does not exist on type '{ sessions: { status: TherapySessionStatus; type: SessionType; clientId: string; id: string; createdAt: Date; updatedAt: Date; duration: number; ... 7 more ...; notesEncrypted: JsonValue; }[]; ... 31 more ...; insuranceInfoEncrypted: JsonValue; }'.
src/app/api/therapist/clients/route.ts(165,14): error TS2790: The operand of a 'delete' operator must be optional.
src/app/api/therapist/clients/route.ts(166,14): error TS2790: The operand of a 'delete' operator must be optional.
src/app/api/therapist/clients/route.ts(167,14): error TS2790: The operand of a 'delete' operator must be optional.
src/app/api/therapist/clients/route.ts(168,14): error TS2790: The operand of a 'delete' operator must be optional.
src/app/api/therapist/clients/route.ts(169,14): error TS2790: The operand of a 'delete' operator must be optional.
src/app/api/therapist/clients/route.ts(172,17): error TS2339: Property 'nextSession' does not exist on type '{ sessions: { status: TherapySessionStatus; type: SessionType; clientId: string; id: string; createdAt: Date; updatedAt: Date; duration: number; ... 7 more ...; notesEncrypted: JsonValue; }[]; ... 31 more ...; insuranceInfoEncrypted: JsonValue; }'.
src/app/api/therapist/clients/route.ts(237,7): error TS2322: Type '{ primaryDiagnosis: string | undefined; treatmentModality: string | undefined; sessionFrequency: string | undefined; secondaryDiagnoses: any; allergies: any; intakeDate: Date; ... 14 more ...; gender: string; }' is not assignable to type '(Without<TherapistClientCreateInput, TherapistClientUncheckedCreateInput> & TherapistClientUncheckedCreateInput) | (Without<...> & TherapistClientCreateInput)'.
  Type '{ primaryDiagnosis: string | undefined; treatmentModality: string | undefined; sessionFrequency: string | undefined; secondaryDiagnoses: any; allergies: any; intakeDate: Date; ... 14 more ...; gender: string; }' is not assignable to type 'Without<TherapistClientCreateInput, TherapistClientUncheckedCreateInput> & TherapistClientUncheckedCreateInput'.
    Type '{ primaryDiagnosis: string | undefined; treatmentModality: string | undefined; sessionFrequency: string | undefined; secondaryDiagnoses: any; allergies: any; intakeDate: Date; ... 14 more ...; gender: string; }' is not assignable to type 'TherapistClientUncheckedCreateInput'.
      Types of property 'addressEncrypted' are incompatible.
        Type 'EncryptedField' is not assignable to type 'JsonNull | InputJsonValue'.
          Type 'EncryptedField' is not assignable to type 'InputJsonObject'.
            Index signature for type 'string' is missing in type 'EncryptedField'.
src/app/api/therapist/clients/route.ts(285,12): error TS2790: The operand of a 'delete' operator must be optional.
src/app/api/therapist/clients/route.ts(286,12): error TS2790: The operand of a 'delete' operator must be optional.
src/app/api/therapist/clients/route.ts(287,12): error TS2790: The operand of a 'delete' operator must be optional.
src/app/api/therapist/clients/route.ts(288,12): error TS2790: The operand of a 'delete' operator must be optional.
src/app/api/therapist/clients/route.ts(289,12): error TS2790: The operand of a 'delete' operator must be optional.
src/app/api/therapist/clients/route.ts(296,50): error TS2339: Property 'errors' does not exist on type 'ZodError<unknown>'.
src/app/api/therapist/session-notes/route.ts(263,7): error TS2322: Type '{ riskAssessment: any; supervisorReview: boolean; billable: boolean; insuranceCode: string | undefined; isTemplate: boolean; tags: string[]; sessionGoalsEncrypted: EncryptedField; ... 13 more ...; treatmentModality: string; }' is not assignable to type '(Without<TherapySessionNoteCreateInput, TherapySessionNoteUncheckedCreateInput> & TherapySessionNoteUncheckedCreateInput) | (Without<...> & TherapySessionNoteCreateInput)'.
  Type '{ riskAssessment: any; supervisorReview: boolean; billable: boolean; insuranceCode: string | undefined; isTemplate: boolean; tags: string[]; sessionGoalsEncrypted: EncryptedField; ... 13 more ...; treatmentModality: string; }' is not assignable to type 'Without<TherapySessionNoteCreateInput, TherapySessionNoteUncheckedCreateInput> & TherapySessionNoteUncheckedCreateInput'.
    Type '{ riskAssessment: any; supervisorReview: boolean; billable: boolean; insuranceCode: string | undefined; isTemplate: boolean; tags: string[]; sessionGoalsEncrypted: EncryptedField; ... 13 more ...; treatmentModality: string; }' is not assignable to type 'TherapySessionNoteUncheckedCreateInput'.
      Types of property 'sessionGoalsEncrypted' are incompatible.
        Type 'EncryptedField' is not assignable to type 'JsonNull | InputJsonValue'.
          Type 'EncryptedField' is not assignable to type 'InputJsonObject'.
            Index signature for type 'string' is missing in type 'EncryptedField'.
src/app/api/therapist/session-notes/route.ts(292,7): error TS2322: Type '{ userId: string; action: string; resource: string; resourceId: string; outcome: string; details: { clientId: string; sessionDate: string; }; }' is not assignable to type '(Without<AuditLogCreateInput, AuditLogUncheckedCreateInput> & AuditLogUncheckedCreateInput) | (Without<...> & AuditLogCreateInput)'.
  Type '{ userId: string; action: string; resource: string; resourceId: string; outcome: string; details: { clientId: string; sessionDate: string; }; }' is not assignable to type 'Without<AuditLogCreateInput, AuditLogUncheckedCreateInput> & AuditLogUncheckedCreateInput'.
    Property 'id' is missing in type '{ userId: string; action: string; resource: string; resourceId: string; outcome: string; details: { clientId: string; sessionDate: string; }; }' but required in type 'AuditLogUncheckedCreateInput'.
src/app/api/therapist/session-notes/route.ts(320,50): error TS2339: Property 'errors' does not exist on type 'ZodError<unknown>'.
src/app/api/therapist/sessions/route.ts(133,21): error TS2339: Property 'notes' does not exist on type '{ client: { status: ClientStatus; id: string; email: string; firstName: string; lastName: string; phone: string; riskLevel: RiskLevel; clientNumber: string; }; sessionNotes: { ...; }[]; ... 14 more ...; notesEncrypted: JsonValue; }'.
src/app/api/therapist/sessions/route.ts(136,21): error TS2339: Property 'notes' does not exist on type '{ client: { status: ClientStatus; id: string; email: string; firstName: string; lastName: string; phone: string; riskLevel: RiskLevel; clientNumber: string; }; sessionNotes: { ...; }[]; ... 14 more ...; notesEncrypted: JsonValue; }'.
src/app/api/therapist/sessions/route.ts(140,14): error TS2790: The operand of a 'delete' operator must be optional.
src/app/api/therapist/sessions/route.ts(272,9): error TS2322: Type 'EncryptedField | null' is not assignable to type 'NullableJsonNullValueInput | InputJsonValue | undefined'.
  Type 'null' is not assignable to type 'NullableJsonNullValueInput | InputJsonValue | undefined'.
src/app/api/therapist/sessions/route.ts(300,9): error TS2322: Type '{ userId: string; type: string; title: string; message: string; isPriority: true; metadata: { sessionId: string; clientId: string; }; }' is not assignable to type '(Without<NotificationCreateInput, NotificationUncheckedCreateInput> & NotificationUncheckedCreateInput) | (Without<...> & NotificationCreateInput)'.
  Type '{ userId: string; type: string; title: string; message: string; isPriority: true; metadata: { sessionId: string; clientId: string; }; }' is not assignable to type 'Without<NotificationCreateInput, NotificationUncheckedCreateInput> & NotificationUncheckedCreateInput'.
    Property 'id' is missing in type '{ userId: string; type: string; title: string; message: string; isPriority: true; metadata: { sessionId: string; clientId: string; }; }' but required in type 'NotificationUncheckedCreateInput'.
src/app/api/therapist/sessions/route.ts(335,12): error TS2790: The operand of a 'delete' operator must be optional.
src/app/api/therapist/sessions/route.ts(342,50): error TS2339: Property 'errors' does not exist on type 'ZodError<unknown>'.
src/app/api/therapy/appointments/route.ts(13,10): error TS2305: Module '"@/lib/encryption"' has no exported member 'encryptJSON'.
src/app/api/therapy/appointments/route.ts(13,23): error TS2305: Module '"@/lib/encryption"' has no exported member 'decryptJSON'.
src/app/api/therapy/appointments/route.ts(305,11): error TS2322: Type '{ userId: string; professionalId: string; scheduledAt: Date; duration: number; type: "group" | "crisis" | "initial" | "follow_up" | "teletherapy"; status: string; encryptedNotes: any; meetingUrl: string | null; }' is not assignable to type '(Without<AppointmentCreateInput, AppointmentUncheckedCreateInput> & AppointmentUncheckedCreateInput) | (Without<...> & AppointmentCreateInput)'.
  Type '{ userId: string; professionalId: string; scheduledAt: Date; duration: number; type: "group" | "crisis" | "initial" | "follow_up" | "teletherapy"; status: string; encryptedNotes: any; meetingUrl: string | null; }' is not assignable to type 'Without<AppointmentCreateInput, AppointmentUncheckedCreateInput> & AppointmentUncheckedCreateInput'.
    Type '{ userId: string; professionalId: string; scheduledAt: Date; duration: number; type: "group" | "crisis" | "initial" | "follow_up" | "teletherapy"; status: string; encryptedNotes: any; meetingUrl: string | null; }' is missing the following properties from type 'AppointmentUncheckedCreateInput': id, updatedAt
src/app/api/therapy/appointments/route.ts(344,9): error TS2322: Type '{ userId: string; professionalId: string; scheduledAt: Date; duration: number; type: "group" | "crisis" | "initial" | "follow_up" | "teletherapy"; status: string; encryptedNotes: any; meetingUrl: string | null; }' is not assignable to type '(Without<AppointmentCreateInput, AppointmentUncheckedCreateInput> & AppointmentUncheckedCreateInput) | (Without<...> & AppointmentCreateInput)'.
  Type '{ userId: string; professionalId: string; scheduledAt: Date; duration: number; type: "group" | "crisis" | "initial" | "follow_up" | "teletherapy"; status: string; encryptedNotes: any; meetingUrl: string | null; }' is not assignable to type 'Without<AppointmentCreateInput, AppointmentUncheckedCreateInput> & AppointmentUncheckedCreateInput'.
    Type '{ userId: string; professionalId: string; scheduledAt: Date; duration: number; type: "group" | "crisis" | "initial" | "follow_up" | "teletherapy"; status: string; encryptedNotes: any; meetingUrl: string | null; }' is missing the following properties from type 'AppointmentUncheckedCreateInput': id, updatedAt
src/app/api/therapy/appointments/route.ts(381,15): error TS2322: Type '{ userId: string; type: string; title: string; message: string; isPriority: boolean; metadata: { appointmentId: string; scheduledAt: Date; duration: number; type: string; location: "phone" | "office" | "virtual"; meetingUrl: string | null; }; createdAt: Date; }' is not assignable to type '(Without<NotificationCreateInput, NotificationUncheckedCreateInput> & NotificationUncheckedCreateInput) | (Without<...> & NotificationCreateInput)'.
  Type '{ userId: string; type: string; title: string; message: string; isPriority: boolean; metadata: { appointmentId: string; scheduledAt: Date; duration: number; type: string; location: "phone" | "office" | "virtual"; meetingUrl: string | null; }; createdAt: Date; }' is not assignable to type 'Without<NotificationCreateInput, NotificationUncheckedCreateInput> & NotificationUncheckedCreateInput'.
    Property 'id' is missing in type '{ userId: string; type: string; title: string; message: string; isPriority: boolean; metadata: { appointmentId: string; scheduledAt: Date; duration: number; type: string; location: "phone" | "office" | "virtual"; meetingUrl: string | null; }; createdAt: Date; }' but required in type 'NotificationUncheckedCreateInput'.
src/app/api/therapy/appointments/route.ts(405,7): error TS2322: Type '{ userId: string; type: string; title: string; message: string; isPriority: false; metadata: { appointmentId: string; appointmentsCount: number; recurring: boolean; }; }' is not assignable to type '(Without<NotificationCreateInput, NotificationUncheckedCreateInput> & NotificationUncheckedCreateInput) | (Without<...> & NotificationCreateInput)'.
  Type '{ userId: string; type: string; title: string; message: string; isPriority: false; metadata: { appointmentId: string; appointmentsCount: number; recurring: boolean; }; }' is not assignable to type 'Without<NotificationCreateInput, NotificationUncheckedCreateInput> & NotificationUncheckedCreateInput'.
    Property 'id' is missing in type '{ userId: string; type: string; title: string; message: string; isPriority: false; metadata: { appointmentId: string; appointmentsCount: number; recurring: boolean; }; }' but required in type 'NotificationUncheckedCreateInput'.
src/app/api/therapy/appointments/route.ts(412,26): error TS2532: Object is possibly 'undefined'.
src/app/api/therapy/appointments/route.ts(424,7): error TS2532: Object is possibly 'undefined'.
src/app/api/therapy/appointments/route.ts(531,11): error TS2322: Type '{ userId: string; type: string; title: string; message: string; isPriority: true; metadata: { appointmentId: string; reason: string | undefined; }; }' is not assignable to type '(Without<NotificationCreateInput, NotificationUncheckedCreateInput> & NotificationUncheckedCreateInput) | (Without<...> & NotificationCreateInput)'.
  Type '{ userId: string; type: string; title: string; message: string; isPriority: true; metadata: { appointmentId: string; reason: string | undefined; }; }' is not assignable to type 'Without<NotificationCreateInput, NotificationUncheckedCreateInput> & NotificationUncheckedCreateInput'.
    Property 'id' is missing in type '{ userId: string; type: string; title: string; message: string; isPriority: true; metadata: { appointmentId: string; reason: string | undefined; }; }' but required in type 'NotificationUncheckedCreateInput'.
src/app/api/therapy/appointments/route.ts(696,7): error TS2322: Type '{ userId: string; type: string; title: string; message: string; isPriority: true; metadata: { appointmentId: string; cancelledCount: number; reason: string; }; }' is not assignable to type '(Without<NotificationCreateInput, NotificationUncheckedCreateInput> & NotificationUncheckedCreateInput) | (Without<...> & NotificationCreateInput)'.
  Type '{ userId: string; type: string; title: string; message: string; isPriority: true; metadata: { appointmentId: string; cancelledCount: number; reason: string; }; }' is not assignable to type 'Without<NotificationCreateInput, NotificationUncheckedCreateInput> & NotificationUncheckedCreateInput'.
    Property 'id' is missing in type '{ userId: string; type: string; title: string; message: string; isPriority: true; metadata: { appointmentId: string; cancelledCount: number; reason: string; }; }' but required in type 'NotificationUncheckedCreateInput'.
src/app/api/therapy/assessments/route.ts(14,10): error TS2305: Module '"@/lib/encryption"' has no exported member 'encryptJSON'.
src/app/api/therapy/assessments/route.ts(14,23): error TS2305: Module '"@/lib/encryption"' has no exported member 'decryptJSON'.
src/app/api/therapy/assessments/route.ts(213,24): error TS7053: Element implicitly has an 'any' type because expression of type 'any' can't be used to index type '{ phq9: { name: string; maxScore: number; questions: number; severityRanges: { none: number[]; mild: number[]; moderate: number[]; moderately_severe: number[]; severe: number[]; }; clinicalCutoff: number; }; gad7: { ...; }; pcl5: { ...; }; audit: { ...; }; dast10: { ...; }; }'.
src/app/api/therapy/assessments/route.ts(245,59): error TS18047: 'a' is possibly 'null'.
src/app/api/therapy/assessments/route.ts(285,20): error TS7053: Element implicitly has an 'any' type because expression of type '"custom" | "audit" | "phq9" | "gad7" | "pcl5" | "dast10"' can't be used to index type '{ phq9: { name: string; maxScore: number; questions: number; severityRanges: { none: number[]; mild: number[]; moderate: number[]; moderately_severe: number[]; severe: number[]; }; clinicalCutoff: number; }; gad7: { ...; }; pcl5: { ...; }; audit: { ...; }; dast10: { ...; }; }'.
  Property 'custom' does not exist on type '{ phq9: { name: string; maxScore: number; questions: number; severityRanges: { none: number[]; mild: number[]; moderate: number[]; moderately_severe: number[]; severe: number[]; }; clinicalCutoff: number; }; gad7: { ...; }; pcl5: { ...; }; audit: { ...; }; dast10: { ...; }; }'.
src/app/api/therapy/assessments/route.ts(292,9): error TS2322: Type '{ type: string; severity: string; userId: string; context: string; indicators: string[]; handled: false; actions: never[]; notes: string; }' is not assignable to type '(Without<SafetyAlertCreateInput, SafetyAlertUncheckedCreateInput> & SafetyAlertUncheckedCreateInput) | (Without<...> & SafetyAlertCreateInput)'.
  Type '{ type: string; severity: string; userId: string; context: string; indicators: string[]; handled: false; actions: never[]; notes: string; }' is not assignable to type 'Without<SafetyAlertUncheckedCreateInput, SafetyAlertCreateInput> & SafetyAlertCreateInput'.
    Property 'id' is missing in type '{ type: string; severity: string; userId: string; context: string; indicators: string[]; handled: false; actions: never[]; notes: string; }' but required in type 'SafetyAlertCreateInput'.
src/app/api/therapy/assessments/route.ts(309,9): error TS2322: Type '{ userId: string; type: string; title: string; message: string; isPriority: true; metadata: { clientId: string; assessmentType: "custom" | "audit" | "phq9" | "gad7" | "pcl5" | "dast10"; score: number; severity: "severe"; }; }' is not assignable to type '(Without<NotificationCreateInput, NotificationUncheckedCreateInput> & NotificationUncheckedCreateInput) | (Without<...> & NotificationCreateInput)'.
  Type '{ userId: string; type: string; title: string; message: string; isPriority: true; metadata: { clientId: string; assessmentType: "custom" | "audit" | "phq9" | "gad7" | "pcl5" | "dast10"; score: number; severity: "severe"; }; }' is not assignable to type 'Without<NotificationCreateInput, NotificationUncheckedCreateInput> & NotificationUncheckedCreateInput'.
    Property 'id' is missing in type '{ userId: string; type: string; title: string; message: string; isPriority: true; metadata: { clientId: string; assessmentType: "custom" | "audit" | "phq9" | "gad7" | "pcl5" | "dast10"; score: number; severity: "severe"; }; }' but required in type 'NotificationUncheckedCreateInput'.
src/app/api/therapy/assessments/route.ts(328,9): error TS2322: Type '{ type: string; severity: string; userId: string; context: string; indicators: string[]; handled: false; actions: never[]; notes: string; }' is not assignable to type '(Without<SafetyAlertCreateInput, SafetyAlertUncheckedCreateInput> & SafetyAlertUncheckedCreateInput) | (Without<...> & SafetyAlertCreateInput)'.
  Type '{ type: string; severity: string; userId: string; context: string; indicators: string[]; handled: false; actions: never[]; notes: string; }' is not assignable to type 'Without<SafetyAlertUncheckedCreateInput, SafetyAlertCreateInput> & SafetyAlertCreateInput'.
    Property 'id' is missing in type '{ type: string; severity: string; userId: string; context: string; indicators: string[]; handled: false; actions: never[]; notes: string; }' but required in type 'SafetyAlertCreateInput'.
src/app/api/therapy/assessments/route.ts(357,7): error TS2322: Type '{ userId: string; moodScore: number; anxietyLevel: number | null; energyLevel: null; encryptedNotes: any; encryptedTags: any; }' is not assignable to type '(Without<MoodEntryCreateInput, MoodEntryUncheckedCreateInput> & MoodEntryUncheckedCreateInput) | (Without<...> & MoodEntryCreateInput)'.
  Type '{ userId: string; moodScore: number; anxietyLevel: number | null; energyLevel: null; encryptedNotes: any; encryptedTags: any; }' is not assignable to type 'Without<MoodEntryCreateInput, MoodEntryUncheckedCreateInput> & MoodEntryUncheckedCreateInput'.
    Property 'id' is missing in type '{ userId: string; moodScore: number; anxietyLevel: number | null; energyLevel: null; encryptedNotes: any; encryptedTags: any; }' but required in type 'MoodEntryUncheckedCreateInput'.
src/app/api/therapy/assessments/route.ts(461,9): error TS2353: Object literal may only specify known properties, and 'updatedAt' does not exist in type '(Without<MoodEntryUpdateInput, MoodEntryUncheckedUpdateInput> & MoodEntryUncheckedUpdateInput) | (Without<...> & MoodEntryUpdateInput)'.
src/app/api/therapy/assessments/route.ts(484,38): error TS2339: Property 'updatedAt' does not exist on type '{ id: string; createdAt: Date; userId: string; moodScore: number; anxietyLevel: number | null; energyLevel: number | null; encryptedNotes: JsonValue; encryptedTags: JsonValue; }'.
src/app/api/therapy/assessments/route.ts(535,9): error TS2353: Object literal may only specify known properties, and 'updatedAt' does not exist in type '(Without<MoodEntryUpdateInput, MoodEntryUncheckedUpdateInput> & MoodEntryUncheckedUpdateInput) | (Without<...> & MoodEntryUpdateInput)'.
src/app/api/therapy/assessments/route.ts(581,22): error TS2532: Object is possibly 'undefined'.
src/app/api/therapy/assessments/route.ts(582,21): error TS2532: Object is possibly 'undefined'.
src/app/api/therapy/billing/route.ts(13,10): error TS2305: Module '"@/lib/encryption"' has no exported member 'encryptJSON'.
src/app/api/therapy/billing/route.ts(13,23): error TS2305: Module '"@/lib/encryption"' has no exported member 'decryptJSON'.
src/app/api/therapy/billing/route.ts(13,36): error TS2305: Module '"@/lib/encryption"' has no exported member 'maskSensitiveData'.
src/app/api/therapy/billing/route.ts(323,7): error TS2322: Type '{ userId: string; action: string; resource: string; resourceId: string; details: { clientId: string; totalCharges: number; cptCodes: string[]; diagnosisCodes: string[]; billingType: string; }; outcome: string; ipAddress: string; userAgent: string; }' is not assignable to type '(Without<AuditLogCreateInput, AuditLogUncheckedCreateInput> & AuditLogUncheckedCreateInput) | (Without<...> & AuditLogCreateInput)'.
  Type '{ userId: string; action: string; resource: string; resourceId: string; details: { clientId: string; totalCharges: number; cptCodes: string[]; diagnosisCodes: string[]; billingType: string; }; outcome: string; ipAddress: string; userAgent: string; }' is not assignable to type 'Without<AuditLogCreateInput, AuditLogUncheckedCreateInput> & AuditLogUncheckedCreateInput'.
    Property 'id' is missing in type '{ userId: string; action: string; resource: string; resourceId: string; details: { clientId: string; totalCharges: number; cptCodes: string[]; diagnosisCodes: string[]; billingType: string; }; outcome: string; ipAddress: string; userAgent: string; }' but required in type 'AuditLogUncheckedCreateInput'.
src/app/api/therapy/billing/route.ts(344,9): error TS2322: Type '{ userId: string; type: string; title: string; message: string; isPriority: false; metadata: { sessionId: string; clientId: string; provider: string; totalCharges: number; }; }' is not assignable to type '(Without<NotificationCreateInput, NotificationUncheckedCreateInput> & NotificationUncheckedCreateInput) | (Without<...> & NotificationCreateInput)'.
  Type '{ userId: string; type: string; title: string; message: string; isPriority: false; metadata: { sessionId: string; clientId: string; provider: string; totalCharges: number; }; }' is not assignable to type 'Without<NotificationCreateInput, NotificationUncheckedCreateInput> & NotificationUncheckedCreateInput'.
    Property 'id' is missing in type '{ userId: string; type: string; title: string; message: string; isPriority: false; metadata: { sessionId: string; clientId: string; provider: string; totalCharges: number; }; }' but required in type 'NotificationUncheckedCreateInput'.
src/app/api/therapy/billing/route.ts(434,11): error TS2322: Type '{ userId: string; type: string; title: string; message: string; isPriority: true; metadata: { sessionId: string; denialCode: string; appealDeadline: string | undefined; }; }' is not assignable to type '(Without<NotificationCreateInput, NotificationUncheckedCreateInput> & NotificationUncheckedCreateInput) | (Without<...> & NotificationCreateInput)'.
  Type '{ userId: string; type: string; title: string; message: string; isPriority: true; metadata: { sessionId: string; denialCode: string; appealDeadline: string | undefined; }; }' is not assignable to type 'Without<NotificationCreateInput, NotificationUncheckedCreateInput> & NotificationUncheckedCreateInput'.
    Property 'id' is missing in type '{ userId: string; type: string; title: string; message: string; isPriority: true; metadata: { sessionId: string; denialCode: string; appealDeadline: string | undefined; }; }' but required in type 'NotificationUncheckedCreateInput'.
src/app/api/therapy/clients/route.ts(15,10): error TS2305: Module '"@/lib/encryption"' has no exported member 'encrypt'.
src/app/api/therapy/clients/route.ts(15,19): error TS2305: Module '"@/lib/encryption"' has no exported member 'decrypt'.
src/app/api/therapy/clients/route.ts(15,28): error TS2305: Module '"@/lib/encryption"' has no exported member 'encryptJSON'.
src/app/api/therapy/clients/route.ts(15,41): error TS2305: Module '"@/lib/encryption"' has no exported member 'decryptJSON'.
src/app/api/therapy/clients/route.ts(279,7): error TS2322: Type '{ userId: string; helperId: string; sessionType: string; status: string; encryptedNotes: any; startedAt: Date; }' is not assignable to type '(Without<SupportSessionCreateInput, SupportSessionUncheckedCreateInput> & SupportSessionUncheckedCreateInput) | (Without<...> & SupportSessionCreateInput)'.
  Type '{ userId: string; helperId: string; sessionType: string; status: string; encryptedNotes: any; startedAt: Date; }' is not assignable to type 'Without<SupportSessionCreateInput, SupportSessionUncheckedCreateInput> & SupportSessionUncheckedCreateInput'.
    Property 'id' is missing in type '{ userId: string; helperId: string; sessionType: string; status: string; encryptedNotes: any; startedAt: Date; }' but required in type 'SupportSessionUncheckedCreateInput'.
src/app/api/therapy/clients/route.ts(301,7): error TS2322: Type '{ userId: string; type: string; title: string; message: string; isPriority: false; metadata: { therapistId: string; sessionId: string; }; }' is not assignable to type '(Without<NotificationCreateInput, NotificationUncheckedCreateInput> & NotificationUncheckedCreateInput) | (Without<...> & NotificationCreateInput)'.
  Type '{ userId: string; type: string; title: string; message: string; isPriority: false; metadata: { therapistId: string; sessionId: string; }; }' is not assignable to type 'Without<NotificationCreateInput, NotificationUncheckedCreateInput> & NotificationUncheckedCreateInput'.
    Property 'id' is missing in type '{ userId: string; type: string; title: string; message: string; isPriority: false; metadata: { therapistId: string; sessionId: string; }; }' but required in type 'NotificationUncheckedCreateInput'.
src/app/api/therapy/clients/route.ts(333,35): error TS2339: Property 'User_SupportSession_userIdToUser' does not exist on type '{ status: string; id: string; createdAt: Date; userId: string | null; rating: number | null; encryptedNotes: JsonValue; helperId: string | null; sessionType: string; startedAt: Date | null; endedAt: Date | null; }'.
src/app/api/therapy/clients/route.ts(333,99): error TS2339: Property 'User_SupportSession_userIdToUser' does not exist on type '{ status: string; id: string; createdAt: Date; userId: string | null; rating: number | null; encryptedNotes: JsonValue; helperId: string | null; sessionType: string; startedAt: Date | null; endedAt: Date | null; }'.
src/app/api/therapy/dashboard/route.ts(12,10): error TS2305: Module '"@/lib/encryption"' has no exported member 'decryptJSON'.
src/app/api/therapy/dashboard/route.ts(391,25): error TS2322: Type 'null' is not assignable to type 'InputJsonValue | FieldRef<"Appointment", "Json"> | JsonNullValueFilter | undefined'.
src/app/api/therapy/dashboard/route.ts(492,53): error TS7006: Parameter 'a' implicitly has an 'any' type.
src/app/api/therapy/dashboard/route.ts(492,56): error TS7006: Parameter 'b' implicitly has an 'any' type.
src/app/api/therapy/dashboard/route.ts(493,51): error TS7006: Parameter 'a' implicitly has an 'any' type.
src/app/api/therapy/dashboard/route.ts(493,54): error TS7006: Parameter 'b' implicitly has an 'any' type.
src/app/api/therapy/notes/route.ts(14,10): error TS2305: Module '"@/lib/encryption"' has no exported member 'encrypt'.
src/app/api/therapy/notes/route.ts(14,19): error TS2305: Module '"@/lib/encryption"' has no exported member 'encryptJSON'.
src/app/api/therapy/notes/route.ts(14,32): error TS2305: Module '"@/lib/encryption"' has no exported member 'decryptJSON'.
src/app/api/therapy/notes/route.ts(14,45): error TS2305: Module '"@/lib/encryption"' has no exported member 'maskSensitiveData'.
src/app/api/therapy/notes/route.ts(185,36): error TS2339: Property 'sortOrder' does not exist on type '{ page: number; limit: number; clientId: string; sessionId?: string | undefined; startDate?: string | undefined; endDate?: string | undefined; noteType?: "crisis" | "progress" | "intake" | "discharge" | "treatment_plan" | undefined; }'.
src/app/api/therapy/notes/route.ts(292,11): error TS2322: Type '{ type: string; severity: string; userId: string; context: string; indicators: string[]; handled: false; actions: never[]; notes: string; }' is not assignable to type '(Without<SafetyAlertCreateInput, SafetyAlertUncheckedCreateInput> & SafetyAlertUncheckedCreateInput) | (Without<...> & SafetyAlertCreateInput)'.
  Type '{ type: string; severity: string; userId: string; context: string; indicators: string[]; handled: false; actions: never[]; notes: string; }' is not assignable to type 'Without<SafetyAlertUncheckedCreateInput, SafetyAlertCreateInput> & SafetyAlertCreateInput'.
    Property 'id' is missing in type '{ type: string; severity: string; userId: string; context: string; indicators: string[]; handled: false; actions: never[]; notes: string; }' but required in type 'SafetyAlertCreateInput'.
src/app/api/therapy/notes/route.ts(307,13): error TS2322: Type '{ userId: string; severityLevel: number; triggerType: string; interventionType: string; encryptedDetails: any; responseTime: number; resolved: false; }' is not assignable to type '(Without<CrisisReportCreateInput, CrisisReportUncheckedCreateInput> & CrisisReportUncheckedCreateInput) | (Without<...> & CrisisReportCreateInput)'.
  Type '{ userId: string; severityLevel: number; triggerType: string; interventionType: string; encryptedDetails: any; responseTime: number; resolved: false; }' is not assignable to type 'Without<CrisisReportCreateInput, CrisisReportUncheckedCreateInput> & CrisisReportUncheckedCreateInput'.
    Type '{ userId: string; severityLevel: number; triggerType: string; interventionType: string; encryptedDetails: any; responseTime: number; resolved: false; }' is missing the following properties from type 'CrisisReportUncheckedCreateInput': id, updatedAt
src/app/api/therapy/notes/route.ts(340,7): error TS2322: Type '{ userId: string; encryptedTitle: any; encryptedContent: any; encryptedTags: any; isPrivate: true; }' is not assignable to type '(Without<JournalEntryCreateInput, JournalEntryUncheckedCreateInput> & JournalEntryUncheckedCreateInput) | (Without<...> & JournalEntryCreateInput)'.
  Type '{ userId: string; encryptedTitle: any; encryptedContent: any; encryptedTags: any; isPrivate: true; }' is not assignable to type 'Without<JournalEntryCreateInput, JournalEntryUncheckedCreateInput> & JournalEntryUncheckedCreateInput'.
    Type '{ userId: string; encryptedTitle: any; encryptedContent: any; encryptedTags: any; isPrivate: true; }' is missing the following properties from type 'JournalEntryUncheckedCreateInput': id, updatedAt
src/app/api/therapy/sessions/route.ts(14,10): error TS2305: Module '"@/lib/encryption"' has no exported member 'encryptJSON'.
src/app/api/therapy/sessions/route.ts(14,23): error TS2305: Module '"@/lib/encryption"' has no exported member 'decryptJSON'.
src/app/api/therapy/sessions/route.ts(260,11): error TS2322: Type '{ userId: string; professionalId: string; scheduledAt: Date; duration: number; type: "individual" | "group" | "family" | "couples" | "teletherapy"; status: string; encryptedNotes: any; meetingUrl: string | null; }' is not assignable to type '(Without<AppointmentCreateInput, AppointmentUncheckedCreateInput> & AppointmentUncheckedCreateInput) | (Without<...> & AppointmentCreateInput)'.
  Type '{ userId: string; professionalId: string; scheduledAt: Date; duration: number; type: "individual" | "group" | "family" | "couples" | "teletherapy"; status: string; encryptedNotes: any; meetingUrl: string | null; }' is not assignable to type 'Without<AppointmentCreateInput, AppointmentUncheckedCreateInput> & AppointmentUncheckedCreateInput'.
    Type '{ userId: string; professionalId: string; scheduledAt: Date; duration: number; type: "individual" | "group" | "family" | "couples" | "teletherapy"; status: string; encryptedNotes: any; meetingUrl: string | null; }' is missing the following properties from type 'AppointmentUncheckedCreateInput': id, updatedAt
src/app/api/therapy/sessions/route.ts(301,9): error TS2322: Type '{ userId: string; professionalId: string; scheduledAt: Date; duration: number; type: "individual" | "group" | "family" | "couples" | "teletherapy"; status: string; encryptedNotes: any; meetingUrl: string | null; }' is not assignable to type '(Without<AppointmentCreateInput, AppointmentUncheckedCreateInput> & AppointmentUncheckedCreateInput) | (Without<...> & AppointmentCreateInput)'.
  Type '{ userId: string; professionalId: string; scheduledAt: Date; duration: number; type: "individual" | "group" | "family" | "couples" | "teletherapy"; status: string; encryptedNotes: any; meetingUrl: string | null; }' is not assignable to type 'Without<AppointmentCreateInput, AppointmentUncheckedCreateInput> & AppointmentUncheckedCreateInput'.
    Type '{ userId: string; professionalId: string; scheduledAt: Date; duration: number; type: "individual" | "group" | "family" | "couples" | "teletherapy"; status: string; encryptedNotes: any; meetingUrl: string | null; }' is missing the following properties from type 'AppointmentUncheckedCreateInput': id, updatedAt
src/app/api/therapy/sessions/route.ts(322,11): error TS2322: Type '{ userId: string; type: string; title: string; message: string; isPriority: false; metadata: { appointmentId: string; therapistId: string; }; }' is not assignable to type '(Without<NotificationCreateInput, NotificationUncheckedCreateInput> & NotificationUncheckedCreateInput) | (Without<...> & NotificationCreateInput)'.
  Type '{ userId: string; type: string; title: string; message: string; isPriority: false; metadata: { appointmentId: string; therapistId: string; }; }' is not assignable to type 'Without<NotificationCreateInput, NotificationUncheckedCreateInput> & NotificationUncheckedCreateInput'.
    Property 'id' is missing in type '{ userId: string; type: string; title: string; message: string; isPriority: false; metadata: { appointmentId: string; therapistId: string; }; }' but required in type 'NotificationUncheckedCreateInput'.
src/app/api/therapy/sessions/route.ts(342,7): error TS2532: Object is possibly 'undefined'.
src/app/api/therapy/sessions/route.ts(417,11): error TS2322: Type '{ type: string; severity: string; userId: string; context: string; indicators: string[]; handled: false; actions: never[]; notes: string | null; }' is not assignable to type '(Without<SafetyAlertCreateInput, SafetyAlertUncheckedCreateInput> & SafetyAlertUncheckedCreateInput) | (Without<...> & SafetyAlertCreateInput)'.
  Type '{ type: string; severity: string; userId: string; context: string; indicators: string[]; handled: false; actions: never[]; notes: string | null; }' is not assignable to type 'Without<SafetyAlertUncheckedCreateInput, SafetyAlertCreateInput> & SafetyAlertCreateInput'.
    Property 'id' is missing in type '{ type: string; severity: string; userId: string; context: string; indicators: string[]; handled: false; actions: never[]; notes: string | null; }' but required in type 'SafetyAlertCreateInput'.
src/app/api/therapy/sessions/route.ts(435,11): error TS2322: Type '{ userId: string; type: string; title: string; message: string; isPriority: true; metadata: { clientId: string; sessionId: string; riskFactors: (string | false)[]; }; }' is not assignable to type '(Without<NotificationCreateInput, NotificationUncheckedCreateInput> & NotificationUncheckedCreateInput) | (Without<...> & NotificationCreateInput)'.
  Type '{ userId: string; type: string; title: string; message: string; isPriority: true; metadata: { clientId: string; sessionId: string; riskFactors: (string | false)[]; }; }' is not assignable to type 'Without<NotificationCreateInput, NotificationUncheckedCreateInput> & NotificationUncheckedCreateInput'.
    Property 'id' is missing in type '{ userId: string; type: string; title: string; message: string; isPriority: true; metadata: { clientId: string; sessionId: string; riskFactors: (string | false)[]; }; }' but required in type 'NotificationUncheckedCreateInput'.
src/app/api/therapy/sessions/route.ts(565,7): error TS2322: Type '{ userId: string; type: string; title: string; message: string; isPriority: true; metadata: { appointmentId: string; reason: string; }; }' is not assignable to type '(Without<NotificationCreateInput, NotificationUncheckedCreateInput> & NotificationUncheckedCreateInput) | (Without<...> & NotificationCreateInput)'.
  Type '{ userId: string; type: string; title: string; message: string; isPriority: true; metadata: { appointmentId: string; reason: string; }; }' is not assignable to type 'Without<NotificationCreateInput, NotificationUncheckedCreateInput> & NotificationUncheckedCreateInput'.
    Property 'id' is missing in type '{ userId: string; type: string; title: string; message: string; isPriority: true; metadata: { appointmentId: string; reason: string; }; }' but required in type 'NotificationUncheckedCreateInput'.
src/app/api/therapy/treatment-plans/route.ts(14,10): error TS2305: Module '"@/lib/encryption"' has no exported member 'encryptJSON'.
src/app/api/therapy/treatment-plans/route.ts(14,23): error TS2305: Module '"@/lib/encryption"' has no exported member 'decryptJSON'.
src/app/api/therapy/treatment-plans/route.ts(261,7): error TS2322: Type '{ userId: string; warningSignsEncrypted: any; copingStrategiesEncrypted: any; supportContactsEncrypted: any; safeEnvironmentEncrypted: any; reasonsToLiveEncrypted: any; isActive: true; lastReviewedAt: Date; }' is not assignable to type '(Without<SafetyPlanCreateInput, SafetyPlanUncheckedCreateInput> & SafetyPlanUncheckedCreateInput) | (Without<...> & SafetyPlanCreateInput)'.
  Type '{ userId: string; warningSignsEncrypted: any; copingStrategiesEncrypted: any; supportContactsEncrypted: any; safeEnvironmentEncrypted: any; reasonsToLiveEncrypted: any; isActive: true; lastReviewedAt: Date; }' is not assignable to type 'Without<SafetyPlanCreateInput, SafetyPlanUncheckedCreateInput> & SafetyPlanUncheckedCreateInput'.
    Type '{ userId: string; warningSignsEncrypted: any; copingStrategiesEncrypted: any; supportContactsEncrypted: any; safeEnvironmentEncrypted: any; reasonsToLiveEncrypted: any; isActive: true; lastReviewedAt: Date; }' is missing the following properties from type 'SafetyPlanUncheckedCreateInput': id, updatedAt
src/app/api/therapy/treatment-plans/route.ts(278,7): error TS2322: Type '{ userId: string; type: string; title: string; message: string; isPriority: false; metadata: { planId: string; therapistId: string; }; }' is not assignable to type '(Without<NotificationCreateInput, NotificationUncheckedCreateInput> & NotificationUncheckedCreateInput) | (Without<...> & NotificationCreateInput)'.
  Type '{ userId: string; type: string; title: string; message: string; isPriority: false; metadata: { planId: string; therapistId: string; }; }' is not assignable to type 'Without<NotificationCreateInput, NotificationUncheckedCreateInput> & NotificationUncheckedCreateInput'.
    Property 'id' is missing in type '{ userId: string; type: string; title: string; message: string; isPriority: false; metadata: { planId: string; therapistId: string; }; }' but required in type 'NotificationUncheckedCreateInput'.
src/app/api/therapy/treatment-plans/route.ts(294,9): error TS2322: Type '{ userId: string; type: string; title: string; message: string; isPriority: true; metadata: { planId: string; clientId: string; reviewDate: string; }; createdAt: Date; }' is not assignable to type '(Without<NotificationCreateInput, NotificationUncheckedCreateInput> & NotificationUncheckedCreateInput) | (Without<...> & NotificationCreateInput)'.
  Type '{ userId: string; type: string; title: string; message: string; isPriority: true; metadata: { planId: string; clientId: string; reviewDate: string; }; createdAt: Date; }' is not assignable to type 'Without<NotificationCreateInput, NotificationUncheckedCreateInput> & NotificationUncheckedCreateInput'.
    Property 'id' is missing in type '{ userId: string; type: string; title: string; message: string; isPriority: true; metadata: { planId: string; clientId: string; reviewDate: string; }; createdAt: Date; }' but required in type 'NotificationUncheckedCreateInput'.
src/app/api/user/dashboard/route.ts(147,13): error TS18048: 'goalsData' is possibly 'undefined'.
src/app/api/user/dashboard/route.ts(147,42): error TS18048: 'goalsData' is possibly 'undefined'.
src/app/api/user/dashboard/route.ts(148,37): error TS2345: Argument of type 'string | undefined' is not assignable to parameter of type 'string'.
  Type 'undefined' is not assignable to type 'string'.
src/app/api/user/journal-entries/route.ts(51,16): error TS18048: 'page' is possibly 'undefined'.
src/app/api/user/journal-entries/route.ts(51,28): error TS18048: 'limit' is possibly 'undefined'.
src/app/api/user/journal-entries/route.ts(53,20): error TS2464: A computed property name must be of type 'string', 'number', 'symbol', or 'any'.
src/app/api/user/journal-entries/route.ts(137,32): error TS2345: Argument of type 'number | undefined' is not assignable to parameter of type 'number'.
  Type 'undefined' is not assignable to type 'number'.
src/app/api/user/journal-entries/route.ts(181,9): error TS2322: Type 'string | null' is not assignable to type 'NullableJsonNullValueInput | InputJsonValue | undefined'.
  Type 'null' is not assignable to type 'NullableJsonNullValueInput | InputJsonValue | undefined'.
src/app/api/user/journal-entries/route.ts(324,9): error TS2322: Type 'JsonValue' is not assignable to type 'NullableJsonNullValueInput | InputJsonValue | undefined'.
  Type 'null' is not assignable to type 'NullableJsonNullValueInput | InputJsonValue | undefined'.
src/app/api/user/mood-entries/route.ts(65,16): error TS18048: 'page' is possibly 'undefined'.
src/app/api/user/mood-entries/route.ts(65,28): error TS18048: 'limit' is possibly 'undefined'.
src/app/api/user/mood-entries/route.ts(67,20): error TS2464: A computed property name must be of type 'string', 'number', 'symbol', or 'any'.
src/app/api/user/mood-entries/route.ts(152,32): error TS2345: Argument of type 'number | undefined' is not assignable to parameter of type 'number'.
  Type 'undefined' is not assignable to type 'number'.
src/app/api/user/mood-entries/route.ts(195,9): error TS2322: Type 'string | null' is not assignable to type 'NullableJsonNullValueInput | InputJsonValue | undefined'.
  Type 'null' is not assignable to type 'NullableJsonNullValueInput | InputJsonValue | undefined'.
src/app/api/user/mood-entries/route.ts(196,9): error TS2322: Type 'string | null' is not assignable to type 'NullableJsonNullValueInput | InputJsonValue | undefined'.
  Type 'null' is not assignable to type 'NullableJsonNullValueInput | InputJsonValue | undefined'.
src/app/api/user/mood-entries/route.ts(326,9): error TS2322: Type 'string | null' is not assignable to type 'NullableJsonNullValueInput | InputJsonValue | undefined'.
  Type 'null' is not assignable to type 'NullableJsonNullValueInput | InputJsonValue | undefined'.
src/app/api/user/mood-entries/route.ts(327,9): error TS2322: Type 'string | null' is not assignable to type 'NullableJsonNullValueInput | InputJsonValue | undefined'.
  Type 'null' is not assignable to type 'NullableJsonNullValueInput | InputJsonValue | undefined'.
src/app/api/user/preferences/route.ts(28,9): error TS2561: Object literal may only specify known properties, but 'userProfile' does not exist in type 'UserSelect<DefaultArgs>'. Did you mean to write 'UserProfile'?
src/app/api/user/preferences/route.ts(51,28): error TS2339: Property 'userProfile' does not exist on type '{ id: string; anonymousId: string; email: string | null; hashedPassword: string | null; role: UserRole; permissions: string[]; isActive: boolean; isEmailVerified: boolean; isTwoFactorEnabled: boolean; ... 17 more ...; updatedAt: Date; }'.
src/app/api/user/preferences/route.ts(52,36): error TS2339: Property 'userProfile' does not exist on type '{ id: string; anonymousId: string; email: string | null; hashedPassword: string | null; role: UserRole; permissions: string[]; isActive: boolean; isEmailVerified: boolean; isTwoFactorEnabled: boolean; ... 17 more ...; updatedAt: Date; }'.
src/app/api/user/preferences/route.ts(55,27): error TS2339: Property 'userProfile' does not exist on type '{ id: string; anonymousId: string; email: string | null; hashedPassword: string | null; role: UserRole; permissions: string[]; isActive: boolean; isEmailVerified: boolean; isTwoFactorEnabled: boolean; ... 17 more ...; updatedAt: Date; }'.
src/app/api/user/preferences/route.ts(56,27): error TS2339: Property 'userProfile' does not exist on type '{ id: string; anonymousId: string; email: string | null; hashedPassword: string | null; role: UserRole; permissions: string[]; isActive: boolean; isEmailVerified: boolean; isTwoFactorEnabled: boolean; ... 17 more ...; updatedAt: Date; }'.
src/app/api/user/preferences/route.ts(66,33): error TS2339: Property 'userProfile' does not exist on type '{ id: string; anonymousId: string; email: string | null; hashedPassword: string | null; role: UserRole; permissions: string[]; isActive: boolean; isEmailVerified: boolean; isTwoFactorEnabled: boolean; ... 17 more ...; updatedAt: Date; }'.
src/app/api/user/profile/route.ts(51,9): error TS2353: Object literal may only specify known properties, and 'profile' does not exist in type 'UserInclude<DefaultArgs>'.
src/app/api/user/profile/route.ts(70,31): error TS2339: Property 'fullName' does not exist on type '{ id: string; anonymousId: string; email: string | null; hashedPassword: string | null; role: UserRole; permissions: string[]; isActive: boolean; isEmailVerified: boolean; isTwoFactorEnabled: boolean; ... 17 more ...; updatedAt: Date; }'.
src/app/api/user/profile/route.ts(74,30): error TS2339: Property 'address' does not exist on type '{ id: string; anonymousId: string; email: string | null; hashedPassword: string | null; role: UserRole; permissions: string[]; isActive: boolean; isEmailVerified: boolean; isTwoFactorEnabled: boolean; ... 17 more ...; updatedAt: Date; }'.
src/app/api/user/profile/route.ts(75,43): error TS2339: Property 'emergencyContactInfo' does not exist on type '{ id: string; anonymousId: string; email: string | null; hashedPassword: string | null; role: UserRole; permissions: string[]; isActive: boolean; isEmailVerified: boolean; isTwoFactorEnabled: boolean; ... 17 more ...; updatedAt: Date; }'.
src/app/api/user/profile/route.ts(78,36): error TS2551: Property 'emailVerified' does not exist on type '{ id: string; anonymousId: string; email: string | null; hashedPassword: string | null; role: UserRole; permissions: string[]; isActive: boolean; isEmailVerified: boolean; isTwoFactorEnabled: boolean; ... 17 more ...; updatedAt: Date; }'. Did you mean 'isEmailVerified'?
src/app/api/user/profile/route.ts(79,30): error TS2339: Property 'profile' does not exist on type '{ id: string; anonymousId: string; email: string | null; hashedPassword: string | null; role: UserRole; permissions: string[]; isActive: boolean; isEmailVerified: boolean; isTwoFactorEnabled: boolean; ... 17 more ...; updatedAt: Date; }'.
src/app/api/user/profile/route.ts(80,39): error TS2339: Property 'profile' does not exist on type '{ id: string; anonymousId: string; email: string | null; hashedPassword: string | null; role: UserRole; permissions: string[]; isActive: boolean; isEmailVerified: boolean; isTwoFactorEnabled: boolean; ... 17 more ...; updatedAt: Date; }'.
src/app/api/user/profile/route.ts(81,36): error TS2339: Property 'profile' does not exist on type '{ id: string; anonymousId: string; email: string | null; hashedPassword: string | null; role: UserRole; permissions: string[]; isActive: boolean; isEmailVerified: boolean; isTwoFactorEnabled: boolean; ... 17 more ...; updatedAt: Date; }'.
src/app/api/user/profile/route.ts(82,34): error TS2339: Property 'profile' does not exist on type '{ id: string; anonymousId: string; email: string | null; hashedPassword: string | null; role: UserRole; permissions: string[]; isActive: boolean; isEmailVerified: boolean; isTwoFactorEnabled: boolean; ... 17 more ...; updatedAt: Date; }'.
src/app/api/user/profile/route.ts(83,38): error TS2339: Property 'profile' does not exist on type '{ id: string; anonymousId: string; email: string | null; hashedPassword: string | null; role: UserRole; permissions: string[]; isActive: boolean; isEmailVerified: boolean; isTwoFactorEnabled: boolean; ... 17 more ...; updatedAt: Date; }'.
src/app/api/user/profile/route.ts(84,34): error TS2339: Property 'profile' does not exist on type '{ id: string; anonymousId: string; email: string | null; hashedPassword: string | null; role: UserRole; permissions: string[]; isActive: boolean; isEmailVerified: boolean; isTwoFactorEnabled: boolean; ... 17 more ...; updatedAt: Date; }'.
src/app/api/user/profile/route.ts(130,96): error TS2339: Property 'errors' does not exist on type 'ZodError<{ fullName?: string | undefined; phoneNumber?: string | undefined; dateOfBirth?: string | undefined; address?: string | undefined; emergencyContactInfo?: string | undefined; medicalHistory?: string | undefined; medications?: string | undefined; allergies?: string | undefined; insuranceInfo?: string | undefi...'.
src/app/api/user/profile/route.ts(151,9): error TS2353: Object literal may only specify known properties, and 'profile' does not exist in type '(Without<UserUpdateInput, UserUncheckedUpdateInput> & UserUncheckedUpdateInput) | (Without<...> & UserUpdateInput)'.
src/app/api/user/profile/route.ts(169,9): error TS2353: Object literal may only specify known properties, and 'profile' does not exist in type 'UserInclude<DefaultArgs>'.
src/app/api/user/profile/route.ts(182,35): error TS2339: Property 'fullName' does not exist on type '{ id: string; anonymousId: string; email: string | null; hashedPassword: string | null; role: UserRole; permissions: string[]; isActive: boolean; isEmailVerified: boolean; isTwoFactorEnabled: boolean; ... 17 more ...; updatedAt: Date; }'.
src/app/api/user/profile/route.ts(186,34): error TS2339: Property 'address' does not exist on type '{ id: string; anonymousId: string; email: string | null; hashedPassword: string | null; role: UserRole; permissions: string[]; isActive: boolean; isEmailVerified: boolean; isTwoFactorEnabled: boolean; ... 17 more ...; updatedAt: Date; }'.
src/app/api/user/profile/route.ts(187,47): error TS2339: Property 'emergencyContactInfo' does not exist on type '{ id: string; anonymousId: string; email: string | null; hashedPassword: string | null; role: UserRole; permissions: string[]; isActive: boolean; isEmailVerified: boolean; isTwoFactorEnabled: boolean; ... 17 more ...; updatedAt: Date; }'.
src/app/api/user/profile/route.ts(188,34): error TS2339: Property 'profile' does not exist on type '{ id: string; anonymousId: string; email: string | null; hashedPassword: string | null; role: UserRole; permissions: string[]; isActive: boolean; isEmailVerified: boolean; isTwoFactorEnabled: boolean; ... 17 more ...; updatedAt: Date; }'.
src/app/api/user/profile/route.ts(189,43): error TS2339: Property 'profile' does not exist on type '{ id: string; anonymousId: string; email: string | null; hashedPassword: string | null; role: UserRole; permissions: string[]; isActive: boolean; isEmailVerified: boolean; isTwoFactorEnabled: boolean; ... 17 more ...; updatedAt: Date; }'.
src/app/api/user/profile/route.ts(190,40): error TS2339: Property 'profile' does not exist on type '{ id: string; anonymousId: string; email: string | null; hashedPassword: string | null; role: UserRole; permissions: string[]; isActive: boolean; isEmailVerified: boolean; isTwoFactorEnabled: boolean; ... 17 more ...; updatedAt: Date; }'.
src/app/api/user/profile/route.ts(191,38): error TS2339: Property 'profile' does not exist on type '{ id: string; anonymousId: string; email: string | null; hashedPassword: string | null; role: UserRole; permissions: string[]; isActive: boolean; isEmailVerified: boolean; isTwoFactorEnabled: boolean; ... 17 more ...; updatedAt: Date; }'.
src/app/api/user/profile/route.ts(192,42): error TS2339: Property 'profile' does not exist on type '{ id: string; anonymousId: string; email: string | null; hashedPassword: string | null; role: UserRole; permissions: string[]; isActive: boolean; isEmailVerified: boolean; isTwoFactorEnabled: boolean; ... 17 more ...; updatedAt: Date; }'.
src/app/api/user/profile/route.ts(193,38): error TS2339: Property 'profile' does not exist on type '{ id: string; anonymousId: string; email: string | null; hashedPassword: string | null; role: UserRole; permissions: string[]; isActive: boolean; isEmailVerified: boolean; isTwoFactorEnabled: boolean; ... 17 more ...; updatedAt: Date; }'.
src/app/api/user/profile/route.ts(238,9): error TS2353: Object literal may only specify known properties, and 'fullName' does not exist in type '(Without<UserUpdateInput, UserUncheckedUpdateInput> & UserUncheckedUpdateInput) | (Without<...> & UserUpdateInput)'.
src/app/api/user/wellness-goals/route.ts(61,13): error TS18048: 'goalsData' is possibly 'undefined'.
src/app/api/user/wellness-goals/route.ts(61,42): error TS18048: 'goalsData' is possibly 'undefined'.
src/app/api/user/wellness-goals/route.ts(62,37): error TS2345: Argument of type 'string | undefined' is not assignable to parameter of type 'string'.
  Type 'undefined' is not assignable to type 'string'.
src/app/api/user/wellness-goals/route.ts(166,13): error TS18048: 'goalsData' is possibly 'undefined'.
src/app/api/user/wellness-goals/route.ts(166,42): error TS18048: 'goalsData' is possibly 'undefined'.
src/app/api/user/wellness-goals/route.ts(167,37): error TS2345: Argument of type 'string | undefined' is not assignable to parameter of type 'string'.
  Type 'undefined' is not assignable to type 'string'.
src/app/api/user/wellness-goals/route.ts(281,13): error TS18048: 'goalsData' is possibly 'undefined'.
src/app/api/user/wellness-goals/route.ts(281,42): error TS18048: 'goalsData' is possibly 'undefined'.
src/app/api/user/wellness-goals/route.ts(282,37): error TS2345: Argument of type 'string | undefined' is not assignable to parameter of type 'string'.
  Type 'undefined' is not assignable to type 'string'.
src/app/api/user/wellness-goals/route.ts(300,11): error TS2322: Type '{ title: any; description: any; category: any; targetDate: any; milestones: any; progress: any; status: any; updatedAt: string; id?: string | undefined; createdAt?: string | undefined; }' is not assignable to type 'WellnessGoal'.
  Types of property 'id' are incompatible.
    Type 'string | undefined' is not assignable to type 'string'.
      Type 'undefined' is not assignable to type 'string'.
src/app/api/user/wellness-goals/route.ts(302,28): error TS18048: 'existingGoal' is possibly 'undefined'.
src/app/api/user/wellness-goals/route.ts(303,72): error TS18048: 'existingGoal' is possibly 'undefined'.
src/app/api/user/wellness-goals/route.ts(304,34): error TS18048: 'existingGoal' is possibly 'undefined'.
src/app/api/user/wellness-goals/route.ts(305,69): error TS18048: 'existingGoal' is possibly 'undefined'.
src/app/api/user/wellness-goals/route.ts(306,69): error TS18048: 'existingGoal' is possibly 'undefined'.
src/app/api/user/wellness-goals/route.ts(307,63): error TS18048: 'existingGoal' is possibly 'undefined'.
src/app/api/user/wellness-goals/route.ts(308,30): error TS18048: 'existingGoal' is possibly 'undefined'.
src/app/api/user/wellness-goals/route.ts(394,13): error TS18048: 'goalsData' is possibly 'undefined'.
src/app/api/user/wellness-goals/route.ts(394,42): error TS18048: 'goalsData' is possibly 'undefined'.
src/app/api/user/wellness-goals/route.ts(395,37): error TS2345: Argument of type 'string | undefined' is not assignable to parameter of type 'string'.
  Type 'undefined' is not assignable to type 'string'.
src/app/api/user/wellness-goals/route.ts(431,16): error TS18048: 'deletedGoal' is possibly 'undefined'.
src/app/api/user/wellness-goals/route.ts(432,19): error TS18048: 'deletedGoal' is possibly 'undefined'.
src/app/api/user/wellness-goals/route.ts(433,23): error TS18048: 'deletedGoal' is possibly 'undefined'.
src/app/api/websocket/route.ts(9,11): error TS2554: Expected 1-2 arguments, but got 0.
src/app/api/websocket/route.ts(27,32): error TS2339: Property 'handleUpgrade' does not exist on type 'WebSocketServer'.
src/app/api/wellness/overview/route.ts(124,15): error TS18048: 'lastEntry' is possibly 'undefined'.
src/app/api/wellness/overview/route.ts(125,15): error TS18048: 'lastEntry' is possibly 'undefined'.
src/app/api/wellness/overview/route.ts(126,17): error TS18048: 'lastEntry' is possibly 'undefined'.
src/app/api/wellness/overview/route.ts(127,18): error TS18048: 'lastEntry' is possibly 'undefined'.
src/app/auth/loading.tsx(6,10): error TS2305: Module '"@/components/loading"' has no exported member 'LoadingPresets'.
src/app/auth/signin/page.tsx(151,19): error TS2345: Argument of type 'string | undefined' is not assignable to parameter of type 'Message'.
  Type 'undefined' is not assignable to type 'Message'.
src/app/community/loading.tsx(6,10): error TS2305: Module '"@/components/loading"' has no exported member 'LoadingPresets'.
src/app/crisis/loading.tsx(26,13): error TS2322: Type '{ message: string; showProgress: true; progress: number; }' is not assignable to type 'IntrinsicAttributes & CrisisLoaderProps'.
  Property 'progress' does not exist on type 'IntrinsicAttributes & CrisisLoaderProps'.
src/app/crisis/page.tsx(28,27): error TS2322: Type '{ targetId: string; }' is not assignable to type 'IntrinsicAttributes & AccessibleSkipLinkProps'.
  Property 'targetId' does not exist on type 'IntrinsicAttributes & AccessibleSkipLinkProps'.
src/app/dashboard/loading.tsx(6,10): error TS2305: Module '"@/components/loading"' has no exported member 'LoadingPresets'.
src/app/dashboard/page.tsx(72,19): error TS2339: Property 'user' does not exist on type '{ update: UpdateSession; data: Session; status: "authenticated"; } | { update: UpdateSession; data: null; status: "loading"; } | { update: UpdateSession; data: Session; status: "authenticated"; } | { ...; }'.
  Property 'user' does not exist on type '{ update: UpdateSession; data: Session; status: "authenticated"; }'.
src/app/dashboard/page.tsx(119,16): error TS2339: Property 'user' does not exist on type '{ update: UpdateSession; data: Session; status: "authenticated"; } | { update: UpdateSession; data: null; status: "loading"; } | { update: UpdateSession; data: Session; status: "authenticated"; } | { ...; }'.
  Property 'user' does not exist on type '{ update: UpdateSession; data: Session; status: "authenticated"; }'.
src/app/dashboard/page.tsx(186,27): error TS2322: Type '{ targetId: string; }' is not assignable to type 'IntrinsicAttributes & AccessibleSkipLinkProps'.
  Property 'targetId' does not exist on type 'IntrinsicAttributes & AccessibleSkipLinkProps'.
src/app/dashboard/page.tsx(256,15): error TS2322: Type '"large"' is not assignable to type '"sm" | "md" | "lg" | undefined'.
src/app/dashboard/page.tsx(266,15): error TS2322: Type '{ type: "error"; title: string; message: string; actions: { label: string; onClick: () => Promise<void>; variant: string; }[]; className: string; }' is not assignable to type 'IntrinsicAttributes & AccessibleAlertProps'.
  Property 'message' does not exist on type 'IntrinsicAttributes & AccessibleAlertProps'.
src/app/loading.tsx(6,10): error TS2305: Module '"@/components/loading"' has no exported member 'LoadingPresets'.
src/app/page.tsx(8,27): error TS2322: Type '{ targetId: string; }' is not assignable to type 'IntrinsicAttributes & AccessibleSkipLinkProps'.
  Property 'targetId' does not exist on type 'IntrinsicAttributes & AccessibleSkipLinkProps'.
src/app/wellness/loading.tsx(6,10): error TS2305: Module '"@/components/loading"' has no exported member 'WellnessLoader'.
src/app/wellness/mood-tracker/loading.tsx(6,10): error TS2305: Module '"@/components/loading"' has no exported member 'WellnessLoader'.
src/app/wellness/mood-tracker/page.tsx(16,28): error TS2305: Module '"@/components/loading"' has no exported member 'MoodTrackerSkeleton'.
src/app/wellness/mood-tracker/page.tsx(16,49): error TS2305: Module '"@/components/loading"' has no exported member 'WellnessLoader'.
src/app/wellness/mood-tracker/page.tsx(49,27): error TS2322: Type '{ targetId: string; }' is not assignable to type 'IntrinsicAttributes & AccessibleSkipLinkProps'.
  Property 'targetId' does not exist on type 'IntrinsicAttributes & AccessibleSkipLinkProps'.
src/components/admin/PlatformAnalytics.tsx(443,51): error TS2532: Object is possibly 'undefined'.
src/components/admin/SystemHealthMonitoring.tsx(911,81): error TS2532: Object is possibly 'undefined'.
src/components/admin/SystemHealthMonitoring.tsx(917,85): error TS2532: Object is possibly 'undefined'.
src/components/communication/MessageCenter.tsx(206,90): error TS2532: Object is possibly 'undefined'.
src/components/communication/MessageCenter.tsx(511,32): error TS2532: Object is possibly 'undefined'.
src/components/communication/MessageCenter.tsx(512,32): error TS2532: Object is possibly 'undefined'.
src/components/communication/MessageCenter.tsx(516,42): error TS2532: Object is possibly 'undefined'.
src/components/communication/MessageCenter.tsx(561,45): error TS2339: Property 'crisisLevel' does not exist on type '{ sessionType?: "peer_support" | "crisis_support" | "professional_therapy" | undefined; scheduledEnd?: Date | undefined; supervisorId?: string | undefined; emergencyContacts?: string[] | undefined; }'.
src/components/communication/MessageCenter.tsx(587,32): error TS2532: Object is possibly 'undefined'.
src/components/communication/MessageCenter.tsx(588,32): error TS2532: Object is possibly 'undefined'.
src/components/communication/MessageCenter.tsx(592,42): error TS2532: Object is possibly 'undefined'.
src/components/communication/MessageCenter.tsx(607,25): error TS2532: Object is possibly 'undefined'.
src/components/communication/MessageCenter.tsx(608,25): error TS2532: Object is possibly 'undefined'.
src/components/communication/MessageCenter.tsx(609,55): error TS2532: Object is possibly 'undefined'.
src/components/communication/MessageCenter.tsx(647,47): error TS2339: Property 'crisisLevel' does not exist on type '{ sessionType?: "peer_support" | "crisis_support" | "professional_therapy" | undefined; scheduledEnd?: Date | undefined; supervisorId?: string | undefined; emergencyContacts?: string[] | undefined; }'.
src/components/community/CommunityFeed.tsx(59,19): error TS2339: Property 'title' does not exist on type 'CommunityPost'.
src/components/community/CommunityFeed.tsx(62,18): error TS2339: Property 'author' does not exist on type 'CommunityPost'.
src/components/community/CommunityFeed.tsx(63,20): error TS2339: Property 'author' does not exist on type 'CommunityPost'.
src/components/community/CommunityFeed.tsx(64,22): error TS2339: Property 'author' does not exist on type 'CommunityPost'.
src/components/community/CommunityFeed.tsx(70,22): error TS2339: Property 'category' does not exist on type 'CommunityPost'.
src/components/community/CommunityFeed.tsx(73,21): error TS2339: Property 'likes' does not exist on type 'CommunityPost'.
src/components/community/CommunityFeed.tsx(74,24): error TS2339: Property 'comments' does not exist on type 'CommunityPost'.
src/components/community/CommunityFeed.tsx(80,21): error TS2339: Property 'userInteraction' does not exist on type 'CommunityPost'.
src/components/community/CommunityFeed.tsx(85,26): error TS2339: Property 'supportLevel' does not exist on type 'CommunityPost'.
src/components/community/CommunityFeed.tsx(86,26): error TS2339: Property 'supportLevel' does not exist on type 'CommunityPost'.
src/components/community/CommunityFeed.tsx(122,27): error TS2339: Property 'userInteraction' does not exist on type 'CommunityPost'.
src/components/community/CommunityFeed.tsx(122,57): error TS2339: Property 'likes' does not exist on type 'CommunityPost'.
src/components/community/CommunityFeed.tsx(122,74): error TS2339: Property 'likes' does not exist on type 'CommunityPost'.
src/components/community/CommunityFeed.tsx(124,25): error TS2339: Property 'userInteraction' does not exist on type 'CommunityPost'.
src/components/community/CommunityFeed.tsx(125,30): error TS2339: Property 'userInteraction' does not exist on type 'CommunityPost'.
src/components/community/CommunityFeed.tsx(140,5): error TS2322: Type '{ id: string; title: string; content: string; type: "story" | "milestone" | "question" | "encouragement"; category: string | undefined; author: { id: string; displayName: string; avatar: undefined; }; ... 6 more ...; userInteraction: { ...; }; }[]' is not assignable to type 'CommunityPost[]'.
  Type '{ id: string; title: string; content: string; type: "story" | "milestone" | "question" | "encouragement"; category: string | undefined; author: { id: string; displayName: string; avatar: undefined; }; ... 6 more ...; userInteraction: { ...; }; }' is missing the following properties from type 'CommunityPost': authorSessionId, authorNickname, reactions, replies, and 4 more.
src/components/community/CommunityFeed.tsx(155,124): error TS2339: Property 'supportLevel' does not exist on type 'CommunityPost'.
src/components/community/SupportGroups.tsx(125,69): error TS2304: Cannot find name 'privacyFilter'.
src/components/community/SupportGroups.tsx(125,92): error TS2304: Cannot find name 'topicFilter'.
src/components/crisis/CrisisAlertSystem.tsx(121,3): error TS2322: Type '"notification"' is not assignable to type '"security_breach" | "client_emergency" | "system_critical" | "staffing_urgent" | "protocol_violation" | "technical_failure"'.
src/components/crisis/CrisisAlertSystem.tsx(231,13): error TS7030: Not all code paths return a value.
src/components/crisis/CrisisAlertSystem.tsx(583,23): error TS7022: 'severityConfig' implicitly has type 'any' because it does not have a type annotation and is referenced directly or indirectly in its own initializer.
src/components/crisis/CrisisAlertSystem.tsx(583,40): error TS2448: Block-scoped variable 'severityConfig' used before its declaration.
src/components/crisis/CrisisCounselorDashboard.tsx(455,20): error TS2532: Object is possibly 'undefined'.
src/components/crisis/CrisisInterventionWorkflow.tsx(411,56): error TS2339: Property 'agency' does not exist on type 'Referral'.
src/components/crisis/CrisisInterventionWorkflow.tsx(412,63): error TS2339: Property 'scheduledDate' does not exist on type 'FollowUpAction'.
src/components/crisis/CrisisReporting.tsx(356,9): error TS2532: Object is possibly 'undefined'.
src/components/crisis/CrisisReporting.tsx(358,11): error TS2532: Object is possibly 'undefined'.
src/components/helper/HelperDashboard.tsx(147,72): error TS7053: Element implicitly has an 'any' type because expression of type 'ClientStatus' can't be used to index type '{ active: { text: string; bg: string; border: string; }; inactive: { text: string; bg: string; border: string; }; pending: { text: string; bg: string; border: string; }; completed: { text: string; bg: string; border: string; }; cancelled: { ...; }; }'.
  Property 'assessment' does not exist on type '{ active: { text: string; bg: string; border: string; }; inactive: { text: string; bg: string; border: string; }; pending: { text: string; bg: string; border: string; }; completed: { text: string; bg: string; border: string; }; cancelled: { ...; }; }'.
src/components/helper/HelperDashboard.tsx(147,103): error TS7053: Element implicitly has an 'any' type because expression of type 'ClientStatus' can't be used to index type '{ active: { text: string; bg: string; border: string; }; inactive: { text: string; bg: string; border: string; }; pending: { text: string; bg: string; border: string; }; completed: { text: string; bg: string; border: string; }; cancelled: { ...; }; }'.
  Property 'assessment' does not exist on type '{ active: { text: string; bg: string; border: string; }; inactive: { text: string; bg: string; border: string; }; pending: { text: string; bg: string; border: string; }; completed: { text: string; bg: string; border: string; }; cancelled: { ...; }; }'.
src/components/helper/HelperDashboard.tsx(389,95): error TS7053: Element implicitly has an 'any' type because expression of type 'ClientStatus' can't be used to index type '{ active: { text: string; bg: string; border: string; }; inactive: { text: string; bg: string; border: string; }; pending: { text: string; bg: string; border: string; }; completed: { text: string; bg: string; border: string; }; cancelled: { ...; }; }'.
  Property 'assessment' does not exist on type '{ active: { text: string; bg: string; border: string; }; inactive: { text: string; bg: string; border: string; }; pending: { text: string; bg: string; border: string; }; completed: { text: string; bg: string; border: string; }; cancelled: { ...; }; }'.
src/components/helper/HelperDashboard.tsx(389,137): error TS7053: Element implicitly has an 'any' type because expression of type 'ClientStatus' can't be used to index type '{ active: { text: string; bg: string; border: string; }; inactive: { text: string; bg: string; border: string; }; pending: { text: string; bg: string; border: string; }; completed: { text: string; bg: string; border: string; }; cancelled: { ...; }; }'.
  Property 'assessment' does not exist on type '{ active: { text: string; bg: string; border: string; }; inactive: { text: string; bg: string; border: string; }; pending: { text: string; bg: string; border: string; }; completed: { text: string; bg: string; border: string; }; cancelled: { ...; }; }'.
src/components/helper/PerformanceMetrics.tsx(181,67): error TS2367: This comparison appears to be unintentional because the types '"availability" | "client_satisfaction" | "session_quality"' and '"no_show_rate"' have no overlap.
src/components/helper/ScheduleManager.tsx(759,13): error TS2322: Type 'TimeSlot | null' is not assignable to type 'TimeSlot | undefined'.
  Type 'null' is not assignable to type 'TimeSlot | undefined'.
src/components/helper/SessionTools.tsx(245,7): error TS2322: Type 'string | undefined' is not assignable to type 'string'.
  Type 'undefined' is not assignable to type 'string'.
src/components/journal/PersonalJournal.tsx(161,22): error TS2345: Argument of type 'string | undefined' is not assignable to parameter of type 'SetStateAction<string>'.
  Type 'undefined' is not assignable to type 'SetStateAction<string>'.
src/components/journal/ReflectionPrompts.tsx(152,21): error TS2345: Argument of type 'string | undefined' is not assignable to parameter of type 'SetStateAction<string>'.
  Type 'undefined' is not assignable to type 'SetStateAction<string>'.
src/components/journal/ReflectionPrompts.tsx(158,20): error TS2345: Argument of type 'string | undefined' is not assignable to parameter of type 'string'.
  Type 'undefined' is not assignable to type 'string'.
src/components/loading/LoadingSpinner.tsx(94,19): error TS7030: Not all code paths return a value.
src/components/loading/LoadingSpinner.tsx(102,19): error TS7030: Not all code paths return a value.
src/components/loading/PerformanceLoader.tsx(47,28): error TS2532: Object is possibly 'undefined'.
src/components/loading/PerformanceLoader.tsx(49,27): error TS2532: Object is possibly 'undefined'.
src/components/loading/ProgressiveLoader.tsx(85,24): error TS18048: 'stages' is possibly 'undefined'.
src/components/loading/ProgressiveLoader.tsx(86,45): error TS18048: 'stages' is possibly 'undefined'.
src/components/loading/ProgressiveLoader.tsx(98,27): error TS2345: Argument of type 'LoadingStage | undefined' is not assignable to parameter of type 'LoadingStage'.
  Type 'undefined' is not assignable to type 'LoadingStage'.
src/components/loading/ProgressiveLoader.tsx(190,48): error TS18048: 'stages' is possibly 'undefined'.
src/components/loading/ProgressiveLoader.tsx(211,12): error TS18048: 'stages' is possibly 'undefined'.
src/components/loading/ProgressiveLoader.tsx(224,24): error TS18048: 'stages' is possibly 'undefined'.
src/components/loading/ProgressiveLoader.tsx(340,23): error TS2345: Argument of type '(prev: Set<string>) => Set<string | undefined>' is not assignable to parameter of type 'SetStateAction<Set<string>>'.
  Type '(prev: Set<string>) => Set<string | undefined>' is not assignable to type '(prevState: Set<string>) => Set<string>'.
    Type 'Set<string | undefined>' is not assignable to type 'Set<string>'.
      Type 'string | undefined' is not assignable to type 'string'.
        Type 'undefined' is not assignable to type 'string'.
src/components/loading/ProgressiveLoader.tsx(341,21): error TS2345: Argument of type 'string | undefined' is not assignable to parameter of type 'string'.
  Type 'undefined' is not assignable to type 'string'.
src/components/platform/AccessibilityCenter.tsx(335,15): error TS2367: This comparison appears to be unintentional because the types '"warning" | "pass" | "fail" | "not-tested"' and '"running"' have no overlap.
src/components/platform/FileManager.tsx(139,7): error TS2448: Block-scoped variable 'loadFiles' used before its declaration.
src/components/platform/FileManager.tsx(139,7): error TS2454: Variable 'loadFiles' is used before being assigned.
src/components/platform/LanguageManager.tsx(9,3): error TS2305: Module '"@heroicons/react/24/outline"' has no exported member 'TranslateIcon'.
src/components/platform/MobileOptimization.tsx(13,3): error TS2305: Module '"@heroicons/react/24/outline"' has no exported member 'TouchIcon'.
src/components/platform/MobileOptimization.tsx(15,3): error TS2724: '"@heroicons/react/24/outline"' has no exported member named 'BatteryIcon'. Did you mean 'Battery0Icon'?
src/components/platform/OfflineManager.tsx(7,3): error TS2724: '"@heroicons/react/24/outline"' has no exported member named 'WifiSlashIcon'. Did you mean 'SlashIcon'?
src/components/platform/OfflineManager.tsx(16,3): error TS2305: Module '"@heroicons/react/24/outline"' has no exported member 'DatabaseIcon'.
src/components/platform/SearchCenter.tsx(27,3): error TS2305: Module '"@heroicons/react/24/outline"' has no exported member 'TrendingUpIcon'.
src/components/shared/ActionButton.tsx(120,8): error TS2322: Type '{ children: (ReactNode | Element)[]; form?: string | undefined; formAction?: string | ((formData: FormData) => void) | undefined; formEncType?: string | undefined; ... 284 more ...; onClick: MouseEventHandler<...> | undefined; }' is not assignable to type 'Omit<HTMLMotionProps<"button">, "ref">'.
  Types of property 'onDrag' are incompatible.
    Type 'DragEventHandler<HTMLButtonElement> | undefined' is not assignable to type '((event: MouseEvent | PointerEvent | TouchEvent, info: PanInfo) => void) | undefined'.
      Type 'DragEventHandler<HTMLButtonElement>' is not assignable to type '(event: MouseEvent | PointerEvent | TouchEvent, info: PanInfo) => void'.
        Types of parameters 'event' and 'event' are incompatible.
          Type 'MouseEvent | PointerEvent | TouchEvent' is not assignable to type 'DragEvent<HTMLButtonElement>'.
            Type 'MouseEvent' is missing the following properties from type 'DragEvent<HTMLButtonElement>': dataTransfer, nativeEvent, isDefaultPrevented, isPropagationStopped, persist
src/components/shared/DataTable.tsx(187,21): error TS2322: Type '{ type: "checkbox"; checked: boolean; indeterminate: boolean; onChange: () => void; className: string; "aria-label": string; }' is not assignable to type 'DetailedHTMLProps<InputHTMLAttributes<HTMLInputElement>, HTMLInputElement>'.
  Property 'indeterminate' does not exist on type 'DetailedHTMLProps<InputHTMLAttributes<HTMLInputElement>, HTMLInputElement>'.
src/components/shared/Modal.tsx(117,13): error TS7030: Not all code paths return a value.
src/components/testing/TestingSuite.tsx(527,26): error TS18048: 'test' is possibly 'undefined'.
src/components/testing/TestingSuite.tsx(546,26): error TS18048: 'test' is possibly 'undefined'.
src/components/therapist/AssessmentTools.tsx(407,20): error TS18048: 'min' is possibly 'undefined'.
src/components/therapist/AssessmentTools.tsx(756,41): error TS2339: Property 'comparisonNotes' does not exist on type '{ change: number; percentChange: number; direction: string; previousScore: number; daysBetween: number; }'.
src/components/therapist/BillingInsuranceManagement.tsx(211,5): error TS2322: Type 'InsuranceProvider | undefined' is not assignable to type 'InsuranceProvider'.
  Type 'undefined' is not assignable to type 'InsuranceProvider'.
src/components/therapist/BillingInsuranceManagement.tsx(237,5): error TS2322: Type 'InsuranceProvider | undefined' is not assignable to type 'InsuranceProvider'.
  Type 'undefined' is not assignable to type 'InsuranceProvider'.
src/components/therapist/BillingInsuranceManagement.tsx(257,5): error TS2322: Type 'InsuranceProvider | undefined' is not assignable to type 'InsuranceProvider'.
  Type 'undefined' is not assignable to type 'InsuranceProvider'.
src/components/therapist/ClinicalClientManagement.tsx(938,95): error TS2345: Argument of type '"imminent" | "high" | "moderate" | "low"' is not assignable to parameter of type '"high" | "moderate" | "low" | "crisis"'.
  Type '"imminent"' is not assignable to type '"high" | "moderate" | "low" | "crisis"'.
src/components/therapist/TherapistDashboard.tsx(566,86): error TS2339: Property 'clientName' does not exist on type 'TherapistSession'.
src/components/therapist/TherapistDashboard.tsx(574,27): error TS2367: This comparison appears to be unintentional because the types '"VIDEO" | "IN_PERSON" | "PHONE"' and '"video"' have no overlap.
src/components/therapist/TherapistDashboard.tsx(575,27): error TS2367: This comparison appears to be unintentional because the types '"VIDEO" | "IN_PERSON" | "PHONE"' and '"in_person"' have no overlap.
src/components/therapist/TherapistDashboard.tsx(578,28): error TS2367: This comparison appears to be unintentional because the types '"VIDEO" | "IN_PERSON" | "PHONE"' and '"in_person"' have no overlap.
src/components/therapist/TherapistDashboard.tsx(582,28): error TS2367: This comparison appears to be unintentional because the types '"VIDEO" | "IN_PERSON" | "PHONE"' and '"video"' have no overlap.
src/components/therapist/TherapistDashboard.tsx(583,28): error TS2367: This comparison appears to be unintentional because the types '"VIDEO" | "IN_PERSON" | "PHONE"' and '"in_person"' have no overlap.
src/components/therapist/TherapistDashboard.tsx(601,43): error TS2367: This comparison appears to be unintentional because the types '"LOW" | "HIGH" | "MODERATE" | "CRISIS"' and '"high"' have no overlap.
src/components/therapist/TherapistDashboard.tsx(601,74): error TS2367: This comparison appears to be unintentional because the types '"LOW" | "HIGH" | "MODERATE" | "CRISIS"' and '"crisis"' have no overlap.
src/components/therapist/TherapistDashboard.tsx(605,83): error TS2339: Property 'name' does not exist on type 'TherapistClient'.
src/components/therapist/TherapistDashboard.tsx(607,49): error TS2339: Property 'lastSession' does not exist on type 'TherapistClient'.
src/components/therapist/TherapistDashboard.tsx(607,77): error TS2339: Property 'lastSession' does not exist on type 'TherapistClient'.
src/components/therapist/TherapistDashboard.tsx(632,38): error TS2367: This comparison appears to be unintentional because the types '"ACTIVE" | "TERMINATED" | "COMPLETED" | "NO_SHOW" | "INTAKE" | "ON_HOLD"' and '"active"' have no overlap.
src/components/therapist/TherapistDashboard.tsx(635,83): error TS2339: Property 'name' does not exist on type 'TherapistClient'.
src/components/therapist/TherapistDashboard.tsx(644,71): error TS2339: Property 'treatmentPlan' does not exist on type 'TherapistClient'.
src/components/therapist/TherapistDashboard.tsx(702,85): error TS2339: Property 'name' does not exist on type 'TherapistClient'.
src/components/therapist/TherapistDashboard.tsx(706,30): error TS2367: This comparison appears to be unintentional because the types '"ACTIVE" | "TERMINATED" | "COMPLETED" | "NO_SHOW" | "INTAKE" | "ON_HOLD"' and '"on_hold"' have no overlap.
src/components/therapist/TherapistDashboard.tsx(714,47): error TS2339: Property 'sessionCount' does not exist on type 'TherapistClient'.
src/components/therapist/TherapistDashboard.tsx(716,35): error TS2339: Property 'treatmentPlan' does not exist on type 'TherapistClient'.
src/components/therapist/TherapistDashboard.tsx(718,50): error TS2339: Property 'treatmentPlan' does not exist on type 'TherapistClient'.
src/components/therapist/TherapistDashboard.tsx(771,82): error TS2339: Property 'clientName' does not exist on type 'TherapistSession'.
src/components/therapist/TherapistDashboard.tsx(788,23): error TS2367: This comparison appears to be unintentional because the types '"VIDEO" | "IN_PERSON" | "PHONE"' and '"video"' have no overlap.
src/components/therapist/TherapistDashboard.tsx(789,23): error TS2367: This comparison appears to be unintentional because the types '"VIDEO" | "IN_PERSON" | "PHONE"' and '"in_person"' have no overlap.
src/components/therapist/TherapistDashboard.tsx(792,24): error TS2367: This comparison appears to be unintentional because the types '"VIDEO" | "IN_PERSON" | "PHONE"' and '"in_person"' have no overlap.
src/components/therapist/VideoTherapyPlatform.tsx(373,25): error TS2345: Argument of type '"good" | "fair" | "poor" | undefined' is not assignable to parameter of type 'SetStateAction<"good" | "fair" | "poor">'.
  Type 'undefined' is not assignable to type 'SetStateAction<"good" | "fair" | "poor">'.
src/components/therapist/VideoTherapyPlatform.tsx(817,98): error TS2339: Property 'dateAdministered' does not exist on type 'VideoSession'.
src/components/therapy/AITherapyChat.tsx(181,108): error TS2532: Object is possibly 'undefined'.
src/components/therapy/AITherapyChat.tsx(403,73): error TS2339: Property 'description' does not exist on type '{ title: string; duration: string; type: string; }'.
src/components/ui/VirtualList.tsx(10,10): error TS2305: Module '"react-window"' has no exported member 'VariableSizeList'.
src/components/ui/VirtualList.tsx(10,36): error TS2724: '"react-window"' has no exported member named 'ListChildComponentProps'. Did you mean 'CellComponentProps'?
src/components/ui/VirtualList.tsx(279,20): error TS2532: Object is possibly 'undefined'.
src/components/ui/VirtualList.tsx(285,20): error TS2532: Object is possibly 'undefined'.
src/components/ui/VirtualList.tsx(338,28): error TS2345: Argument of type 'T | undefined' is not assignable to parameter of type 'T'.
  'T' could be instantiated with an arbitrary type which could be unrelated to 'T | undefined'.
src/components/ui/VirtualList.tsx(359,23): error TS2345: Argument of type 'T | undefined' is not assignable to parameter of type 'T'.
  'T' could be instantiated with an arbitrary type which could be unrelated to 'T | undefined'.
src/components/ui/VirtualList.tsx(644,29): error TS18048: 'message' is possibly 'undefined'.
src/components/ui/VirtualList.tsx(709,13): error TS7031: Binding element 'index' implicitly has an 'any' type.
src/components/ui/VirtualList.tsx(709,20): error TS7031: Binding element 'style' implicitly has an 'any' type.
src/components/ui/VirtualList.tsx(709,46): error TS2345: Argument of type 'Message | undefined' is not assignable to parameter of type 'Message'.
  Type 'undefined' is not assignable to type 'Message'.
src/components/virtual/VirtualAuditLog.tsx(169,18): error TS7006: Parameter 'entry' implicitly has an 'any' type.
src/components/virtual/VirtualAuditLog.tsx(464,65): error TS2322: Type '{ className: string; title: string; }' is not assignable to type 'IntrinsicAttributes & Omit<LucideProps, "ref"> & RefAttributes<SVGSVGElement>'.
  Property 'title' does not exist on type 'IntrinsicAttributes & Omit<LucideProps, "ref"> & RefAttributes<SVGSVGElement>'.
src/components/virtual/VirtualAuditLog.tsx(487,69): error TS2322: Type '{ className: string; title: string; }' is not assignable to type 'IntrinsicAttributes & Omit<LucideProps, "ref"> & RefAttributes<SVGSVGElement>'.
  Property 'title' does not exist on type 'IntrinsicAttributes & Omit<LucideProps, "ref"> & RefAttributes<SVGSVGElement>'.
src/components/virtual/VirtualAuditLog.tsx(490,69): error TS2322: Type '{ className: string; title: string; }' is not assignable to type 'IntrinsicAttributes & Omit<LucideProps, "ref"> & RefAttributes<SVGSVGElement>'.
  Property 'title' does not exist on type 'IntrinsicAttributes & Omit<LucideProps, "ref"> & RefAttributes<SVGSVGElement>'.
src/components/virtual/VirtualJournalList.tsx(10,20): error TS2305: Module '"lucide-react"' has no exported member 'Mood'.
src/components/virtual/VirtualJournalList.tsx(142,18): error TS7006: Parameter 'entry' implicitly has an 'any' type.
src/components/virtual/VirtualJournalList.tsx(268,14): error TS2604: JSX element type 'EnergyIcon' does not have any construct or call signatures.
src/components/virtual/VirtualJournalList.tsx(268,14): error TS2786: 'EnergyIcon' cannot be used as a JSX component.
  Its type 'ForwardRefExoticComponent<Omit<LucideProps, "ref"> & RefAttributes<SVGSVGElement>> | undefined' is not a valid JSX element type.
    Type 'undefined' is not assignable to type 'ElementType'.
src/components/virtual/VirtualMessageList.tsx(10,10): error TS2305: Module '"react-window"' has no exported member 'FixedSizeList'.
src/components/virtual/VirtualMessageList.tsx(97,18): error TS7006: Parameter 'message' implicitly has an 'any' type.
src/components/virtual/VirtualMoodHistory.tsx(198,57): error TS2532: Object is possibly 'undefined'.
src/components/virtual/VirtualMoodHistory.tsx(218,11): error TS2322: Type 'string | undefined' is not assignable to type 'string'.
  Type 'undefined' is not assignable to type 'string'.
src/components/virtual/VirtualMoodHistory.tsx(223,11): error TS2322: Type 'string | undefined' is not assignable to type 'string'.
  Type 'undefined' is not assignable to type 'string'.
src/components/virtual/VirtualMoodHistory.tsx(232,11): error TS2322: Type 'string | undefined' is not assignable to type 'string'.
  Type 'undefined' is not assignable to type 'string'.
src/components/virtual/VirtualMoodHistory.tsx(301,34): error TS2345: Argument of type 'string | undefined' is not assignable to parameter of type 'string'.
  Type 'undefined' is not assignable to type 'string'.
src/components/virtual/VirtualMoodHistory.tsx(301,50): error TS2345: Argument of type 'string | undefined' is not assignable to parameter of type 'string'.
  Type 'undefined' is not assignable to type 'string'.
src/components/virtual/VirtualPostFeed.tsx(133,18): error TS7006: Parameter 'post' implicitly has an 'any' type.
src/components/virtual/VirtualPostFeed.tsx(133,24): error TS7006: Parameter 'index' implicitly has an 'any' type.
src/components/wellness/ProfessionalConnectionHub.tsx(32,15): error TS2305: Module '"../../contexts/AuthContext"' has no exported member 'AuthContextType'.
src/components/wellness/TherapeuticTools/TherapeuticToolsHub.tsx(29,24): error TS2305: Module '"../../../contexts/AuthContext"' has no exported member 'AuthContextType'.
src/components/wellness/WellnessDashboard.tsx(34,24): error TS2305: Module '"../../contexts/AuthContext"' has no exported member 'AuthContextType'.
src/hooks/useVirtualScroll.ts(93,11): error TS2339: Property 'startMeasurement' does not exist on type '{ metrics: PerformanceMetrics | null; isMonitoring: boolean; startMonitoring: () => (() => void) | undefined; stopMonitoring: () => void; getMetricRating: (metricName: keyof PerformanceThresholds, value: number) => "good" | ... 1 more ... | "needs-improvement"; getPerformanceScore: (currentMetrics: PerformanceMetric...'.
src/hooks/useVirtualScroll.ts(93,29): error TS2339: Property 'endMeasurement' does not exist on type '{ metrics: PerformanceMetrics | null; isMonitoring: boolean; startMonitoring: () => (() => void) | undefined; stopMonitoring: () => void; getMetricRating: (metricName: keyof PerformanceThresholds, value: number) => "good" | ... 1 more ... | "needs-improvement"; getPerformanceScore: (currentMetrics: PerformanceMetric...'.
src/hooks/useVirtualScroll.ts(269,13): error TS18048: 'entry' is possibly 'undefined'.
src/hooks/useVirtualScroll.ts(548,22): error TS2345: Argument of type 'T | undefined' is not assignable to parameter of type 'T'.
  'T' could be instantiated with an arbitrary type which could be unrelated to 'T | undefined'.
src/hooks/useWebSocket.ts(74,73): error TS2339: Property 'accessToken' does not exist on type 'Session'.
src/lib/accessibility/index.ts(132,11): error TS18048: 'lastElement' is possibly 'undefined'.
src/lib/accessibility/index.ts(137,11): error TS18048: 'firstElement' is possibly 'undefined'.
src/lib/accessibility/index.ts(152,5): error TS18048: 'firstElement' is possibly 'undefined'.
src/lib/accessibility/index.ts(255,7): error TS2532: Object is possibly 'undefined'.
src/lib/accessibility/index.ts(382,21): error TS18048: 'rs' is possibly 'undefined'.
src/lib/accessibility/index.ts(382,35): error TS18048: 'gs' is possibly 'undefined'.
src/lib/accessibility/index.ts(382,49): error TS18048: 'bs' is possibly 'undefined'.
src/lib/accessibility/index.ts(388,19): error TS2345: Argument of type 'string | undefined' is not assignable to parameter of type 'string'.
  Type 'undefined' is not assignable to type 'string'.
src/lib/accessibility/index.ts(389,19): error TS2345: Argument of type 'string | undefined' is not assignable to parameter of type 'string'.
  Type 'undefined' is not assignable to type 'string'.
src/lib/accessibility/index.ts(390,19): error TS2345: Argument of type 'string | undefined' is not assignable to parameter of type 'string'.
  Type 'undefined' is not assignable to type 'string'.
src/lib/api-middleware.ts(53,7): error TS2322: Type '{ userId: string; action: string; resource: string; details: { requiredRoles: $Enums.UserRole[]; userRole: $Enums.UserRole; method: string; }; outcome: string; ipAddress: string; userAgent: string; }' is not assignable to type '(Without<AuditLogCreateInput, AuditLogUncheckedCreateInput> & AuditLogUncheckedCreateInput) | (Without<...> & AuditLogCreateInput)'.
  Type '{ userId: string; action: string; resource: string; details: { requiredRoles: $Enums.UserRole[]; userRole: $Enums.UserRole; method: string; }; outcome: string; ipAddress: string; userAgent: string; }' is not assignable to type 'Without<AuditLogCreateInput, AuditLogUncheckedCreateInput> & AuditLogUncheckedCreateInput'.
    Property 'id' is missing in type '{ userId: string; action: string; resource: string; details: { requiredRoles: $Enums.UserRole[]; userRole: $Enums.UserRole; method: string; }; outcome: string; ipAddress: string; userAgent: string; }' but required in type 'AuditLogUncheckedCreateInput'.
src/lib/api-middleware.ts(87,7): error TS2322: Type '{ userId: string; action: string; resource: string; details: { requiredPermission: string; userRole: $Enums.UserRole; method: string; }; outcome: string; ipAddress: string; userAgent: string; }' is not assignable to type '(Without<AuditLogCreateInput, AuditLogUncheckedCreateInput> & AuditLogUncheckedCreateInput) | (Without<...> & AuditLogCreateInput)'.
  Type '{ userId: string; action: string; resource: string; details: { requiredPermission: string; userRole: $Enums.UserRole; method: string; }; outcome: string; ipAddress: string; userAgent: string; }' is not assignable to type 'Without<AuditLogCreateInput, AuditLogUncheckedCreateInput> & AuditLogUncheckedCreateInput'.
    Property 'id' is missing in type '{ userId: string; action: string; resource: string; details: { requiredPermission: string; userRole: $Enums.UserRole; method: string; }; outcome: string; ipAddress: string; userAgent: string; }' but required in type 'AuditLogUncheckedCreateInput'.
src/lib/api-middleware.ts(128,9): error TS2322: Type 'string | null' is not assignable to type 'NullableJsonNullValueInput | InputJsonValue | undefined'.
  Type 'null' is not assignable to type 'NullableJsonNullValueInput | InputJsonValue | undefined'.
src/lib/api-middleware.ts(145,56): error TS2339: Property 'errors' does not exist on type 'ZodError<unknown>'.
src/lib/api-middleware.ts(155,31): error TS2339: Property 'errors' does not exist on type 'ZodError<unknown>'.
src/lib/api-utils.ts(93,9): error TS2322: Type 'string | null' is not assignable to type 'NullableJsonNullValueInput | InputJsonValue | undefined'.
  Type 'null' is not assignable to type 'NullableJsonNullValueInput | InputJsonValue | undefined'.
src/lib/api-utils.ts(114,45): error TS2339: Property 'errors' does not exist on type 'ZodError<unknown>'.
src/lib/api-utils.ts(114,56): error TS7006: Parameter 'e' implicitly has an 'any' type.
src/lib/api-utils.ts(405,3): error TS2322: Type 'string | undefined' is not assignable to type 'string'.
  Type 'undefined' is not assignable to type 'string'.
src/lib/api-utils.ts(423,46): error TS2345: Argument of type 'string | undefined' is not assignable to parameter of type 'BinaryLike'.
  Type 'undefined' is not assignable to type 'BinaryLike'.
src/lib/audit-logger.ts(35,9): error TS2353: Object literal may only specify known properties, and 'createdAt' does not exist in type '(Without<AuditLogCreateInput, AuditLogUncheckedCreateInput> & AuditLogUncheckedCreateInput) | (Without<...> & AuditLogCreateInput)'.
src/lib/audit/audit-service.ts(362,39): error TS2339: Property 'auditEvent' does not exist on type 'PrismaClient<PrismaClientOptions, never, DefaultArgs>'.
src/lib/audit/audit-service.ts(365,35): error TS2339: Property 'auditEvent' does not exist on type 'PrismaClient<PrismaClientOptions, never, DefaultArgs>'.
src/lib/audit/audit-service.ts(375,42): error TS7006: Parameter 'event' implicitly has an 'any' type.
src/lib/audit/audit-service.ts(405,49): error TS2345: Argument of type '{ startDate: string; endDate: string; limit: number; }' is not assignable to parameter of type '{ page: number; limit: number; sortBy: string; sortOrder: "asc" | "desc"; startDate?: string | undefined; endDate?: string | undefined; categories?: AuditEventCategory[] | undefined; ... 10 more ...; searchQuery?: string | undefined; }'.
  Type '{ startDate: string; endDate: string; limit: number; }' is missing the following properties from type '{ page: number; limit: number; sortBy: string; sortOrder: "asc" | "desc"; startDate?: string | undefined; endDate?: string | undefined; categories?: AuditEventCategory[] | undefined; ... 10 more ...; searchQuery?: string | undefined; }': page, sortBy, sortOrder
src/lib/audit/audit-service.ts(478,20): error TS2339: Property 'auditEvent' does not exist on type 'PrismaClient<PrismaClientOptions, never, DefaultArgs>'.
src/lib/audit/audit-service.ts(528,12): error TS2790: The operand of a 'delete' operator must be optional.
src/lib/audit/audit-service.ts(529,12): error TS2790: The operand of a 'delete' operator must be optional.
src/lib/audit/middleware.ts(398,12): error TS2532: Object is possibly 'undefined'.
src/lib/auth.ts(79,15): error TS2561: Object literal may only specify known properties, but 'userProfile' does not exist in type 'UserInclude<DefaultArgs>'. Did you mean to write 'UserProfile'?
src/lib/auth.ts(110,15): error TS2322: Type '{ userId: string | null; action: string; resource: string; details: { email: string; reason: string; }; outcome: string; }' is not assignable to type '(Without<AuditLogCreateInput, AuditLogUncheckedCreateInput> & AuditLogUncheckedCreateInput) | (Without<...> & AuditLogCreateInput)'.
  Type '{ userId: string | null; action: string; resource: string; details: { email: string; reason: string; }; outcome: string; }' is not assignable to type 'Without<AuditLogCreateInput, AuditLogUncheckedCreateInput> & AuditLogUncheckedCreateInput'.
    Property 'id' is missing in type '{ userId: string | null; action: string; resource: string; details: { email: string; reason: string; }; outcome: string; }' but required in type 'AuditLogUncheckedCreateInput'.
src/lib/auth.ts(128,15): error TS2322: Type '{ userId: string; action: string; resource: string; details: { reason: string; }; outcome: string; }' is not assignable to type '(Without<AuditLogCreateInput, AuditLogUncheckedCreateInput> & AuditLogUncheckedCreateInput) | (Without<...> & AuditLogCreateInput)'.
  Type '{ userId: string; action: string; resource: string; details: { reason: string; }; outcome: string; }' is not assignable to type 'Without<AuditLogCreateInput, AuditLogUncheckedCreateInput> & AuditLogUncheckedCreateInput'.
    Property 'id' is missing in type '{ userId: string; action: string; resource: string; details: { reason: string; }; outcome: string; }' but required in type 'AuditLogUncheckedCreateInput'.
src/lib/auth.ts(142,15): error TS2322: Type '{ userId: string; action: string; resource: string; details: { reason: string; lockedUntil: string; }; outcome: string; }' is not assignable to type '(Without<AuditLogCreateInput, AuditLogUncheckedCreateInput> & AuditLogUncheckedCreateInput) | (Without<...> & AuditLogCreateInput)'.
  Type '{ userId: string; action: string; resource: string; details: { reason: string; lockedUntil: string; }; outcome: string; }' is not assignable to type 'Without<AuditLogCreateInput, AuditLogUncheckedCreateInput> & AuditLogUncheckedCreateInput'.
    Property 'id' is missing in type '{ userId: string; action: string; resource: string; details: { reason: string; lockedUntil: string; }; outcome: string; }' but required in type 'AuditLogUncheckedCreateInput'.
src/lib/auth.ts(169,13): error TS2322: Type '{ userId: string; action: string; resource: string; details: { email: string | null; role: $Enums.UserRole; method: string; }; outcome: string; }' is not assignable to type '(Without<AuditLogCreateInput, AuditLogUncheckedCreateInput> & AuditLogUncheckedCreateInput) | (Without<...> & AuditLogCreateInput)'.
  Type '{ userId: string; action: string; resource: string; details: { email: string | null; role: $Enums.UserRole; method: string; }; outcome: string; }' is not assignable to type 'Without<AuditLogCreateInput, AuditLogUncheckedCreateInput> & AuditLogUncheckedCreateInput'.
    Property 'id' is missing in type '{ userId: string; action: string; resource: string; details: { email: string | null; role: $Enums.UserRole; method: string; }; outcome: string; }' but required in type 'AuditLogUncheckedCreateInput'.
src/lib/auth.ts(184,50): error TS2339: Property 'userProfile' does not exist on type '{ role: UserRole; isEmailVerified: boolean; id: string; email: string | null; anonymousId: string; hashedPassword: string | null; permissions: string[]; isActive: boolean; isTwoFactorEnabled: boolean; ... 17 more ...; updatedAt: Date; }'.
src/lib/auth.ts(185,52): error TS2339: Property 'helperProfile' does not exist on type '{ role: UserRole; isEmailVerified: boolean; id: string; email: string | null; anonymousId: string; hashedPassword: string | null; permissions: string[]; isActive: boolean; isTwoFactorEnabled: boolean; ... 17 more ...; updatedAt: Date; }'.
src/lib/auth.ts(186,55): error TS2339: Property 'helperProfile' does not exist on type '{ role: UserRole; isEmailVerified: boolean; id: string; email: string | null; anonymousId: string; hashedPassword: string | null; permissions: string[]; isActive: boolean; isTwoFactorEnabled: boolean; ... 17 more ...; updatedAt: Date; }'.
src/lib/auth.ts(187,62): error TS2339: Property 'helperProfile' does not exist on type '{ role: UserRole; isEmailVerified: boolean; id: string; email: string | null; anonymousId: string; hashedPassword: string | null; permissions: string[]; isActive: boolean; isTwoFactorEnabled: boolean; ... 17 more ...; updatedAt: Date; }'.
src/lib/auth.ts(188,51): error TS2339: Property 'adminProfile' does not exist on type '{ role: UserRole; isEmailVerified: boolean; id: string; email: string | null; anonymousId: string; hashedPassword: string | null; permissions: string[]; isActive: boolean; isTwoFactorEnabled: boolean; ... 17 more ...; updatedAt: Date; }'.
src/lib/auth.ts(189,57): error TS2339: Property 'adminProfile' does not exist on type '{ role: UserRole; isEmailVerified: boolean; id: string; email: string | null; anonymousId: string; hashedPassword: string | null; permissions: string[]; isActive: boolean; isTwoFactorEnabled: boolean; ... 17 more ...; updatedAt: Date; }'.
src/lib/auth.ts(204,13): error TS2322: Type '{ userId: string | null; action: string; resource: string; details: { email: string; errorType: string; }; outcome: string; }' is not assignable to type '(Without<AuditLogCreateInput, AuditLogUncheckedCreateInput> & AuditLogUncheckedCreateInput) | (Without<...> & AuditLogCreateInput)'.
  Type '{ userId: string | null; action: string; resource: string; details: { email: string; errorType: string; }; outcome: string; }' is not assignable to type 'Without<AuditLogCreateInput, AuditLogUncheckedCreateInput> & AuditLogUncheckedCreateInput'.
    Property 'id' is missing in type '{ userId: string | null; action: string; resource: string; details: { email: string; errorType: string; }; outcome: string; }' but required in type 'AuditLogUncheckedCreateInput'.
src/lib/auth.ts(279,15): error TS2322: Type '{ email: any; firstName: any; lastName: any; displayName: any; avatarUrl: any; isEmailVerified: any; role: "USER"; privacySettings: string; }' is not assignable to type '(Without<UserCreateInput, UserUncheckedCreateInput> & UserUncheckedCreateInput) | (Without<...> & UserCreateInput)'.
  Type '{ email: any; firstName: any; lastName: any; displayName: any; avatarUrl: any; isEmailVerified: any; role: "USER"; privacySettings: string; }' is not assignable to type 'Without<UserUncheckedCreateInput, UserCreateInput> & UserCreateInput'.
    Type '{ email: any; firstName: any; lastName: any; displayName: any; avatarUrl: any; isEmailVerified: any; role: "USER"; privacySettings: string; }' is missing the following properties from type 'UserCreateInput': id, anonymousId, updatedAt
src/lib/auth.ts(297,15): error TS2322: Type '{ userId: string; mentalHealthGoals: never[]; interestedTopics: never[]; preferredCommunication: string[]; crisisContacts: string; notificationSettings: string; }' is not assignable to type '(Without<UserProfileCreateInput, UserProfileUncheckedCreateInput> & UserProfileUncheckedCreateInput) | (Without<...> & UserProfileCreateInput)'.
  Type '{ userId: string; mentalHealthGoals: never[]; interestedTopics: never[]; preferredCommunication: string[]; crisisContacts: string; notificationSettings: string; }' is not assignable to type 'Without<UserProfileCreateInput, UserProfileUncheckedCreateInput> & UserProfileUncheckedCreateInput'.
    Type '{ userId: string; mentalHealthGoals: never[]; interestedTopics: never[]; preferredCommunication: string[]; crisisContacts: string; notificationSettings: string; }' is missing the following properties from type 'UserProfileUncheckedCreateInput': id, updatedAt
src/lib/auth.ts(325,9): error TS2322: Type '{ userId: string; action: string; resource: string; details: { provider: string | undefined; isNewUser: boolean | undefined; }; outcome: string; }' is not assignable to type '(Without<AuditLogCreateInput, AuditLogUncheckedCreateInput> & AuditLogUncheckedCreateInput) | (Without<...> & AuditLogCreateInput)'.
  Type '{ userId: string; action: string; resource: string; details: { provider: string | undefined; isNewUser: boolean | undefined; }; outcome: string; }' is not assignable to type 'Without<AuditLogCreateInput, AuditLogUncheckedCreateInput> & AuditLogUncheckedCreateInput'.
    Property 'id' is missing in type '{ userId: string; action: string; resource: string; details: { provider: string | undefined; isNewUser: boolean | undefined; }; outcome: string; }' but required in type 'AuditLogUncheckedCreateInput'.
src/lib/auth.ts(342,11): error TS2322: Type '{ userId: string; action: string; resource: string; outcome: string; }' is not assignable to type '(Without<AuditLogCreateInput, AuditLogUncheckedCreateInput> & AuditLogUncheckedCreateInput) | (Without<...> & AuditLogCreateInput)'.
  Type '{ userId: string; action: string; resource: string; outcome: string; }' is not assignable to type 'Without<AuditLogCreateInput, AuditLogUncheckedCreateInput> & AuditLogUncheckedCreateInput'.
    Property 'id' is missing in type '{ userId: string; action: string; resource: string; outcome: string; }' but required in type 'AuditLogUncheckedCreateInput'.
src/lib/auth/mfa-service.ts(110,20): error TS2353: Object literal may only specify known properties, and 'mfaSettings' does not exist in type 'UserInclude<DefaultArgs>'.
src/lib/auth/mfa-service.ts(118,32): error TS2339: Property 'mfaSettings' does not exist on type '{ id: string; createdAt: Date; updatedAt: Date; email: string | null; firstName: string | null; lastName: string | null; displayName: string | null; phoneNumber: string | null; ... 18 more ...; lockedUntil: Date | null; }'.
src/lib/auth/mfa-service.ts(120,17): error TS7006: Parameter 'setting' implicitly has an 'any' type.
src/lib/auth/mfa-service.ts(121,14): error TS7006: Parameter 'setting' implicitly has an 'any' type.
src/lib/auth/mfa-service.ts(153,20): error TS2339: Property 'mFASettings' does not exist on type 'PrismaClient<PrismaClientOptions, never, DefaultArgs>'.
src/lib/auth/mfa-service.ts(239,20): error TS2339: Property 'mFASettings' does not exist on type 'PrismaClient<PrismaClientOptions, never, DefaultArgs>'.
src/lib/auth/mfa-service.ts(321,40): error TS2339: Property 'mFASettings' does not exist on type 'PrismaClient<PrismaClientOptions, never, DefaultArgs>'.
src/lib/auth/mfa-service.ts(360,22): error TS2339: Property 'mFASettings' does not exist on type 'PrismaClient<PrismaClientOptions, never, DefaultArgs>'.
src/lib/auth/mfa-service.ts(388,44): error TS2339: Property 'mFASettings' does not exist on type 'PrismaClient<PrismaClientOptions, never, DefaultArgs>'.
src/lib/auth/mfa-service.ts(399,60): error TS7006: Parameter 'code' implicitly has an 'any' type.
src/lib/auth/mfa-service.ts(440,40): error TS2339: Property 'mFASettings' does not exist on type 'PrismaClient<PrismaClientOptions, never, DefaultArgs>'.
src/lib/auth/mfa-service.ts(495,22): error TS2339: Property 'mFASettings' does not exist on type 'PrismaClient<PrismaClientOptions, never, DefaultArgs>'.
src/lib/auth/mfa-service.ts(523,20): error TS2339: Property 'mFASettings' does not exist on type 'PrismaClient<PrismaClientOptions, never, DefaultArgs>'.
src/lib/auth/mfa-service.ts(578,40): error TS2339: Property 'mFASettings' does not exist on type 'PrismaClient<PrismaClientOptions, never, DefaultArgs>'.
src/lib/auth/mfa-service.ts(659,20): error TS2339: Property 'mFASettings' does not exist on type 'PrismaClient<PrismaClientOptions, never, DefaultArgs>'.
src/lib/auth/mfa-service.ts(731,20): error TS2532: Object is possibly 'undefined'.
src/lib/auth/mfa-service.ts(732,20): error TS2532: Object is possibly 'undefined'.
src/lib/auth/mfa-service.ts(733,20): error TS2532: Object is possibly 'undefined'.
src/lib/auth/mfa-service.ts(734,20): error TS2532: Object is possibly 'undefined'.
src/lib/auth/mfa-service.ts(735,19): error TS2532: Object is possibly 'undefined'.
src/lib/auth/mfa-service.ts(759,20): error TS2339: Property 'mFASettings' does not exist on type 'PrismaClient<PrismaClientOptions, never, DefaultArgs>'.
src/lib/auth/mfa-service.ts(773,58): error TS2769: No overload matches this call.
  The last overload gave the following error.
    Object literal may only specify known properties, and 'iv' does not exist in type 'TransformOptions<Transform>'.
src/lib/auth/mfa-service.ts(787,28): error TS2769: No overload matches this call.
  Overload 1 of 4, '(arrayBuffer: WithImplicitCoercion<ArrayBufferLike>, byteOffset?: number | undefined, length?: number | undefined): Buffer<ArrayBufferLike>', gave the following error.
    Argument of type 'string | undefined' is not assignable to parameter of type 'WithImplicitCoercion<ArrayBufferLike>'.
      Type 'undefined' is not assignable to type 'WithImplicitCoercion<ArrayBufferLike>'.
  Overload 2 of 4, '(string: WithImplicitCoercion<string>, encoding?: BufferEncoding | undefined): Buffer<ArrayBuffer>', gave the following error.
    Argument of type 'string | undefined' is not assignable to parameter of type 'WithImplicitCoercion<string>'.
      Type 'undefined' is not assignable to type 'WithImplicitCoercion<string>'.
src/lib/auth/mfa-service.ts(788,29): error TS2769: No overload matches this call.
  Overload 1 of 4, '(arrayBuffer: WithImplicitCoercion<ArrayBufferLike>, byteOffset?: number | undefined, length?: number | undefined): Buffer<ArrayBufferLike>', gave the following error.
    Argument of type 'string | undefined' is not assignable to parameter of type 'WithImplicitCoercion<ArrayBufferLike>'.
      Type 'undefined' is not assignable to type 'WithImplicitCoercion<ArrayBufferLike>'.
  Overload 2 of 4, '(string: WithImplicitCoercion<string>, encoding?: BufferEncoding | undefined): Buffer<ArrayBuffer>', gave the following error.
    Argument of type 'string | undefined' is not assignable to parameter of type 'WithImplicitCoercion<string>'.
      Type 'undefined' is not assignable to type 'WithImplicitCoercion<string>'.
src/lib/auth/mfa-service.ts(790,62): error TS2769: No overload matches this call.
  The last overload gave the following error.
    Object literal may only specify known properties, and 'iv' does not exist in type 'TransformOptions<Transform>'.
src/lib/auth/mfa-service.ts(793,37): error TS2769: No overload matches this call.
  Overload 1 of 4, '(data: ArrayBufferView<ArrayBufferLike>, inputEncoding: undefined, outputEncoding: Encoding): string', gave the following error.
    Argument of type 'string | undefined' is not assignable to parameter of type 'ArrayBufferView<ArrayBufferLike>'.
      Type 'undefined' is not assignable to type 'ArrayBufferView<ArrayBufferLike>'.
  Overload 2 of 4, '(data: string, inputEncoding: Encoding | undefined, outputEncoding: Encoding): string', gave the following error.
    Argument of type 'string | undefined' is not assignable to parameter of type 'string'.
      Type 'undefined' is not assignable to type 'string'.
src/lib/auth/mfa-service.ts(794,5): error TS2322: Type 'string' is not assignable to type 'Buffer<ArrayBufferLike> & string'.
  Type 'string' is not assignable to type 'Buffer<ArrayBufferLike>'.
src/lib/auth/mfa-service.ts(806,9): error TS18048: 'username' is possibly 'undefined'.
src/lib/auth/mfa-service.ts(807,15): error TS18048: 'username' is possibly 'undefined'.
src/lib/auth/mfa.ts(7,31): error TS2307: Cannot find module 'otplib' or its corresponding type declarations.
src/lib/auth/mfa.ts(8,20): error TS2307: Cannot find module 'qrcode' or its corresponding type declarations.
src/lib/auth/mfa.ts(96,18): error TS2339: Property 'mfaSetup' does not exist on type 'PrismaClient<PrismaClientOptions, never, DefaultArgs>'.
src/lib/auth/mfa.ts(144,32): error TS2339: Property 'mfaSetup' does not exist on type 'PrismaClient<PrismaClientOptions, never, DefaultArgs>'.
src/lib/auth/mfa.ts(192,14): error TS2339: Property 'mfaBackupCode' does not exist on type 'PrismaClient<PrismaClientOptions, never, DefaultArgs>'.
src/lib/auth/mfa.ts(200,14): error TS2339: Property 'mfaSetup' does not exist on type 'PrismaClient<PrismaClientOptions, never, DefaultArgs>'.
src/lib/auth/mfa.ts(240,18): error TS2339: Property 'mfaSMSCode' does not exist on type 'PrismaClient<PrismaClientOptions, never, DefaultArgs>'.
src/lib/auth/mfa.ts(288,34): error TS2339: Property 'mfaLockout' does not exist on type 'PrismaClient<PrismaClientOptions, never, DefaultArgs>'.
src/lib/auth/mfa.ts(321,20): error TS2339: Property 'mfaAttempt' does not exist on type 'PrismaClient<PrismaClientOptions, never, DefaultArgs>'.
src/lib/auth/mfa.ts(345,37): error TS2339: Property 'mfaAttempt' does not exist on type 'PrismaClient<PrismaClientOptions, never, DefaultArgs>'.
src/lib/auth/mfa.ts(354,22): error TS2339: Property 'mfaLockout' does not exist on type 'PrismaClient<PrismaClientOptions, never, DefaultArgs>'.
src/lib/auth/mfa.ts(416,32): error TS2339: Property 'mfaSMSCode' does not exist on type 'PrismaClient<PrismaClientOptions, never, DefaultArgs>'.
src/lib/auth/mfa.ts(430,16): error TS2339: Property 'mfaSMSCode' does not exist on type 'PrismaClient<PrismaClientOptions, never, DefaultArgs>'.
src/lib/auth/mfa.ts(444,35): error TS2339: Property 'mfaBackupCode' does not exist on type 'PrismaClient<PrismaClientOptions, never, DefaultArgs>'.
src/lib/auth/mfa.ts(457,16): error TS2339: Property 'mfaBackupCode' does not exist on type 'PrismaClient<PrismaClientOptions, never, DefaultArgs>'.
src/lib/auth/mfa.ts(469,7): error TS2561: Object literal may only specify known properties, but 'priority' does not exist in type 'Without<NotificationCreateInput, NotificationUncheckedCreateInput> & NotificationUncheckedCreateInput'. Did you mean to write 'isPriority'?
src/lib/auth/mfa.ts(507,31): error TS2339: Property 'trustedDevice' does not exist on type 'PrismaClient<PrismaClientOptions, never, DefaultArgs>'.
src/lib/auth/mfa.ts(518,18): error TS2339: Property 'trustedDevice' does not exist on type 'PrismaClient<PrismaClientOptions, never, DefaultArgs>'.
src/lib/auth/mfa.ts(540,16): error TS2339: Property 'trustedDevice' does not exist on type 'PrismaClient<PrismaClientOptions, never, DefaultArgs>'.
src/lib/auth/mfa.ts(561,18): error TS2339: Property 'trustedDevice' does not exist on type 'PrismaClient<PrismaClientOptions, never, DefaultArgs>'.
src/lib/auth/mfa.ts(598,36): error TS2339: Property 'mfaBackupCode' does not exist on type 'PrismaClient<PrismaClientOptions, never, DefaultArgs>'.
src/lib/auth/mfa.ts(605,39): error TS2339: Property 'trustedDevice' does not exist on type 'PrismaClient<PrismaClientOptions, never, DefaultArgs>'.
src/lib/auth/mfa.ts(627,40): error TS7006: Parameter 'd' implicitly has an 'any' type.
src/lib/auth/mfa.ts(644,16): error TS2339: Property 'mfaBackupCode' does not exist on type 'PrismaClient<PrismaClientOptions, never, DefaultArgs>'.
src/lib/auth/mfa.ts(653,16): error TS2339: Property 'mfaBackupCode' does not exist on type 'PrismaClient<PrismaClientOptions, never, DefaultArgs>'.
src/lib/auth/mfa.ts(686,14): error TS2339: Property 'mfaBackupCode' does not exist on type 'PrismaClient<PrismaClientOptions, never, DefaultArgs>'.
src/lib/auth/mfa.ts(690,14): error TS2339: Property 'trustedDevice' does not exist on type 'PrismaClient<PrismaClientOptions, never, DefaultArgs>'.
src/lib/auth/mfa.ts(720,16): error TS2339: Property 'mfaAttempt' does not exist on type 'PrismaClient<PrismaClientOptions, never, DefaultArgs>'.
src/lib/auth/rbac.ts(299,33): error TS2339: Property 'permissionGrant' does not exist on type 'PrismaClient<PrismaClientOptions, never, DefaultArgs>'.
src/lib/auth/rbac.ts(323,39): error TS2339: Property 'permissionGrantUse' does not exist on type 'PrismaClient<PrismaClientOptions, never, DefaultArgs>'.
src/lib/auth/rbac.ts(333,22): error TS2339: Property 'permissionGrantUse' does not exist on type 'PrismaClient<PrismaClientOptions, never, DefaultArgs>'.
src/lib/auth/rbac.ts(438,30): error TS2339: Property 'permissionGrant' does not exist on type 'PrismaClient<PrismaClientOptions, never, DefaultArgs>'.
src/lib/auth/rbac.ts(477,16): error TS2339: Property 'permissionGrant' does not exist on type 'PrismaClient<PrismaClientOptions, never, DefaultArgs>'.
src/lib/auth/rbac.ts(611,32): error TS2345: Argument of type 'UserRole' is not assignable to parameter of type '"THERAPIST" | "CRISIS_COUNSELOR" | "ADMIN" | "SUPER_ADMIN"'.
  Type '"USER"' is not assignable to type '"THERAPIST" | "CRISIS_COUNSELOR" | "ADMIN" | "SUPER_ADMIN"'.
src/lib/auth/rbac.ts(627,18): error TS2339: Property 'emergencyAccess' does not exist on type 'PrismaClient<PrismaClientOptions, never, DefaultArgs>'.
src/lib/cache/cache-manager.ts(15,8): error TS1192: Module '"h:/Astral Core/NEW CORE/AstralCoreV5/node_modules/lru-cache/dist/esm/index"' has no default export.
src/lib/cache/cache-manager.ts(153,11): error TS2564: Property 'stats' has no initializer and is not definitely assigned in the constructor.
src/lib/cache/cache-manager.ts(166,17): error TS7006: Parameter 'key' implicitly has an 'any' type.
src/lib/cache/cache-manager.ts(166,22): error TS7006: Parameter 'value' implicitly has an 'any' type.
src/lib/cache/cache-manager.ts(731,10): error TS1205: Re-exporting a type when 'isolatedModules' is enabled requires using 'export type'.
src/lib/cache/cache-manager.ts(731,22): error TS1205: Re-exporting a type when 'isolatedModules' is enabled requires using 'export type'.
src/lib/cache/cache-manager.ts(731,44): error TS1205: Re-exporting a type when 'isolatedModules' is enabled requires using 'export type'.
src/lib/cache/cache-middleware.ts(190,16): error TS2339: Property 'private' does not exist on type '{ readonly ttl: 3600; readonly compression: true; readonly etag: true; } | { readonly ttl: 7200; readonly compression: true; readonly etag: true; } | { readonly ttl: 1800; readonly compression: true; readonly etag: true; } | ... 7 more ... | { ...; }'.
  Property 'private' does not exist on type '{ readonly ttl: 3600; readonly compression: true; readonly etag: true; }'.
src/lib/cache/cache-middleware.ts(219,44): error TS2345: Argument of type 'Response' is not assignable to parameter of type 'NextResponse<unknown>'.
  Type 'Response' is missing the following properties from type 'NextResponse<unknown>': cookies, [INTERNALS]
src/lib/cache/cache-utils.ts(28,14): error TS2323: Cannot redeclare exported variable 'CacheKeyUtils'.
src/lib/cache/cache-utils.ts(95,9): error TS2322: Type 'string | undefined' is not assignable to type 'string'.
  Type 'undefined' is not assignable to type 'string'.
src/lib/cache/cache-utils.ts(145,31): error TS2322: Type 'string | undefined' is not assignable to type 'string | null'.
  Type 'undefined' is not assignable to type 'string | null'.
src/lib/cache/cache-utils.ts(161,7): error TS2322: Type 'string | undefined' is not assignable to type 'string'.
  Type 'undefined' is not assignable to type 'string'.
src/lib/cache/cache-utils.ts(162,7): error TS2322: Type 'string | undefined' is not assignable to type 'string'.
  Type 'undefined' is not assignable to type 'string'.
src/lib/cache/cache-utils.ts(189,14): error TS2323: Cannot redeclare exported variable 'SerializationUtils'.
src/lib/cache/cache-utils.ts(278,14): error TS2323: Cannot redeclare exported variable 'CompressionUtils'.
src/lib/cache/cache-utils.ts(440,14): error TS2323: Cannot redeclare exported variable 'CacheTagging'.
src/lib/cache/cache-utils.ts(533,14): error TS2323: Cannot redeclare exported variable 'CacheWarmingUtils'.
src/lib/cache/cache-utils.ts(618,14): error TS2323: Cannot redeclare exported variable 'CachePerformanceUtils'.
src/lib/cache/cache-utils.ts(718,14): error TS2323: Cannot redeclare exported variable 'HIPAACacheUtils'.
src/lib/cache/cache-utils.ts(868,3): error TS2323: Cannot redeclare exported variable 'CacheKeyUtils'.
src/lib/cache/cache-utils.ts(868,3): error TS2484: Export declaration conflicts with exported declaration of 'CacheKeyUtils'.
src/lib/cache/cache-utils.ts(869,3): error TS2323: Cannot redeclare exported variable 'SerializationUtils'.
src/lib/cache/cache-utils.ts(869,3): error TS2484: Export declaration conflicts with exported declaration of 'SerializationUtils'.
src/lib/cache/cache-utils.ts(870,3): error TS2323: Cannot redeclare exported variable 'CompressionUtils'.
src/lib/cache/cache-utils.ts(870,3): error TS2484: Export declaration conflicts with exported declaration of 'CompressionUtils'.
src/lib/cache/cache-utils.ts(871,3): error TS2323: Cannot redeclare exported variable 'CacheTagging'.
src/lib/cache/cache-utils.ts(871,3): error TS2484: Export declaration conflicts with exported declaration of 'CacheTagging'.
src/lib/cache/cache-utils.ts(872,3): error TS2323: Cannot redeclare exported variable 'CacheWarmingUtils'.
src/lib/cache/cache-utils.ts(872,3): error TS2484: Export declaration conflicts with exported declaration of 'CacheWarmingUtils'.
src/lib/cache/cache-utils.ts(873,3): error TS2323: Cannot redeclare exported variable 'CachePerformanceUtils'.
src/lib/cache/cache-utils.ts(873,3): error TS2484: Export declaration conflicts with exported declaration of 'CachePerformanceUtils'.
src/lib/cache/cache-utils.ts(874,3): error TS2323: Cannot redeclare exported variable 'HIPAACacheUtils'.
src/lib/cache/cache-utils.ts(874,3): error TS2484: Export declaration conflicts with exported declaration of 'HIPAACacheUtils'.
src/lib/cache/redis-cache.ts(92,29): error TS2339: Property 'GCM' does not exist on type 'typeof mode'.
src/lib/cache/redis-cache.ts(112,44): error TS2345: Argument of type 'string | undefined' is not assignable to parameter of type 'string'.
  Type 'undefined' is not assignable to type 'string'.
src/lib/cache/redis-cache.ts(116,46): error TS2345: Argument of type 'string | undefined' is not assignable to parameter of type 'string | CipherParams'.
  Type 'undefined' is not assignable to type 'string | CipherParams'.
src/lib/cache/redis-cache.ts(118,29): error TS2339: Property 'GCM' does not exist on type 'typeof mode'.
src/lib/cache/redis.ts(295,15): error TS2488: Type '[error: Error | null, result: unknown] | undefined' must have a '[Symbol.iterator]()' method that returns an iterator.
src/lib/cache/redis.ts(517,27): error TS2345: Argument of type 'string | undefined' is not assignable to parameter of type 'string'.
  Type 'undefined' is not assignable to type 'string'.
src/lib/community/moderation.ts(265,7): error TS2322: Type '{ userId: string; score: number; factors: {}; history: { action: "positive" | "negative"; adjustment: number; timestamp: Date; }[]; }' is not assignable to type '(Without<TrustMetricCreateInput, TrustMetricUncheckedCreateInput> & TrustMetricUncheckedCreateInput) | (Without<...> & TrustMetricCreateInput)'.
  Type '{ userId: string; score: number; factors: {}; history: { action: "positive" | "negative"; adjustment: number; timestamp: Date; }[]; }' is not assignable to type 'Without<TrustMetricUncheckedCreateInput, TrustMetricCreateInput> & TrustMetricCreateInput'.
    Property 'id' is missing in type '{ userId: string; score: number; factors: {}; history: { action: "positive" | "negative"; adjustment: number; timestamp: Date; }[]; }' but required in type 'TrustMetricCreateInput'.
src/lib/community/moderation.ts(290,7): error TS2322: Type '{ type: string; severity: "none" | "medium" | "high" | "low"; userId: string; context: string; indicators: string[]; handled: false; actions: string[]; }' is not assignable to type '(Without<SafetyAlertCreateInput, SafetyAlertUncheckedCreateInput> & SafetyAlertUncheckedCreateInput) | (Without<...> & SafetyAlertCreateInput)'.
  Type '{ type: string; severity: "none" | "medium" | "high" | "low"; userId: string; context: string; indicators: string[]; handled: false; actions: string[]; }' is not assignable to type 'Without<SafetyAlertUncheckedCreateInput, SafetyAlertCreateInput> & SafetyAlertCreateInput'.
    Property 'id' is missing in type '{ type: string; severity: "none" | "medium" | "high" | "low"; userId: string; context: string; indicators: string[]; handled: false; actions: string[]; }' but required in type 'SafetyAlertCreateInput'.
src/lib/community/moderation.ts(309,11): error TS2322: Type '{ detection: CrisisDetectionResult; timestamp: Date; }' is not assignable to type 'JsonNull | InputJsonValue'.
  Types of property 'detection' are incompatible.
    Type 'CrisisDetectionResult' is not assignable to type 'InputJsonValue | null | undefined'.
      Type 'CrisisDetectionResult' is not assignable to type 'InputJsonObject'.
        Index signature for type 'string' is missing in type 'CrisisDetectionResult'.
src/lib/community/moderation.ts(331,11): error TS2322: Type '{ userId: string; type: string; title: string; message: string; isPriority: true; metadata: { userId: string; level: "none" | "medium" | "high" | "low"; }; }' is not assignable to type '(Without<NotificationCreateInput, NotificationUncheckedCreateInput> & NotificationUncheckedCreateInput) | (Without<...> & NotificationCreateInput)'.
  Type '{ userId: string; type: string; title: string; message: string; isPriority: true; metadata: { userId: string; level: "none" | "medium" | "high" | "low"; }; }' is not assignable to type 'Without<NotificationCreateInput, NotificationUncheckedCreateInput> & NotificationUncheckedCreateInput'.
    Property 'id' is missing in type '{ userId: string; type: string; title: string; message: string; isPriority: true; metadata: { userId: string; level: "none" | "medium" | "high" | "low"; }; }' but required in type 'NotificationUncheckedCreateInput'.
src/lib/crisis-alert-system.ts(39,34): error TS2339: Property 'crisisAlert' does not exist on type 'PrismaClient<PrismaClientOptions, never, DefaultArgs>'.
src/lib/crisis-alert-system.ts(58,22): error TS2339: Property 'crisisAlert' does not exist on type 'PrismaClient<PrismaClientOptions, never, DefaultArgs>'.
src/lib/crisis-alert-system.ts(108,11): error TS2353: Object literal may only specify known properties, and 'assignedCrisisReports' does not exist in type 'UserInclude<DefaultArgs>'.
src/lib/crisis-alert-system.ts(118,27): error TS2339: Property 'assignedCrisisReports' does not exist on type '{ role: UserRole; isEmailVerified: boolean; id: string; email: string | null; anonymousId: string; hashedPassword: string | null; permissions: string[]; isActive: boolean; isTwoFactorEnabled: boolean; ... 17 more ...; updatedAt: Date; }'.
src/lib/crisis-alert-system.ts(118,60): error TS2339: Property 'assignedCrisisReports' does not exist on type '{ role: UserRole; isEmailVerified: boolean; id: string; email: string | null; anonymousId: string; hashedPassword: string | null; permissions: string[]; isActive: boolean; isTwoFactorEnabled: boolean; ... 17 more ...; updatedAt: Date; }'.
src/lib/crisis-alert-system.ts(119,40): error TS2339: Property 'assignedCrisisReports' does not exist on type '{ role: UserRole; isEmailVerified: boolean; id: string; email: string | null; anonymousId: string; hashedPassword: string | null; permissions: string[]; isActive: boolean; isTwoFactorEnabled: boolean; ... 17 more ...; updatedAt: Date; }'.
src/lib/crisis-alert-system.ts(140,30): error TS2339: Property 'sendToUser' does not exist on type 'WebSocketServer'.
src/lib/crisis-alert-system.ts(169,17): error TS7030: Not all code paths return a value.
src/lib/crisis-alert-system.ts(174,11): error TS2353: Object literal may only specify known properties, and 'type' does not exist in type '(Without<CrisisReportCreateInput, CrisisReportUncheckedCreateInput> & CrisisReportUncheckedCreateInput) | (Without<...> & CrisisReportCreateInput)'.
src/lib/crisis-alert-system.ts(191,20): error TS2339: Property 'crisisAlert' does not exist on type 'PrismaClient<PrismaClientOptions, never, DefaultArgs>'.
src/lib/crisis-alert-system.ts(210,36): error TS2339: Property 'crisisAlert' does not exist on type 'PrismaClient<PrismaClientOptions, never, DefaultArgs>'.
src/lib/crisis-alert-system.ts(234,34): error TS2339: Property 'crisisAlert' does not exist on type 'PrismaClient<PrismaClientOptions, never, DefaultArgs>'.
src/lib/crisis-alert-system.ts(243,20): error TS2339: Property 'crisisAlert' does not exist on type 'PrismaClient<PrismaClientOptions, never, DefaultArgs>'.
src/lib/crisis-alert-system.ts(254,33): error TS2322: Type '"SUPERVISOR"' is not assignable to type 'UserRole'.
src/lib/crisis-alert-system.ts(260,30): error TS2339: Property 'sendToUser' does not exist on type 'WebSocketServer'.
src/lib/crisis-alert-system.ts(303,50): error TS2339: Property 'crisisAlert' does not exist on type 'PrismaClient<PrismaClientOptions, never, DefaultArgs>'.
src/lib/crisis-alert-system.ts(310,20): error TS2339: Property 'crisisAlert' does not exist on type 'PrismaClient<PrismaClientOptions, never, DefaultArgs>'.
src/lib/crisis-alert-system.ts(325,30): error TS2339: Property 'sendToUser' does not exist on type 'WebSocketServer'.
src/lib/crisis-alert-system.ts(362,20): error TS2339: Property 'crisisAlert' does not exist on type 'PrismaClient<PrismaClientOptions, never, DefaultArgs>'.
src/lib/crisis-alert-system.ts(371,34): error TS2339: Property 'crisisAlert' does not exist on type 'PrismaClient<PrismaClientOptions, never, DefaultArgs>'.
src/lib/crisis-alert-system.ts(379,13): error TS2353: Object literal may only specify known properties, and 'status' does not exist in type '(Without<CrisisReportUpdateInput, CrisisReportUncheckedUpdateInput> & CrisisReportUncheckedUpdateInput) | (Without<...> & CrisisReportUpdateInput)'.
src/lib/crisis-alert-system.ts(446,13): error TS2353: Object literal may only specify known properties, and 'autoDetected' does not exist in type '{ keywordTriggers?: string[] | undefined; confidenceScore?: number | undefined; sources?: string[] | undefined; relatedReports?: string[] | undefined; }'.
src/lib/database/db-maintenance.ts(79,11): error TS2564: Property 'pool' has no initializer and is not definitely assigned in the constructor.
src/lib/database/db-maintenance.ts(80,11): error TS2564: Property 'prisma' has no initializer and is not definitely assigned in the constructor.
src/lib/database/db-maintenance.ts(1193,35): error TS2345: Argument of type 'string | undefined' is not assignable to parameter of type 'string'.
  Type 'undefined' is not assignable to type 'string'.
src/lib/database/db-maintenance.ts(1194,33): error TS2345: Argument of type 'string | undefined' is not assignable to parameter of type 'string'.
  Type 'undefined' is not assignable to type 'string'.
src/lib/database/db-maintenance.ts(1195,39): error TS2345: Argument of type 'string | undefined' is not assignable to parameter of type 'string'.
  Type 'undefined' is not assignable to type 'string'.
src/lib/database/db-maintenance.ts(1196,34): error TS2345: Argument of type 'string | undefined' is not assignable to parameter of type 'string'.
  Type 'undefined' is not assignable to type 'string'.
src/lib/database/db-maintenance.ts(1197,38): error TS2345: Argument of type 'string | undefined' is not assignable to parameter of type 'string'.
  Type 'undefined' is not assignable to type 'string'.
src/lib/database/db-performance.ts(102,11): error TS2564: Property 'pool' has no initializer and is not definitely assigned in the constructor.
src/lib/database/db-performance.ts(103,11): error TS2564: Property 'prisma' has no initializer and is not definitely assigned in the constructor.
src/lib/database/optimization.ts(28,10): error TS2339: Property '$use' does not exist on type 'OptimizedPrismaClient'.
src/lib/database/optimization.ts(29,10): error TS2339: Property '$use' does not exist on type 'OptimizedPrismaClient'.
src/lib/database/optimization.ts(36,20): error TS2694: Namespace '"h:/Astral Core/NEW CORE/AstralCoreV5/node_modules/.prisma/client/index".Prisma' has no exported member 'MiddlewareParams'.
src/lib/database/optimization.ts(37,27): error TS2694: Namespace '"h:/Astral Core/NEW CORE/AstralCoreV5/node_modules/.prisma/client/index".Prisma' has no exported member 'MiddlewareParams'.
src/lib/database/optimization.ts(85,20): error TS2694: Namespace '"h:/Astral Core/NEW CORE/AstralCoreV5/node_modules/.prisma/client/index".Prisma' has no exported member 'MiddlewareParams'.
src/lib/database/optimization.ts(86,27): error TS2694: Namespace '"h:/Astral Core/NEW CORE/AstralCoreV5/node_modules/.prisma/client/index".Prisma' has no exported member 'MiddlewareParams'.
src/lib/database/optimization.ts(330,30): error TS7006: Parameter 'err' implicitly has an 'any' type.
src/lib/database/optimized-queries.ts(503,29): error TS2532: Object is possibly 'undefined'.
src/lib/database/query-optimization.ts(195,11): error TS2353: Object literal may only specify known properties, and 'name' does not exist in type 'UserSelect<DefaultArgs>'.
src/lib/database/query-optimization.ts(238,18): error TS2551: Property 'therapySession' does not exist on type 'PrismaClient<PrismaClientOptions, never, DefaultArgs>'. Did you mean 'therapistSession'?
src/lib/database/query-optimization.ts(251,19): error TS2353: Object literal may only specify known properties, and 'deletedAt' does not exist in type 'CommunityPostWhereInput'.
src/lib/database/query-optimization.ts(255,18): error TS2339: Property 'wellnessGoal' does not exist on type 'PrismaClient<PrismaClientOptions, never, DefaultArgs>'.
src/lib/database/query-optimization.ts(263,18): error TS2339: Property 'wellnessMetric' does not exist on type 'PrismaClient<PrismaClientOptions, never, DefaultArgs>'.
src/lib/database/query-optimization.ts(299,20): error TS2339: Property 'crisisResource' does not exist on type 'PrismaClient<PrismaClientOptions, never, DefaultArgs>'.
src/lib/database/query-optimization.ts(377,15): error TS2353: Object literal may only specify known properties, and 'tags' does not exist in type 'CommunityPostSelect<DefaultArgs>'.
src/lib/database/query-optimization.ts(418,17): error TS2353: Object literal may only specify known properties, and 'isFeatured' does not exist in type 'CommunityPostOrderByWithRelationInput'.
src/lib/database/query-optimization.ts(453,20): error TS2551: Property 'therapySession' does not exist on type 'PrismaClient<PrismaClientOptions, never, DefaultArgs>'. Did you mean 'therapistSession'?
src/lib/database/query-optimizer.ts(93,11): error TS2564: Property 'prisma' has no initializer and is not definitely assigned in the constructor.
src/lib/database/query-optimizer.ts(94,11): error TS2564: Property 'pool' has no initializer and is not definitely assigned in the constructor.
src/lib/database/query-optimizer.ts(126,17): error TS2339: Property '$use' does not exist on type 'PrismaClient<PrismaClientOptions, never, DefaultArgs>'.
src/lib/database/query-optimizer.ts(127,17): error TS2339: Property '$use' does not exist on type 'PrismaClient<PrismaClientOptions, never, DefaultArgs>'.
src/lib/database/query-optimizer.ts(128,17): error TS2339: Property '$use' does not exist on type 'PrismaClient<PrismaClientOptions, never, DefaultArgs>'.
src/lib/database/query-optimizer.ts(131,21): error TS2345: Argument of type '"query"' is not assignable to parameter of type 'never'.
src/lib/database/query-optimizer.ts(132,21): error TS2345: Argument of type '"error"' is not assignable to parameter of type 'never'.
src/lib/database/query-optimizer.ts(209,20): error TS2694: Namespace '"h:/Astral Core/NEW CORE/AstralCoreV5/node_modules/.prisma/client/index".Prisma' has no exported member 'MiddlewareParams'.
src/lib/database/query-optimizer.ts(210,27): error TS2694: Namespace '"h:/Astral Core/NEW CORE/AstralCoreV5/node_modules/.prisma/client/index".Prisma' has no exported member 'MiddlewareParams'.
src/lib/database/query-optimizer.ts(259,20): error TS2694: Namespace '"h:/Astral Core/NEW CORE/AstralCoreV5/node_modules/.prisma/client/index".Prisma' has no exported member 'MiddlewareParams'.
src/lib/database/query-optimizer.ts(260,27): error TS2694: Namespace '"h:/Astral Core/NEW CORE/AstralCoreV5/node_modules/.prisma/client/index".Prisma' has no exported member 'MiddlewareParams'.
src/lib/database/query-optimizer.ts(298,20): error TS2694: Namespace '"h:/Astral Core/NEW CORE/AstralCoreV5/node_modules/.prisma/client/index".Prisma' has no exported member 'MiddlewareParams'.
src/lib/database/query-optimizer.ts(299,27): error TS2694: Namespace '"h:/Astral Core/NEW CORE/AstralCoreV5/node_modules/.prisma/client/index".Prisma' has no exported member 'MiddlewareParams'.
src/lib/database/query-optimizer.ts(335,49): error TS2694: Namespace '"h:/Astral Core/NEW CORE/AstralCoreV5/node_modules/.prisma/client/index".Prisma' has no exported member 'MiddlewareParams'.
src/lib/database/query-optimizer.ts(359,49): error TS2694: Namespace '"h:/Astral Core/NEW CORE/AstralCoreV5/node_modules/.prisma/client/index".Prisma' has no exported member 'MiddlewareParams'.
src/lib/database/query-optimizer.ts(396,20): error TS2694: Namespace '"h:/Astral Core/NEW CORE/AstralCoreV5/node_modules/.prisma/client/index".Prisma' has no exported member 'MiddlewareParams'.
src/lib/database/query-optimizer.ts(528,44): error TS2694: Namespace '"h:/Astral Core/NEW CORE/AstralCoreV5/node_modules/.prisma/client/index".Prisma' has no exported member 'MiddlewareParams'.
src/lib/database/query-optimizer.ts(579,9): error TS2322: Type '{ action: string; resource: any; resourceId: any; details: any; outcome: string; userId: any; timestamp: any; }' is not assignable to type '(Without<AuditLogCreateInput, AuditLogUncheckedCreateInput> & AuditLogUncheckedCreateInput) | (Without<...> & AuditLogCreateInput)'.
  Type '{ action: string; resource: any; resourceId: any; details: any; outcome: string; userId: any; timestamp: any; }' is not assignable to type 'Without<AuditLogUncheckedCreateInput, AuditLogCreateInput> & AuditLogCreateInput'.
    Property 'id' is missing in type '{ action: string; resource: any; resourceId: any; details: any; outcome: string; userId: any; timestamp: any; }' but required in type 'AuditLogCreateInput'.
src/lib/database/query-optimizer.ts(594,51): error TS2694: Namespace '"h:/Astral Core/NEW CORE/AstralCoreV5/node_modules/.prisma/client/index".Prisma' has no exported member 'MiddlewareParams'.
src/lib/encryption/api-utils.ts(43,7): error TS2862: Type 'T' is generic and can only be indexed for reading.
src/lib/encryption/api-utils.ts(50,9): error TS2862: Type 'T' is generic and can only be indexed for reading.
src/lib/encryption/api-utils.ts(110,11): error TS7053: Element implicitly has an 'any' type because expression of type 'string' can't be used to index type 'Record<string, any> | Record<string, any>[]'.
  No index signature with a parameter of type 'string' was found on type 'Record<string, any> | Record<string, any>[]'.
src/lib/encryption/api-utils.ts(113,11): error TS7053: Element implicitly has an 'any' type because expression of type 'string' can't be used to index type 'Record<string, any> | Record<string, any>[]'.
  No index signature with a parameter of type 'string' was found on type 'Record<string, any> | Record<string, any>[]'.
src/lib/encryption/api-utils.ts(120,14): error TS7053: Element implicitly has an 'any' type because expression of type '`${string}_hash`' can't be used to index type 'Record<string, any> | Record<string, any>[]'.
src/lib/encryption/field-encryption.ts(40,3): error TS2740: Type 'ArrayBuffer' is missing the following properties from type 'Buffer<ArrayBufferLike>': subarray, write, toJSON, equals, and 99 more.
src/lib/encryption/field-encryption.ts(109,58): error TS2769: No overload matches this call.
  The last overload gave the following error.
    Object literal may only specify known properties, and 'iv' does not exist in type 'TransformOptions<Transform>'.
src/lib/encryption/field-encryption.ts(161,62): error TS2769: No overload matches this call.
  The last overload gave the following error.
    Object literal may only specify known properties, and 'iv' does not exist in type 'TransformOptions<Transform>'.
src/lib/encryption/prisma-middleware.ts(170,54): error TS2339: Property 'data' does not exist on type 'object'.
src/lib/encryption/prisma-middleware.ts(211,54): error TS2694: Namespace '"h:/Astral Core/NEW CORE/AstralCoreV5/node_modules/.prisma/client/index".Prisma' has no exported member 'Middleware'.
src/lib/encryption/prisma-middleware.ts(212,17): error TS7006: Parameter 'params' implicitly has an 'any' type.
src/lib/encryption/prisma-middleware.ts(212,25): error TS7006: Parameter 'next' implicitly has an 'any' type.
src/lib/error-handling/error-handler.ts(68,16): error TS2540: Cannot assign to 'requestId' because it is a read-only property.
src/lib/error-handling/error-handler.ts(69,16): error TS2540: Cannot assign to 'userId' because it is a read-only property.
src/lib/error-handling/error-handler.ts(70,16): error TS2540: Cannot assign to 'sessionId' because it is a read-only property.
src/lib/error-handling/error-handler.ts(131,15): error TS2540: Cannot assign to 'context' because it is a read-only property.
src/lib/error-handling/error-handler.ts(190,13): error TS2540: Cannot assign to 'severity' because it is a read-only property.
src/lib/error-handling/error-handler.ts(293,20): error TS2339: Property 'errorLog' does not exist on type 'PrismaClient<PrismaClientOptions, never, DefaultArgs>'.
src/lib/error-handling/error-handler.ts(334,9): error TS2353: Object literal may only specify known properties, and 'errorId' does not exist in type '{ errorCode: string; errorMessage: string; stackTrace?: string | undefined; }'.
src/lib/error-handling/error-handler.ts(350,59): error TS2339: Property 'HIPAA_VIOLATION' does not exist on type 'typeof AuditEventCategory'.
src/lib/error-handling/error-handler.ts(351,55): error TS2339: Property 'DATA_BREACH' does not exist on type 'typeof AuditEventCategory'.
src/lib/error-handling/error-handler.ts(356,52): error TS2339: Property 'SYSTEM_ERROR' does not exist on type 'typeof AuditEventCategory'.
src/lib/error-handling/error-handler.ts(454,13): error TS2561: Object literal may only specify known properties, but 'priority' does not exist in type 'Without<NotificationCreateInput, NotificationUncheckedCreateInput> & NotificationUncheckedCreateInput'. Did you mean to write 'isPriority'?
src/lib/error-handling/error-handler.ts(476,20): error TS2339: Property 'incidentReport' does not exist on type 'PrismaClient<PrismaClientOptions, never, DefaultArgs>'.
src/lib/error-handling/error-handler.ts(508,36): error TS2339: Property 'HIPAA_VIOLATION' does not exist on type 'typeof AuditEventCategory'.
src/lib/error-handling/error-handler.ts(526,18): error TS2339: Property 'complianceTask' does not exist on type 'PrismaClient<PrismaClientOptions, never, DefaultArgs>'.
src/lib/error-handling/error-handler.ts(568,20): error TS2339: Property 'errorLog' does not exist on type 'PrismaClient<PrismaClientOptions, never, DefaultArgs>'.
src/lib/error-handling/error-middleware.ts(90,22): error TS2339: Property 'errors' does not exist on type 'ZodError<T>'.
src/lib/error-handling/error-middleware.ts(166,9): error TS2345: Argument of type '"RATE_LIMIT"' is not assignable to parameter of type 'ErrorCategory | undefined'.
src/lib/error-handling/logger.ts(260,23): error TS2532: Object is possibly 'undefined'.
src/lib/error-handling/logger.ts(373,20): error TS2339: Property 'systemLog' does not exist on type 'PrismaClient<PrismaClientOptions, never, DefaultArgs>'.
src/lib/export-utils.ts(2,24): error TS2307: Cannot find module 'json2csv' or its corresponding type declarations.
src/lib/export-utils.ts(3,25): error TS2307: Cannot find module 'pdfkit' or its corresponding type declarations.
src/lib/export-utils.ts(4,22): error TS2307: Cannot find module 'archiver' or its corresponding type declarations.
src/lib/file-utils.ts(6,19): error TS2307: Cannot find module 'sharp' or its corresponding type declarations.
src/lib/file-utils.ts(142,23): error TS2339: Property 'getAuthTag' does not exist on type 'Cipher'.
src/lib/file-utils.ts(153,14): error TS2339: Property 'setAuthTag' does not exist on type 'Decipher'.
src/lib/file-utils.ts(369,20): error TS7053: Element implicitly has an 'any' type because expression of type 'string' can't be used to index type '{ 'application/pdf': { ext: string; category: string; }; 'application/msword': { ext: string; category: string; }; 'application/vnd.openxmlformats-officedocument.wordprocessingml.document': { ...; }; ... 13 more ...; 'video/ogg': { ...; }; }'.
  No index signature with a parameter of type 'string' was found on type '{ 'application/pdf': { ext: string; category: string; }; 'application/msword': { ext: string; category: string; }; 'application/vnd.openxmlformats-officedocument.wordprocessingml.document': { ...; }; ... 13 more ...; 'video/ogg': { ...; }; }'.
src/lib/file-utils.ts(374,20): error TS7053: Element implicitly has an 'any' type because expression of type 'string' can't be used to index type '{ 'application/pdf': { ext: string; category: string; }; 'application/msword': { ext: string; category: string; }; 'application/vnd.openxmlformats-officedocument.wordprocessingml.document': { ...; }; ... 13 more ...; 'video/ogg': { ...; }; }'.
  No index signature with a parameter of type 'string' was found on type '{ 'application/pdf': { ext: string; category: string; }; 'application/msword': { ext: string; category: string; }; 'application/vnd.openxmlformats-officedocument.wordprocessingml.document': { ...; }; ... 13 more ...; 'video/ogg': { ...; }; }'.
src/lib/monitoring/alert-manager.ts(8,24): error TS2307: Cannot find module 'nodemailer' or its corresponding type declarations.
src/lib/monitoring/alert-manager.ts(690,10): error TS18048: 'nextLevel' is possibly 'undefined'.
src/lib/monitoring/alert-manager.ts(702,20): error TS2769: No overload matches this call.
  Overload 1 of 2, '(timeout: string | number | Timeout | undefined): void', gave the following error.
    Argument of type 'Timer' is not assignable to parameter of type 'string | number | Timeout | undefined'.
      Type 'Timer' is missing the following properties from type 'Timeout': close, _onTimeout, [Symbol.dispose]
  Overload 2 of 2, '(id: number | undefined): void', gave the following error.
    Argument of type 'Timer' is not assignable to parameter of type 'number'.
src/lib/monitoring/analytics.ts(214,7): error TS2739: Type '{ anonymizeUsers: boolean; hashUserIds: boolean; }' is missing the following properties from type '{ anonymizeUsers: boolean; hashUserIds: boolean; excludeFields: string[]; consentRequired: boolean; }': excludeFields, consentRequired
src/lib/monitoring/analytics.ts(484,24): error TS2532: Object is possibly 'undefined'.
src/lib/monitoring/analytics.ts(484,74): error TS2532: Object is possibly 'undefined'.
src/lib/monitoring/analytics.ts(825,5): error TS2532: Object is possibly 'undefined'.
src/lib/monitoring/analytics.ts(826,5): error TS2532: Object is possibly 'undefined'.
src/lib/monitoring/analytics.ts(827,5): error TS2532: Object is possibly 'undefined'.
src/lib/monitoring/analytics.ts(1103,21): error TS2769: No overload matches this call.
  Overload 1 of 2, '(timeout: string | number | Timeout | undefined): void', gave the following error.
    Argument of type 'Timer' is not assignable to parameter of type 'string | number | Timeout | undefined'.
      Type 'Timer' is missing the following properties from type 'Timeout': close, _onTimeout, [Symbol.dispose]
  Overload 2 of 2, '(id: number | undefined): void', gave the following error.
    Argument of type 'Timer' is not assignable to parameter of type 'number'.
src/lib/monitoring/analytics.ts(1115,3): error TS2484: Export declaration conflicts with exported declaration of 'AnalyticsEvent'.
src/lib/monitoring/analytics.ts(1116,3): error TS2484: Export declaration conflicts with exported declaration of 'AnalyticsEventType'.
src/lib/monitoring/analytics.ts(1117,3): error TS2484: Export declaration conflicts with exported declaration of 'UserJourney'.
src/lib/monitoring/analytics.ts(1118,3): error TS2484: Export declaration conflicts with exported declaration of 'FeatureUsage'.
src/lib/monitoring/analytics.ts(1119,3): error TS2484: Export declaration conflicts with exported declaration of 'TreatmentOutcome'.
src/lib/monitoring/analytics.ts(1120,3): error TS2484: Export declaration conflicts with exported declaration of 'CrisisAnalytics'.
src/lib/monitoring/analytics.ts(1121,3): error TS2484: Export declaration conflicts with exported declaration of 'EngagementMetrics'.
src/lib/monitoring/analytics.ts(1122,3): error TS2484: Export declaration conflicts with exported declaration of 'AnalyticsConfig'.
src/lib/monitoring/audit-trail.ts(312,41): error TS2345: Argument of type '{ startTime: number; endTime: number; }' is not assignable to parameter of type '{ start: number; end: number; }'.
  Type '{ startTime: number; endTime: number; }' is missing the following properties from type '{ start: number; end: number; }': start, end
src/lib/monitoring/audit-trail.ts(774,11): error TS2322: Type 'AuditEvent | undefined' is not assignable to type 'AuditEvent'.
  Type 'undefined' is not assignable to type 'AuditEvent'.
src/lib/monitoring/audit-trail.ts(827,26): error TS2769: No overload matches this call.
  Overload 1 of 2, '(timeout: string | number | Timeout | undefined): void', gave the following error.
    Argument of type 'Timer' is not assignable to parameter of type 'string | number | Timeout | undefined'.
      Type 'Timer' is missing the following properties from type 'Timeout': close, _onTimeout, [Symbol.dispose]
  Overload 2 of 2, '(id: number | undefined): void', gave the following error.
    Argument of type 'Timer' is not assignable to parameter of type 'number'.
src/lib/monitoring/config.ts(316,10): error TS2678: Type '"staging"' is not comparable to type '"development" | "production" | "test"'.
src/lib/monitoring/config.ts(377,15): error TS2484: Export declaration conflicts with exported declaration of 'MonitoringConfig'.
src/lib/monitoring/error-tracker.ts(598,5): error TS2532: Object is possibly 'undefined'.
src/lib/monitoring/error-tracker.ts(599,5): error TS2532: Object is possibly 'undefined'.
src/lib/monitoring/error-tracker.ts(600,5): error TS2532: Object is possibly 'undefined'.
src/lib/monitoring/error-tracker.ts(798,21): error TS2769: No overload matches this call.
  Overload 1 of 2, '(timeout: string | number | Timeout | undefined): void', gave the following error.
    Argument of type 'Timer' is not assignable to parameter of type 'string | number | Timeout | undefined'.
      Type 'Timer' is missing the following properties from type 'Timeout': close, _onTimeout, [Symbol.dispose]
  Overload 2 of 2, '(id: number | undefined): void', gave the following error.
    Argument of type 'Timer' is not assignable to parameter of type 'number'.
src/lib/monitoring/error-tracker.ts(859,3): error TS2484: Export declaration conflicts with exported declaration of 'ErrorInfo'.
src/lib/monitoring/error-tracker.ts(860,3): error TS2484: Export declaration conflicts with exported declaration of 'ErrorGroup'.
src/lib/monitoring/error-tracker.ts(861,3): error TS2484: Export declaration conflicts with exported declaration of 'ErrorStats'.
src/lib/monitoring/error-tracker.ts(862,3): error TS2484: Export declaration conflicts with exported declaration of 'Breadcrumb'.
src/lib/monitoring/error-tracker.ts(863,3): error TS2484: Export declaration conflicts with exported declaration of 'ErrorReportConfig'.
src/lib/monitoring/health-check.ts(271,21): error TS2769: No overload matches this call.
  Overload 1 of 2, '(timeout: string | number | Timeout | undefined): void', gave the following error.
    Argument of type 'Timer' is not assignable to parameter of type 'string | number | Timeout | undefined'.
      Type 'Timer' is missing the following properties from type 'Timeout': close, _onTimeout, [Symbol.dispose]
  Overload 2 of 2, '(id: number | undefined): void', gave the following error.
    Argument of type 'Timer' is not assignable to parameter of type 'number'.
src/lib/monitoring/health-check.ts(296,11): error TS2783: 'responseTime' is specified more than once, so this usage will be overwritten.
src/lib/monitoring/health-check.ts(348,15): error TS2339: Property 'neonDb' does not exist on type 'typeof import("h:/Astral Core/NEW CORE/AstralCoreV5/src/lib/neon-database")'.
src/lib/monitoring/health-check.ts(354,9): error TS2741: Property 'responseTime' is missing in type '{ status: "healthy"; message: string; details: { host: string; driver: string; }; }' but required in type 'Omit<HealthCheckResult, "name" | "timestamp">'.
src/lib/monitoring/health-check.ts(363,9): error TS2741: Property 'responseTime' is missing in type '{ status: "unhealthy"; message: string; }' but required in type 'Omit<HealthCheckResult, "name" | "timestamp">'.
src/lib/monitoring/health-check.ts(369,7): error TS2741: Property 'responseTime' is missing in type '{ status: "unhealthy"; message: string; error: string; }' but required in type 'Omit<HealthCheckResult, "name" | "timestamp">'.
src/lib/monitoring/health-check.ts(396,9): error TS2741: Property 'responseTime' is missing in type '{ status: "healthy"; message: string; details: { host: string; }; }' but required in type 'Omit<HealthCheckResult, "name" | "timestamp">'.
src/lib/monitoring/health-check.ts(404,9): error TS2741: Property 'responseTime' is missing in type '{ status: "degraded"; message: string; }' but required in type 'Omit<HealthCheckResult, "name" | "timestamp">'.
src/lib/monitoring/health-check.ts(411,7): error TS2741: Property 'responseTime' is missing in type '{ status: "degraded"; message: string; error: string; }' but required in type 'Omit<HealthCheckResult, "name" | "timestamp">'.
src/lib/monitoring/health-check.ts(429,9): error TS2741: Property 'responseTime' is missing in type '{ status: "healthy"; message: string; details: { enabled: boolean; port: string; }; }' but required in type 'Omit<HealthCheckResult, "name" | "timestamp">'.
src/lib/monitoring/health-check.ts(438,9): error TS2741: Property 'responseTime' is missing in type '{ status: "degraded"; message: string; details: { enabled: boolean; }; }' but required in type 'Omit<HealthCheckResult, "name" | "timestamp">'.
src/lib/monitoring/health-check.ts(447,7): error TS2741: Property 'responseTime' is missing in type '{ status: "unhealthy"; message: string; error: string; }' but required in type 'Omit<HealthCheckResult, "name" | "timestamp">'.
src/lib/monitoring/health-check.ts(472,7): error TS2741: Property 'responseTime' is missing in type '{ status: "healthy"; message: string; details: { configured_services: number; }; }' but required in type 'Omit<HealthCheckResult, "name" | "timestamp">'.
src/lib/monitoring/health-check.ts(487,9): error TS2741: Property 'responseTime' is missing in type '{ status: "healthy"; message: string; details: { total: number; successful: number; failed: number; }; }' but required in type 'Omit<HealthCheckResult, "name" | "timestamp">'.
src/lib/monitoring/health-check.ts(497,9): error TS2741: Property 'responseTime' is missing in type '{ status: "degraded"; message: string; details: { total: number; successful: number; failed: number; }; }' but required in type 'Omit<HealthCheckResult, "name" | "timestamp">'.
src/lib/monitoring/health-check.ts(507,9): error TS2741: Property 'responseTime' is missing in type '{ status: "unhealthy"; message: string; details: { total: number; successful: number; failed: number; }; }' but required in type 'Omit<HealthCheckResult, "name" | "timestamp">'.
src/lib/monitoring/health-check.ts(518,7): error TS2741: Property 'responseTime' is missing in type '{ status: "unhealthy"; message: string; error: string; }' but required in type 'Omit<HealthCheckResult, "name" | "timestamp">'.
src/lib/monitoring/health-check.ts(571,9): error TS2741: Property 'responseTime' is missing in type '{ status: "unhealthy"; message: string; details: { memory: { used: number; total: number; percentage: number; status: HealthStatus; }; cpu: { usage: number; loadAverage: number[]; status: HealthStatus; }; disk: { used: number; total: number; percentage: number; status: HealthStatus; }; }; }' but required in type 'Omit<HealthCheckResult, "name" | "timestamp">'.
src/lib/monitoring/health-check.ts(584,9): error TS2741: Property 'responseTime' is missing in type '{ status: "degraded"; message: string; details: { memory: { used: number; total: number; percentage: number; status: HealthStatus; }; cpu: { usage: number; loadAverage: number[]; status: HealthStatus; }; disk: { used: number; total: number; percentage: number; status: HealthStatus; }; }; }' but required in type 'Omit<HealthCheckResult, "name" | "timestamp">'.
src/lib/monitoring/health-check.ts(591,7): error TS2741: Property 'responseTime' is missing in type '{ status: "healthy"; message: string; details: { memory: { used: number; total: number; percentage: number; status: HealthStatus; }; cpu: { usage: number; loadAverage: number[]; status: HealthStatus; }; disk: { used: number; total: number; percentage: number; status: HealthStatus; }; }; }' but required in type 'Omit<HealthCheckResult, "name" | "timestamp">'.
src/lib/monitoring/health-check.ts(597,7): error TS2741: Property 'responseTime' is missing in type '{ status: "unhealthy"; message: string; error: string; }' but required in type 'Omit<HealthCheckResult, "name" | "timestamp">'.
src/lib/monitoring/index.ts(26,8): error TS2300: Duplicate identifier 'HealthStatus'.
src/lib/monitoring/index.ts(39,8): error TS2300: Duplicate identifier 'AlertSeverity'.
src/lib/monitoring/index.ts(49,8): error TS2300: Duplicate identifier 'AuditEventType'.
src/lib/monitoring/index.ts(73,8): error TS2300: Duplicate identifier 'AnalyticsEventType'.
src/lib/monitoring/index.ts(88,5): error TS2304: Cannot find name 'healthCheckService'.
src/lib/monitoring/index.ts(92,5): error TS2304: Cannot find name 'performanceMonitor'.
src/lib/monitoring/index.ts(96,5): error TS2304: Cannot find name 'errorTracker'.
src/lib/monitoring/index.ts(100,5): error TS2304: Cannot find name 'analyticsService'.
src/lib/monitoring/index.ts(106,15): error TS2304: Cannot find name 'healthCheckService'.
src/lib/monitoring/index.ts(107,20): error TS2304: Cannot find name 'performanceMonitor'.
src/lib/monitoring/index.ts(108,15): error TS2304: Cannot find name 'alertManager'.
src/lib/monitoring/index.ts(109,14): error TS2304: Cannot find name 'auditTrailService'.
src/lib/monitoring/index.ts(110,15): error TS2304: Cannot find name 'errorTracker'.
src/lib/monitoring/index.ts(111,18): error TS2304: Cannot find name 'analyticsService'.
src/lib/monitoring/index.ts(122,5): error TS2304: Cannot find name 'healthCheckService'.
src/lib/monitoring/index.ts(123,5): error TS2304: Cannot find name 'performanceMonitor'.
src/lib/monitoring/index.ts(124,5): error TS2304: Cannot find name 'alertManager'.
src/lib/monitoring/index.ts(125,5): error TS2304: Cannot find name 'auditTrailService'.
src/lib/monitoring/index.ts(136,49): error TS7006: Parameter 's' implicitly has an 'any' type.
src/lib/monitoring/index.ts(160,3): error TS2300: Duplicate identifier 'HealthStatus'.
src/lib/monitoring/index.ts(161,3): error TS2300: Duplicate identifier 'AlertSeverity'.
src/lib/monitoring/index.ts(162,3): error TS2300: Duplicate identifier 'AuditEventType'.
src/lib/monitoring/index.ts(163,3): error TS2300: Duplicate identifier 'AnalyticsEventType'.
src/lib/monitoring/monitoring-integration.ts(54,16): error TS2339: Property 'on' does not exist on type 'NextResponse<unknown>'.
src/lib/monitoring/monitoring-integration.ts(63,11): error TS2322: Type 'string | null' is not assignable to type 'string | undefined'.
  Type 'null' is not assignable to type 'string | undefined'.
src/lib/monitoring/monitoring-integration.ts(77,13): error TS2322: Type 'string | null' is not assignable to type 'string | undefined'.
  Type 'null' is not assignable to type 'string | undefined'.
src/lib/monitoring/monitoring-integration.ts(93,9): error TS2322: Type 'string | null' is not assignable to type 'string | undefined'.
  Type 'null' is not assignable to type 'string | undefined'.
src/lib/monitoring/monitoring-integration.ts(105,9): error TS2353: Object literal may only specify known properties, and 'requestId' does not exist in type 'Omit<ResponseTimeEntry, "timestamp">'.
src/lib/monitoring/monitoring-integration.ts(426,11): error TS2353: Object literal may only specify known properties, and 'category' does not exist in type '{ userId?: string | undefined; sessionId?: string | undefined; properties?: Record<string, any> | undefined; containsPHI?: boolean | undefined; }'.
src/lib/monitoring/monitoring-integration.ts(435,11): error TS2353: Object literal may only specify known properties, and 'category' does not exist in type '{ userId?: string | undefined; sessionId?: string | undefined; properties?: Record<string, any> | undefined; containsPHI?: boolean | undefined; }'.
src/lib/monitoring/monitoring-integration.ts(447,11): error TS2353: Object literal may only specify known properties, and 'category' does not exist in type '{ userId?: string | undefined; sessionId?: string | undefined; properties?: Record<string, any> | undefined; containsPHI?: boolean | undefined; }'.
src/lib/monitoring/performance-monitor.ts(179,21): error TS2769: No overload matches this call.
  Overload 1 of 2, '(timeout: string | number | Timeout | undefined): void', gave the following error.
    Argument of type 'Timer' is not assignable to parameter of type 'string | number | Timeout | undefined'.
      Type 'Timer' is missing the following properties from type 'Timeout': close, _onTimeout, [Symbol.dispose]
  Overload 2 of 2, '(id: number | undefined): void', gave the following error.
    Argument of type 'Timer' is not assignable to parameter of type 'number'.
src/lib/monitoring/performance-monitor.ts(288,7): error TS2322: Type 'number | undefined' is not assignable to type 'number'.
  Type 'undefined' is not assignable to type 'number'.
src/lib/monitoring/performance-monitor.ts(289,7): error TS2322: Type 'number | undefined' is not assignable to type 'number'.
  Type 'undefined' is not assignable to type 'number'.
src/lib/monitoring/performance-monitor.ts(290,7): error TS2322: Type 'number | undefined' is not assignable to type 'number'.
  Type 'undefined' is not assignable to type 'number'.
src/lib/monitoring/performance-monitor.ts(550,3): error TS2484: Export declaration conflicts with exported declaration of 'PerformanceMetrics'.
src/lib/monitoring/performance-monitor.ts(551,3): error TS2484: Export declaration conflicts with exported declaration of 'ResponseTimeEntry'.
src/lib/monitoring/performance-monitor.ts(552,3): error TS2484: Export declaration conflicts with exported declaration of 'DatabaseQueryEntry'.
src/lib/notification-utils.ts(2,24): error TS2307: Cannot find module 'nodemailer' or its corresponding type declarations.
src/lib/notification-utils.ts(3,20): error TS2307: Cannot find module 'twilio' or its corresponding type declarations.
src/lib/notification-utils.ts(4,21): error TS2307: Cannot find module 'web-push' or its corresponding type declarations.
src/lib/notification-utils.ts(84,24): error TS18048: 'startHour' is possibly 'undefined'.
src/lib/notification-utils.ts(84,41): error TS18048: 'startMin' is possibly 'undefined'.
src/lib/notification-utils.ts(85,22): error TS18048: 'endHour' is possibly 'undefined'.
src/lib/notification-utils.ts(85,37): error TS18048: 'endMin' is possibly 'undefined'.
src/lib/notification-utils.ts(187,5): error TS2322: Type '{ userId: string; type: string; title: string; message: string; metadata: any; isPriority: boolean; }' is not assignable to type '(Without<NotificationCreateInput, NotificationUncheckedCreateInput> & NotificationUncheckedCreateInput) | (Without<...> & NotificationCreateInput)'.
  Type '{ userId: string; type: string; title: string; message: string; metadata: any; isPriority: boolean; }' is not assignable to type 'Without<NotificationCreateInput, NotificationUncheckedCreateInput> & NotificationUncheckedCreateInput'.
    Property 'id' is missing in type '{ userId: string; type: string; title: string; message: string; metadata: any; isPriority: boolean; }' but required in type 'NotificationUncheckedCreateInput'.
src/lib/notification-utils.ts(327,13): error TS2322: Type 'JsonValue' is not assignable to type 'NullableJsonNullValueInput | InputJsonValue | undefined'.
  Type 'null' is not assignable to type 'NullableJsonNullValueInput | InputJsonValue | undefined'.
src/lib/notification-utils.ts(355,13): error TS2322: Type 'JsonValue' is not assignable to type 'NullableJsonNullValueInput | InputJsonValue | undefined'.
  Type 'null' is not assignable to type 'NullableJsonNullValueInput | InputJsonValue | undefined'.
src/lib/notification-utils.ts(455,56): error TS2339: Property 'metadata' does not exist on type '{ id: string; timezone: string; createdAt: Date; updatedAt: Date; userId: string; language: string; emailEnabled: boolean; smsEnabled: boolean; pushEnabled: boolean; inAppEnabled: boolean; quietHoursStart: string | null; quietHoursEnd: string | null; categories: JsonValue; frequency: string; }'.
src/lib/notification-utils.ts(473,9): error TS2345: Argument of type 'string | undefined' is not assignable to parameter of type 'string | null'.
  Type 'undefined' is not assignable to type 'string | null'.
src/lib/notifications/notification-service.ts(4,24): error TS2307: Cannot find module 'nodemailer' or its corresponding type declarations.
src/lib/notifications/notification-service.ts(5,21): error TS2307: Cannot find module 'web-push' or its corresponding type declarations.
src/lib/notifications/notification-service.ts(126,11): error TS2561: Object literal may only specify known properties, but 'priority' does not exist in type 'Without<NotificationCreateInput, NotificationUncheckedCreateInput> & NotificationUncheckedCreateInput'. Did you mean to write 'isPriority'?
src/lib/notifications/notification-service.ts(267,32): error TS2353: Object literal may only specify known properties, and 'name' does not exist in type 'UserSelect<DefaultArgs>'.
src/lib/notifications/notification-service.ts(274,24): error TS2339: Property 'name' does not exist on type '{ role: UserRole; isEmailVerified: boolean; id: string; email: string | null; anonymousId: string; hashedPassword: string | null; permissions: string[]; isActive: boolean; isTwoFactorEnabled: boolean; ... 17 more ...; updatedAt: Date; }'.
src/lib/notifications/notification-service.ts(308,11): error TS2353: Object literal may only specify known properties, and 'error' does not exist in type '(Without<NotificationDeliveryCreateInput, NotificationDeliveryUncheckedCreateInput> & NotificationDeliveryUncheckedCreateInput) | (Without<...> & NotificationDeliveryCreateInput)'.
src/lib/notifications/notification-service.ts(308,18): error TS18046: 'error' is of type 'unknown'.
src/lib/notifications/notification-service.ts(319,42): error TS2339: Property 'pushSubscription' does not exist on type 'PrismaClient<PrismaClientOptions, never, DefaultArgs>'.
src/lib/notifications/notification-service.ts(343,15): error TS18046: 'error' is of type 'unknown'.
src/lib/notifications/notification-service.ts(344,26): error TS2339: Property 'pushSubscription' does not exist on type 'PrismaClient<PrismaClientOptions, never, DefaultArgs>'.
src/lib/notifications/notification-service.ts(364,16): error TS2353: Object literal may only specify known properties, and 'type' does not exist in type 'NotificationTemplateWhereInput'.
src/lib/notifications/notification-service.ts(367,22): error TS2339: Property 'template' does not exist on type '{ id: string; name: string; isActive: boolean; createdAt: Date; updatedAt: Date; category: string; priority: string; channels: string[]; subject: string | null; contentTemplate: string; variables: JsonValue; }'.
src/lib/notifications/notification-service.ts(423,13): error TS2353: Object literal may only specify known properties, and 'expiresAt' does not exist in type 'NotificationWhereInput'.
src/lib/notifications/notification-service.ts(424,13): error TS2353: Object literal may only specify known properties, and 'expiresAt' does not exist in type 'NotificationWhereInput'.
src/lib/performance/crisis-optimization.ts(231,23): error TS2307: Cannot find module '@/components/crisis/EmergencyContacts' or its corresponding type declarations.
src/lib/performance/crisis-optimization.ts(362,45): error TS2686: 'React' refers to a UMD global, but the current file is a module. Consider adding an import instead.
src/lib/performance/crisis-optimization.ts(363,29): error TS2686: 'React' refers to a UMD global, but the current file is a module. Consider adding an import instead.
src/lib/performance/crisis-optimization.ts(365,3): error TS2686: 'React' refers to a UMD global, but the current file is a module. Consider adding an import instead.
src/lib/performance/crisis-optimization.ts(395,57): error TS2341: Property 'crisisComponents' is private and only accessible within class 'CrisisOptimizationManager'.
src/lib/performance/dynamic-imports.tsx(204,10): error TS2322: Type 'ComponentPropsWithRef<T> & { ref: ForwardedRef<any>; }' is not assignable to type 'IntrinsicAttributes & (T extends MemoExoticComponent<infer U extends ComponentType<any>> | LazyExoticComponent<infer U extends ComponentType<...>> ? ReactManagedAttributes<...> : ReactManagedAttributes<...>)'.
  Type 'ComponentPropsWithRef<T> & { ref: ForwardedRef<any>; }' is not assignable to type 'T extends MemoExoticComponent<infer U extends ComponentType<any>> | LazyExoticComponent<infer U extends ComponentType<any>> ? ReactManagedAttributes<...> : ReactManagedAttributes<...>'.
src/lib/performance/dynamic-imports.tsx(210,10): error TS2322: Type '{ children: Element; error: Error; retry: () => void; }' is not assignable to type 'IntrinsicAttributes & { error: Error; retry: () => void; }'.
  Property 'children' does not exist on type 'IntrinsicAttributes & { error: Error; retry: () => void; }'.
src/lib/performance/dynamic-imports.tsx(262,15): error TS2322: Type 'ComponentPropsWithRef<T> & { ref: ForwardedRef<any>; }' is not assignable to type 'IntrinsicAttributes & LibraryManagedAttributes<T, any>'.
  Type 'ComponentPropsWithRef<T> & { ref: ForwardedRef<any>; }' is not assignable to type 'LibraryManagedAttributes<T, any>'.
src/lib/performance/dynamic-imports.tsx(266,13): error TS2322: Type 'ComponentPropsWithRef<T> & { ref: ForwardedRef<any>; }' is not assignable to type 'IntrinsicAttributes & LibraryManagedAttributes<T, any>'.
  Type 'ComponentPropsWithRef<T> & { ref: ForwardedRef<any>; }' is not assignable to type 'LibraryManagedAttributes<T, any>'.
src/lib/performance/dynamic-imports.tsx(585,17): error TS18048: 'entry' is possibly 'undefined'.
src/lib/performance/dynamic-imports.tsx(605,15): error TS2322: Type 'ComponentPropsWithRef<T> & { ref: ForwardedRef<any>; }' is not assignable to type 'IntrinsicAttributes & ComponentProps<T>'.
  Type 'ComponentPropsWithRef<T> & { ref: ForwardedRef<any>; }' is not assignable to type 'ComponentProps<T>'.
src/lib/performance/monitoring.ts(7,24): error TS2305: Module '"web-vitals"' has no exported member 'onFID'.
src/lib/performance/monitoring.ts(139,12): error TS7006: Parameter 'metric' implicitly has an 'any' type.
src/lib/performance/monitoring.ts(492,20): error TS7053: Element implicitly has an 'any' type because expression of type 'string' can't be used to index type '{ crisis: number; dashboard: number; wellness: number; default: number; }'.
  No index signature with a parameter of type 'string' was found on type '{ crisis: number; dashboard: number; wellness: number; default: number; }'.
src/lib/performance/monitoring.ts(754,33): error TS2686: 'React' refers to a UMD global, but the current file is a module. Consider adding an import instead.
src/lib/performance/monitoring.ts(756,3): error TS2686: 'React' refers to a UMD global, but the current file is a module. Consider adding an import instead.
src/lib/performance/tree-shaking-optimization.ts(37,3): error TS2305: Module '"lucide-react"' has no exported member 'Sort'.
src/lib/performance/tree-shaking-optimization.ts(44,3): error TS2305: Module '"lucide-react"' has no exported member 'Cancel'.
src/lib/performance/tree-shaking-optimization.ts(54,3): error TS2305: Module '"lucide-react"' has no exported member 'Warning'.
src/lib/performance/tree-shaking-optimization.ts(55,3): error TS2305: Module '"lucide-react"' has no exported member 'Error'.
src/lib/performance/tree-shaking-optimization.ts(56,3): error TS2305: Module '"lucide-react"' has no exported member 'Success'.
src/lib/rate-limit.ts(22,20): error TS2532: Object is possibly 'undefined'.
src/lib/rate-limit.ts(23,34): error TS2532: Object is possibly 'undefined'.
src/lib/rbac/rbac-middleware.ts(104,15): error TS2353: Object literal may only specify known properties, and 'required' does not exist in type 'ValidationError[]'.
src/lib/rbac/rbac-middleware.ts(120,38): error TS2339: Property 'SYSTEM_ERROR' does not exist on type 'typeof AuditEventCategory'.
src/lib/rbac/rbac-middleware.ts(132,11): error TS2353: Object literal may only specify known properties, and 'resource' does not exist in type '{ errorCode: string; errorMessage: string; stackTrace?: string | undefined; }'.
src/lib/rbac/rbac-service.ts(160,38): error TS2339: Property 'SYSTEM_ERROR' does not exist on type 'typeof AuditEventCategory'.
src/lib/rbac/rbac-service.ts(271,36): error TS2339: Property 'PERMISSION_CHANGE' does not exist on type 'typeof AuditEventCategory'.
src/lib/rbac/rbac-service.ts(311,36): error TS2339: Property 'PERMISSION_CHANGE' does not exist on type 'typeof AuditEventCategory'.
src/lib/rbac/rbac-service.ts(399,38): error TS2339: Property 'PERMISSION_CHANGE' does not exist on type 'typeof AuditEventCategory'.
src/lib/rbac/rbac-service.ts(444,11): error TS2322: Type 'string | null | undefined' is not assignable to type 'string | undefined'.
  Type 'null' is not assignable to type 'string | undefined'.
src/lib/search/search-service.ts(3,18): error TS2307: Cannot find module 'fuse.js' or its corresponding type declarations.
src/lib/search/search-service.ts(81,9): error TS2353: Object literal may only specify known properties, and 'name' does not exist in type 'UserSelect<DefaultArgs>'.
src/lib/search/search-service.ts(100,32): error TS2339: Property 'post' does not exist on type 'PrismaClient<PrismaClientOptions, never, DefaultArgs>'.
src/lib/search/search-service.ts(134,9): error TS2353: Object literal may only specify known properties, and 'isPublic' does not exist in type 'JournalEntryWhereInput'.
src/lib/search/search-service.ts(138,9): error TS2353: Object literal may only specify known properties, and 'title' does not exist in type 'JournalEntrySelect<DefaultArgs>'.
src/lib/search/search-service.ts(158,36): error TS2339: Property 'resource' does not exist on type 'PrismaClient<PrismaClientOptions, never, DefaultArgs>'.
src/lib/search/search-service.ts(185,37): error TS2339: Property 'therapistProfile' does not exist on type 'PrismaClient<PrismaClientOptions, never, DefaultArgs>'.
src/lib/search/search-service.ts(201,48): error TS7006: Parameter 't' implicitly has an 'any' type.
src/lib/search/search-service.ts(237,44): error TS2345: Argument of type 'string | undefined' is not assignable to parameter of type 'string'.
  Type 'undefined' is not assignable to type 'string'.
src/lib/search/search-service.ts(248,11): error TS2345: Argument of type 'string | undefined' is not assignable to parameter of type 'string'.
  Type 'undefined' is not assignable to type 'string'.
src/lib/search/search-service.ts(288,19): error TS7006: Parameter 'r' implicitly has an 'any' type.
src/lib/search/search-service.ts(305,19): error TS7006: Parameter 'r' implicitly has an 'any' type.
src/lib/search/search-service.ts(339,33): error TS2353: Object literal may only specify known properties, and 'name' does not exist in type 'UserSelect<DefaultArgs>'.
src/lib/search/search-service.ts(348,13): error TS2322: Type '{ role: UserRole; isEmailVerified: boolean; id: string; email: string | null; anonymousId: string; hashedPassword: string | null; permissions: string[]; isActive: boolean; isTwoFactorEnabled: boolean; ... 17 more ...; updatedAt: Date; } | undefined' is not assignable to type '{ id: string; name: string; avatar?: string | undefined; } | undefined'.
  Property 'name' is missing in type '{ role: UserRole; isEmailVerified: boolean; id: string; email: string | null; anonymousId: string; hashedPassword: string | null; permissions: string[]; isActive: boolean; isTwoFactorEnabled: boolean; ... 17 more ...; updatedAt: Date; }' but required in type '{ id: string; name: string; avatar?: string | undefined; }'.
src/lib/search/search-service.ts(506,20): error TS2339: Property 'searchAnalytics' does not exist on type 'PrismaClient<PrismaClientOptions, never, DefaultArgs>'.
src/lib/search/search-service.ts(533,41): error TS2339: Property 'searchAnalytics' does not exist on type 'PrismaClient<PrismaClientOptions, never, DefaultArgs>'.
src/lib/search/search-service.ts(545,42): error TS2339: Property 'searchAnalytics' does not exist on type 'PrismaClient<PrismaClientOptions, never, DefaultArgs>'.
src/lib/search/search-service.ts(557,31): error TS7006: Parameter 's' implicitly has an 'any' type.
src/lib/search/search-service.ts(558,32): error TS7006: Parameter 's' implicitly has an 'any' type.
src/lib/search/search-service.ts(571,21): error TS2769: No overload matches this call.
  Overload 1 of 2, '(timeout: string | number | Timeout | undefined): void', gave the following error.
    Argument of type 'Timer' is not assignable to parameter of type 'string | number | Timeout | undefined'.
      Type 'Timer' is missing the following properties from type 'Timeout': close, _onTimeout, [Symbol.dispose]
  Overload 2 of 2, '(id: number | undefined): void', gave the following error.
    Argument of type 'Timer' is not assignable to parameter of type 'number'.
src/lib/security/audit.ts(382,9): error TS2322: Type '{ details: string | undefined; beforeState: string | undefined; afterState: string | undefined; metadata: string | undefined; id?: string | undefined; timestamp: Date; eventType: AuditEventType; ... 13 more ...; errorMessage?: string | undefined; }[]' is not assignable to type 'AuditLogCreateManyInput | AuditLogCreateManyInput[]'.
  Type '{ details: string | undefined; beforeState: string | undefined; afterState: string | undefined; metadata: string | undefined; id?: string | undefined; timestamp: Date; eventType: AuditEventType; ... 13 more ...; errorMessage?: string | undefined; }[]' is not assignable to type 'AuditLogCreateManyInput[]'.
    Property 'outcome' is missing in type '{ details: string | undefined; beforeState: string | undefined; afterState: string | undefined; metadata: string | undefined; id?: string; timestamp: Date; eventType: AuditEventType; ... 13 more ...; errorMessage?: string; }' but required in type 'AuditLogCreateManyInput'.
src/lib/security/audit.ts(414,9): error TS2353: Object literal may only specify known properties, and 'metadata' does not exist in type '(Without<AuditLogCreateInput, AuditLogUncheckedCreateInput> & AuditLogUncheckedCreateInput) | (Without<...> & AuditLogCreateInput)'.
src/lib/security/audit.ts(474,14): error TS2532: Object is possibly 'undefined'.
src/lib/security/audit.ts(573,18): error TS2339: Property 'securityAlert' does not exist on type 'PrismaClient<PrismaClientOptions, never, DefaultArgs>'.
src/lib/security/encryption.ts(93,33): error TS2339: Property 'encryptionKey' does not exist on type 'PrismaClient<PrismaClientOptions, never, DefaultArgs>'.
src/lib/security/encryption.ts(103,22): error TS7006: Parameter 'key' implicitly has an 'any' type.
src/lib/security/encryption.ts(127,18): error TS2339: Property 'encryptionKey' does not exist on type 'PrismaClient<PrismaClientOptions, never, DefaultArgs>'.
src/lib/security/encryption.ts(221,18): error TS2339: Property 'encryptionKey' does not exist on type 'PrismaClient<PrismaClientOptions, never, DefaultArgs>'.
src/lib/security/encryption.ts(248,9): error TS2353: Object literal may only specify known properties, and 'category' does not exist in type '(Without<AuditLogCreateInput, AuditLogUncheckedCreateInput> & AuditLogUncheckedCreateInput) | (Without<...> & AuditLogCreateInput)'.
src/lib/security/encryption.ts(329,9): error TS2862: Type 'T' is generic and can only be indexed for reading.
src/lib/security/encryption.ts(349,13): error TS2862: Type 'T' is generic and can only be indexed for reading.
src/lib/security/encryption.ts(351,13): error TS2862: Type 'T' is generic and can only be indexed for reading.
src/lib/security/file-security.ts(47,8): error TS7053: Element implicitly has an 'any' type because expression of type 'string' can't be used to index type '{ 'application/pdf': string[]; 'application/msword': string[]; 'application/vnd.openxmlformats-officedocument.wordprocessingml.document': string[]; 'text/plain': string[]; 'text/csv': string[]; 'image/jpeg': string[]; ... 7 more ...; 'video/webm': string[]; }'.
  No index signature with a parameter of type 'string' was found on type '{ 'application/pdf': string[]; 'application/msword': string[]; 'application/vnd.openxmlformats-officedocument.wordprocessingml.document': string[]; 'text/plain': string[]; 'text/csv': string[]; 'image/jpeg': string[]; ... 7 more ...; 'video/webm': string[]; }'.
src/lib/security/file-security.ts(53,29): error TS7053: Element implicitly has an 'any' type because expression of type 'string' can't be used to index type '{ 'application/pdf': string[]; 'application/msword': string[]; 'application/vnd.openxmlformats-officedocument.wordprocessingml.document': string[]; 'text/plain': string[]; 'text/csv': string[]; 'image/jpeg': string[]; ... 7 more ...; 'video/webm': string[]; }'.
  No index signature with a parameter of type 'string' was found on type '{ 'application/pdf': string[]; 'application/msword': string[]; 'application/vnd.openxmlformats-officedocument.wordprocessingml.document': string[]; 'text/plain': string[]; 'text/csv': string[]; 'image/jpeg': string[]; ... 7 more ...; 'video/webm': string[]; }'.
src/lib/security/file-security.ts(144,24): error TS2339: Property 'getAuthTag' does not exist on type 'Cipher'.
src/lib/security/file-security.ts(172,14): error TS2339: Property 'setAuthTag' does not exist on type 'Decipher'.
src/lib/security/file-security.ts(294,17): error TS2345: Argument of type 'string | undefined' is not assignable to parameter of type 'BinaryLike'.
  Type 'undefined' is not assignable to type 'BinaryLike'.
src/lib/security/file-security.ts(302,43): error TS2769: No overload matches this call.
  Overload 1 of 4, '(arrayBuffer: WithImplicitCoercion<ArrayBufferLike>, byteOffset?: number | undefined, length?: number | undefined): Buffer<ArrayBufferLike>', gave the following error.
    Argument of type 'string | undefined' is not assignable to parameter of type 'WithImplicitCoercion<ArrayBufferLike>'.
      Type 'undefined' is not assignable to type 'WithImplicitCoercion<ArrayBufferLike>'.
  Overload 2 of 4, '(string: WithImplicitCoercion<string>, encoding?: BufferEncoding | undefined): Buffer<ArrayBuffer>', gave the following error.
    Argument of type 'string | undefined' is not assignable to parameter of type 'WithImplicitCoercion<string>'.
      Type 'undefined' is not assignable to type 'WithImplicitCoercion<string>'.
src/lib/security/mfa.ts(7,31): error TS2307: Cannot find module 'otplib' or its corresponding type declarations.
src/lib/security/mfa.ts(8,20): error TS2307: Cannot find module 'qrcode' or its corresponding type declarations.
src/lib/security/mfa.ts(13,20): error TS2307: Cannot find module 'twilio' or its corresponding type declarations.
src/lib/security/mfa.ts(96,29): error TS2353: Object literal may only specify known properties, and 'mfaRequired' does not exist in type 'UserSelect<DefaultArgs>'.
src/lib/security/mfa.ts(101,17): error TS2339: Property 'mfaRequired' does not exist on type '{ role: UserRole; isEmailVerified: boolean; id: string; email: string | null; anonymousId: string; hashedPassword: string | null; permissions: string[]; isActive: boolean; isTwoFactorEnabled: boolean; ... 17 more ...; updatedAt: Date; }'.
src/lib/security/mfa.ts(114,30): error TS2353: Object literal may only specify known properties, and 'name' does not exist in type 'UserSelect<DefaultArgs>'.
src/lib/security/mfa.ts(136,18): error TS2339: Property 'mfaSettings' does not exist on type 'PrismaClient<PrismaClientOptions, never, DefaultArgs>'.
src/lib/security/mfa.ts(174,35): error TS2339: Property 'mfaSettings' does not exist on type 'PrismaClient<PrismaClientOptions, never, DefaultArgs>'.
src/lib/security/mfa.ts(203,18): error TS2339: Property 'mfaSettings' does not exist on type 'PrismaClient<PrismaClientOptions, never, DefaultArgs>'.
src/lib/security/mfa.ts(215,15): error TS2353: Object literal may only specify known properties, and 'mfaEnabled' does not exist in type '(Without<UserUpdateInput, UserUncheckedUpdateInput> & UserUncheckedUpdateInput) | (Without<...> & UserUpdateInput)'.
src/lib/security/mfa.ts(242,35): error TS2339: Property 'mfaSettings' does not exist on type 'PrismaClient<PrismaClientOptions, never, DefaultArgs>'.
src/lib/security/mfa.ts(262,20): error TS2339: Property 'mfaSettings' does not exist on type 'PrismaClient<PrismaClientOptions, never, DefaultArgs>'.
src/lib/security/mfa.ts(304,35): error TS2339: Property 'mfaSettings' does not exist on type 'PrismaClient<PrismaClientOptions, never, DefaultArgs>'.
src/lib/security/mfa.ts(334,18): error TS2339: Property 'mfaSettings' does not exist on type 'PrismaClient<PrismaClientOptions, never, DefaultArgs>'.
src/lib/security/mfa.ts(370,35): error TS2339: Property 'mfaSettings' does not exist on type 'PrismaClient<PrismaClientOptions, never, DefaultArgs>'.
src/lib/security/mfa.ts(387,18): error TS2551: Property 'smsVerification' does not exist on type 'PrismaClient<PrismaClientOptions, never, DefaultArgs>'. Did you mean 'emailVerification'?
src/lib/security/mfa.ts(430,39): error TS2551: Property 'smsVerification' does not exist on type 'PrismaClient<PrismaClientOptions, never, DefaultArgs>'. Did you mean 'emailVerification'?
src/lib/security/mfa.ts(457,20): error TS2551: Property 'smsVerification' does not exist on type 'PrismaClient<PrismaClientOptions, never, DefaultArgs>'. Did you mean 'emailVerification'?
src/lib/security/mfa.ts(463,20): error TS2339: Property 'mfaSettings' does not exist on type 'PrismaClient<PrismaClientOptions, never, DefaultArgs>'.
src/lib/security/mfa.ts(480,18): error TS2551: Property 'smsVerification' does not exist on type 'PrismaClient<PrismaClientOptions, never, DefaultArgs>'. Did you mean 'emailVerification'?
src/lib/security/mfa.ts(504,18): error TS2339: Property 'mfaSettings' does not exist on type 'PrismaClient<PrismaClientOptions, never, DefaultArgs>'.
src/lib/security/mfa.ts(514,15): error TS2353: Object literal may only specify known properties, and 'mfaEnabled' does not exist in type '(Without<UserUpdateInput, UserUncheckedUpdateInput> & UserUncheckedUpdateInput) | (Without<...> & UserUpdateInput)'.
src/lib/security/mfa.ts(530,35): error TS2339: Property 'mfaSettings' does not exist on type 'PrismaClient<PrismaClientOptions, never, DefaultArgs>'.
src/lib/security/mfa.ts(564,18): error TS2339: Property 'mfaSettings' does not exist on type 'PrismaClient<PrismaClientOptions, never, DefaultArgs>'.
src/lib/security/mfa.ts(666,18): error TS2339: Property 'mfaBypass' does not exist on type 'PrismaClient<PrismaClientOptions, never, DefaultArgs>'.
src/lib/security/mfa.ts(696,33): error TS2339: Property 'mfaBypass' does not exist on type 'PrismaClient<PrismaClientOptions, never, DefaultArgs>'.
src/lib/security/mfa.ts(715,20): error TS2339: Property 'mfaBypass' does not exist on type 'PrismaClient<PrismaClientOptions, never, DefaultArgs>'.
src/lib/security/pentest-simulator.ts(146,7): error TS2783: 'maxConcurrency' is specified more than once, so this usage will be overwritten.
src/lib/security/pentest-simulator.ts(147,7): error TS2783: 'timeoutMs' is specified more than once, so this usage will be overwritten.
src/lib/security/pentest-simulator.ts(148,7): error TS2783: 'skipDestructiveTests' is specified more than once, so this usage will be overwritten.
src/lib/security/pentest-simulator.ts(149,7): error TS2783: 'onlyValidateControls' is specified more than once, so this usage will be overwritten.
src/lib/security/pentest-simulator.ts(150,7): error TS2783: 'testEnvironment' is specified more than once, so this usage will be overwritten.
src/lib/security/pentest-simulator.ts(151,7): error TS2783: 'phiProtectionLevel' is specified more than once, so this usage will be overwritten.
src/lib/security/pentest-simulator.ts(328,9): error TS2322: Type 'TestSeverity | undefined' is not assignable to type 'TestSeverity'.
  Type 'undefined' is not assignable to type 'TestSeverity'.
src/lib/security/pentest-simulator.ts(422,9): error TS2322: Type 'TestSeverity | undefined' is not assignable to type 'TestSeverity'.
  Type 'undefined' is not assignable to type 'TestSeverity'.
src/lib/security/pentest-simulator.ts(517,9): error TS2322: Type 'TestSeverity | undefined' is not assignable to type 'TestSeverity'.
  Type 'undefined' is not assignable to type 'TestSeverity'.
src/lib/security/pentest-simulator.ts(715,9): error TS2322: Type 'TestSeverity | undefined' is not assignable to type 'TestSeverity'.
  Type 'undefined' is not assignable to type 'TestSeverity'.
src/lib/security/rate-limiter.ts(385,37): error TS2339: Property 'rateLimitLog' does not exist on type 'PrismaClient<PrismaClientOptions, never, DefaultArgs>'.
src/lib/security/rate-limiter.ts(397,27): error TS7006: Parameter 'r' implicitly has an 'any' type.
src/lib/security/rate-limiter.ts(413,20): error TS2339: Property 'rateLimitLog' does not exist on type 'PrismaClient<PrismaClientOptions, never, DefaultArgs>'.
src/lib/security/rate-limiter.ts(463,20): error TS2339: Property 'rateLimitLog' does not exist on type 'PrismaClient<PrismaClientOptions, never, DefaultArgs>'.
src/lib/security/rate-limiter.ts(487,20): error TS2339: Property 'rateLimitLog' does not exist on type 'PrismaClient<PrismaClientOptions, never, DefaultArgs>'.
src/lib/security/rbac.ts(465,42): error TS2339: Property 'userPermission' does not exist on type 'PrismaClient<PrismaClientOptions, never, DefaultArgs>'.
src/lib/security/rbac.ts(470,55): error TS7006: Parameter 'up' implicitly has an 'any' type.
src/lib/security/rbac.ts(503,18): error TS2339: Property 'userPermission' does not exist on type 'PrismaClient<PrismaClientOptions, never, DefaultArgs>'.
src/lib/security/rbac.ts(535,18): error TS2339: Property 'userPermission' does not exist on type 'PrismaClient<PrismaClientOptions, never, DefaultArgs>'.
src/lib/security/rbac.ts(566,15): error TS2322: Type 'SystemRole' is not assignable to type 'UserRole | EnumUserRoleFieldUpdateOperationsInput | undefined'.
src/lib/security/rbac.ts(667,34): error TS2551: Property 'therapySession' does not exist on type 'PrismaClient<PrismaClientOptions, never, DefaultArgs>'. Did you mean 'therapistSession'?
src/lib/security/rbac.ts(706,16): error TS2339: Property 'counselorId' does not exist on type '{ id: string; createdAt: Date; updatedAt: Date; userId: string | null; resolved: boolean; responseTime: number; severityLevel: number; triggerType: string; interventionType: string; encryptedDetails: JsonValue; resolvedAt: Date | null; emergencyContactUsed: boolean; }'.
src/lib/security/rbac.ts(711,16): error TS2339: Property 'patientId' does not exist on type '{ id: string; createdAt: Date; updatedAt: Date; userId: string | null; resolved: boolean; responseTime: number; severityLevel: number; triggerType: string; interventionType: string; encryptedDetails: JsonValue; resolvedAt: Date | null; emergencyContactUsed: boolean; }'.
src/lib/security/rbac.ts(716,68): error TS2339: Property 'status' does not exist on type '{ id: string; createdAt: Date; updatedAt: Date; userId: string | null; resolved: boolean; responseTime: number; severityLevel: number; triggerType: string; interventionType: string; encryptedDetails: JsonValue; resolvedAt: Date | null; emergencyContactUsed: boolean; }'.
src/lib/security/rbac.ts(727,31): error TS2339: Property 'treatmentPlan' does not exist on type 'PrismaClient<PrismaClientOptions, never, DefaultArgs>'.
src/lib/security/rbac.ts(736,35): error TS2339: Property 'careTeamMember' does not exist on type 'PrismaClient<PrismaClientOptions, never, DefaultArgs>'.
src/lib/security/rbac.ts(780,41): error TS2339: Property 'patientAssignment' does not exist on type 'PrismaClient<PrismaClientOptions, never, DefaultArgs>'.
src/lib/security/rbac.ts(790,39): error TS2339: Property 'careTeamMember' does not exist on type 'PrismaClient<PrismaClientOptions, never, DefaultArgs>'.
src/lib/security/security-headers.ts(207,7): error TS7053: Element implicitly has an 'any' type because expression of type '"report-uri"' can't be used to index type '{ 'default-src': string[]; 'script-src': string[]; 'style-src': string[]; 'img-src': string[]; 'font-src': string[]; 'connect-src': string[]; 'media-src': string[]; 'object-src': string[]; 'child-src': string[]; 'frame-src': string[]; ... 6 more ...; 'block-all-mixed-content': never[]; }'.
  Property 'report-uri' does not exist on type '{ 'default-src': string[]; 'script-src': string[]; 'style-src': string[]; 'img-src': string[]; 'font-src': string[]; 'connect-src': string[]; 'media-src': string[]; 'object-src': string[]; 'child-src': string[]; 'frame-src': string[]; ... 6 more ...; 'block-all-mixed-content': never[]; }'.
src/lib/security/security-headers.ts(208,7): error TS7053: Element implicitly has an 'any' type because expression of type '"report-to"' can't be used to index type '{ 'default-src': string[]; 'script-src': string[]; 'style-src': string[]; 'img-src': string[]; 'font-src': string[]; 'connect-src': string[]; 'media-src': string[]; 'object-src': string[]; 'child-src': string[]; 'frame-src': string[]; ... 6 more ...; 'block-all-mixed-content': never[]; }'.
  Property 'report-to' does not exist on type '{ 'default-src': string[]; 'script-src': string[]; 'style-src': string[]; 'img-src': string[]; 'font-src': string[]; 'connect-src': string[]; 'media-src': string[]; 'object-src': string[]; 'child-src': string[]; 'frame-src': string[]; ... 6 more ...; 'block-all-mixed-content': never[]; }'.
src/lib/security/vulnerability-scanner.ts(898,37): error TS2683: 'this' implicitly has type 'any' because it does not have a type annotation.
src/lib/session/session-manager.ts(5,30): error TS2307: Cannot find module '@/lib/encryption/types' or its corresponding type declarations.
src/lib/session/session-manager.ts(59,15): error TS2554: Expected 2-3 arguments, but got 1.
src/lib/session/session-manager.ts(71,15): error TS2554: Expected 2-3 arguments, but got 1.
src/lib/session/session-manager.ts(119,22): error TS18048: 'oldestSession' is possibly 'undefined'.
src/lib/session/session-manager.ts(143,41): error TS2339: Property 'encryptedData' does not exist on type 'EncryptedField'.
src/lib/session/session-manager.ts(144,43): error TS2339: Property 'iv' does not exist on type 'EncryptedField'.
src/lib/session/session-manager.ts(145,48): error TS2339: Property 'authTag' does not exist on type 'EncryptedField'.
src/lib/session/session-manager.ts(146,48): error TS2339: Property 'encryptedData' does not exist on type 'EncryptedField'.
src/lib/session/session-manager.ts(147,50): error TS2339: Property 'iv' does not exist on type 'EncryptedField'.
src/lib/session/session-manager.ts(148,55): error TS2339: Property 'authTag' does not exist on type 'EncryptedField'.
src/lib/session/session-manager.ts(241,15): error TS2353: Object literal may only specify known properties, and 'encryptedData' does not exist in type 'EncryptedField'.
src/lib/session/session-manager.ts(570,17): error TS2353: Object literal may only specify known properties, and 'encryptedData' does not exist in type 'EncryptedField'.
src/lib/session/session-manager.ts(599,48): error TS2339: Property 'encryptedData' does not exist on type 'EncryptedField'.
src/lib/session/session-manager.ts(600,50): error TS2339: Property 'iv' does not exist on type 'EncryptedField'.
src/lib/session/session-manager.ts(601,55): error TS2339: Property 'authTag' does not exist on type 'EncryptedField'.
src/lib/session/session-manager.ts(602,48): error TS2339: Property 'encryptedData' does not exist on type 'EncryptedField'.
src/lib/session/session-manager.ts(603,50): error TS2339: Property 'iv' does not exist on type 'EncryptedField'.
src/lib/session/session-manager.ts(604,55): error TS2339: Property 'authTag' does not exist on type 'EncryptedField'.
src/lib/session/session-middleware.ts(79,7): error TS2322: Type '{}' is not assignable to type 'string'.
src/lib/session/session-middleware.ts(82,7): error TS2322: Type '{}' is not assignable to type 'boolean'.
src/lib/socket-server.ts(99,18): error TS2561: Object literal may only specify known properties, but 'user' does not exist in type 'AnonymousIdentityInclude<DefaultArgs>'. Did you mean to write 'User'?
src/lib/socket-server.ts(105,9): error TS2322: Type '{ userId: string; displayName: string; avatar: string; colorTheme: string; languages: string[]; badges: never[]; }' is not assignable to type '(Without<AnonymousIdentityCreateInput, AnonymousIdentityUncheckedCreateInput> & AnonymousIdentityUncheckedCreateInput) | (Without<...> & AnonymousIdentityCreateInput)'.
  Type '{ userId: string; displayName: string; avatar: string; colorTheme: string; languages: string[]; badges: never[]; }' is not assignable to type 'Without<AnonymousIdentityCreateInput, AnonymousIdentityUncheckedCreateInput> & AnonymousIdentityUncheckedCreateInput'.
    Type '{ userId: string; displayName: string; avatar: string; colorTheme: string; languages: string[]; badges: never[]; }' is missing the following properties from type 'AnonymousIdentityUncheckedCreateInput': id, updatedAt
src/lib/socket-server.ts(166,7): error TS2322: Type '{ type: string; severity: string; userId: string; context: string; indicators: string[]; handled: false; actions: string[]; }' is not assignable to type '(Without<SafetyAlertCreateInput, SafetyAlertUncheckedCreateInput> & SafetyAlertUncheckedCreateInput) | (Without<...> & SafetyAlertCreateInput)'.
  Type '{ type: string; severity: string; userId: string; context: string; indicators: string[]; handled: false; actions: string[]; }' is not assignable to type 'Without<SafetyAlertUncheckedCreateInput, SafetyAlertCreateInput> & SafetyAlertCreateInput'.
    Property 'id' is missing in type '{ type: string; severity: string; userId: string; context: string; indicators: string[]; handled: false; actions: string[]; }' but required in type 'SafetyAlertCreateInput'.
src/lib/socket-server.ts(254,13): error TS2353: Object literal may only specify known properties, and 'participants' does not exist in type 'ChatRoomInclude<DefaultArgs>'.
src/lib/socket-server.ts(270,62): error TS2551: Property 'participants' does not exist on type '{ id: string; name: string; isActive: boolean; createdAt: Date; updatedAt: Date; lastActivity: Date; description: string; topic: string; language: string; maxParticipants: number; rules: string[]; settings: JsonValue; }'. Did you mean 'maxParticipants'?
src/lib/socket-server.ts(276,18): error TS2551: Property 'participants' does not exist on type '{ id: string; name: string; isActive: boolean; createdAt: Date; updatedAt: Date; lastActivity: Date; description: string; topic: string; language: string; maxParticipants: number; rules: string[]; settings: JsonValue; }'. Did you mean 'maxParticipants'?
src/lib/socket-server.ts(278,13): error TS2322: Type '{ roomId: string; userId: any; }' is not assignable to type '(Without<ChatParticipantCreateInput, ChatParticipantUncheckedCreateInput> & ChatParticipantUncheckedCreateInput) | (Without<...> & ChatParticipantCreateInput)'.
  Type '{ roomId: string; userId: any; }' is not assignable to type 'Without<ChatParticipantCreateInput, ChatParticipantUncheckedCreateInput> & ChatParticipantUncheckedCreateInput'.
    Property 'id' is missing in type '{ roomId: string; userId: any; }' but required in type 'ChatParticipantUncheckedCreateInput'.
src/lib/socket-server.ts(294,13): error TS2353: Object literal may only specify known properties, and 'author' does not exist in type 'ChatMessageInclude<DefaultArgs>'.
src/lib/socket-server.ts(307,54): error TS2551: Property 'participants' does not exist on type '{ id: string; name: string; isActive: boolean; createdAt: Date; updatedAt: Date; lastActivity: Date; description: string; topic: string; language: string; maxParticipants: number; rules: string[]; settings: JsonValue; }'. Did you mean 'maxParticipants'?
src/lib/socket-server.ts(313,54): error TS2551: Property 'participants' does not exist on type '{ id: string; name: string; isActive: boolean; createdAt: Date; updatedAt: Date; lastActivity: Date; description: string; topic: string; language: string; maxParticipants: number; rules: string[]; settings: JsonValue; }'. Did you mean 'maxParticipants'?
src/lib/socket-server.ts(369,11): error TS2322: Type '{ roomId: string; authorId: any; content: string; type: string; metadata: { moderated: boolean; violations: string[]; crisis: boolean; }; reactions: never[]; flags: never[]; }' is not assignable to type '(Without<ChatMessageCreateInput, ChatMessageUncheckedCreateInput> & ChatMessageUncheckedCreateInput) | (Without<...> & ChatMessageCreateInput)'.
  Type '{ roomId: string; authorId: any; content: string; type: string; metadata: { moderated: boolean; violations: string[]; crisis: boolean; }; reactions: never[]; flags: never[]; }' is not assignable to type 'Without<ChatMessageCreateInput, ChatMessageUncheckedCreateInput> & ChatMessageUncheckedCreateInput'.
    Property 'id' is missing in type '{ roomId: string; authorId: any; content: string; type: string; metadata: { moderated: boolean; violations: string[]; crisis: boolean; }; reactions: never[]; flags: never[]; }' but required in type 'ChatMessageUncheckedCreateInput'.
src/lib/socket-server.ts(383,13): error TS2353: Object literal may only specify known properties, and 'author' does not exist in type 'ChatMessageInclude<DefaultArgs>'.
src/lib/socket-server.ts(518,11): error TS2322: Type '{ type: string; severity: string; userId: string; context: string; indicators: string[]; handled: false; actions: string[]; }' is not assignable to type '(Without<SafetyAlertCreateInput, SafetyAlertUncheckedCreateInput> & SafetyAlertUncheckedCreateInput) | (Without<...> & SafetyAlertCreateInput)'.
  Type '{ type: string; severity: string; userId: string; context: string; indicators: string[]; handled: false; actions: string[]; }' is not assignable to type 'Without<SafetyAlertUncheckedCreateInput, SafetyAlertCreateInput> & SafetyAlertCreateInput'.
    Property 'id' is missing in type '{ type: string; severity: string; userId: string; context: string; indicators: string[]; handled: false; actions: string[]; }' but required in type 'SafetyAlertCreateInput'.
src/lib/socket-server.ts(565,9): error TS2322: Type '{ userId: string; score: number; level: string; factors: { participation: number; }; history: { type: string; description: string; impact: number; timestamp: Date; }[]; restrictions: never[]; }' is not assignable to type '(Without<TrustMetricCreateInput, TrustMetricUncheckedCreateInput> & TrustMetricUncheckedCreateInput) | (Without<...> & TrustMetricCreateInput)'.
  Type '{ userId: string; score: number; level: string; factors: { participation: number; }; history: { type: string; description: string; impact: number; timestamp: Date; }[]; restrictions: never[]; }' is not assignable to type 'Without<TrustMetricUncheckedCreateInput, TrustMetricCreateInput> & TrustMetricCreateInput'.
    Property 'id' is missing in type '{ userId: string; score: number; level: string; factors: { participation: number; }; history: { type: string; description: string; impact: number; timestamp: Date; }[]; restrictions: never[]; }' but required in type 'TrustMetricCreateInput'.
src/lib/test-utils/db-setup.ts(85,11): error TS7053: Element implicitly has an 'any' type because expression of type 'string' can't be used to index type 'PrismaClient<PrismaClientOptions, never, DefaultArgs>'.
  No index signature with a parameter of type 'string' was found on type 'PrismaClient<PrismaClientOptions, never, DefaultArgs>'.
src/lib/test-utils/db-setup.ts(86,15): error TS7053: Element implicitly has an 'any' type because expression of type 'string' can't be used to index type 'PrismaClient<PrismaClientOptions, never, DefaultArgs>'.
  No index signature with a parameter of type 'string' was found on type 'PrismaClient<PrismaClientOptions, never, DefaultArgs>'.
src/lib/test-utils/factories.ts(36,51): error TS2554: Expected 0-1 arguments, but got 2.
src/lib/test-utils/factories.ts(100,40): error TS2353: Object literal may only specify known properties, and 'days' does not exist in type '{ years?: number | undefined; refDate?: string | number | Date | undefined; }'.
src/lib/test-utils/factories.ts(115,36): error TS2353: Object literal may only specify known properties, and 'days' does not exist in type '{ years?: number | undefined; refDate?: string | number | Date | undefined; }'.
src/lib/test-utils/factories.ts(125,34): error TS2353: Object literal may only specify known properties, and 'days' does not exist in type '{ years?: number | undefined; refDate?: string | number | Date | undefined; }'.
src/lib/test-utils/index.tsx(20,17): error TS2339: Property 'toBeValidUUID' does not exist on type 'JestMatchers<string>'.
src/lib/test-utils/index.tsx(24,17): error TS2339: Property 'toBeValidEmail' does not exist on type 'JestMatchers<string>'.
src/lib/test-utils/index.tsx(36,10): error TS2352: Conversion of type 'Mock<any, any[], T extends (this: infer C, ...args: any[]) => any ? C : never>' to type 'MockedFunction<T>' may be a mistake because neither type sufficiently overlaps with the other. If this was intentional, convert the expression to 'unknown' first.
  Type 'Mock<any, any[], T extends (this: infer C, ...args: any[]) => any ? C : never>' is not comparable to type 'MockInstance<ReturnType<T>, ArgsType<T>, T extends (this: infer C, ...args: any[]) => any ? C : never>'.
    Types of property 'mock' are incompatible.
      Type 'MockContext<any, any[], T extends (this: infer C, ...args: any[]) => any ? C : never>' is not comparable to type 'MockContext<ReturnType<T>, ArgsType<T>, T extends (this: infer C, ...args: any[]) => any ? C : never>'.
        Type 'any[]' is not comparable to type 'ArgsType<T>'.
src/lib/utils.ts(196,21): error TS2345: Argument of type 'string | undefined' is not assignable to parameter of type 'string'.
  Type 'undefined' is not assignable to type 'string'.
src/lib/utils.ts(197,21): error TS2345: Argument of type 'string | undefined' is not assignable to parameter of type 'string'.
  Type 'undefined' is not assignable to type 'string'.
src/lib/utils.ts(198,21): error TS2345: Argument of type 'string | undefined' is not assignable to parameter of type 'string'.
  Type 'undefined' is not assignable to type 'string'.
src/lib/validation/schemas.ts(20,37): error TS2576: Property 'getInstance' does not exist on type 'ValidationService'. Did you mean to access the static member 'ValidationService.getInstance' instead?
src/lib/validation/schemas.ts(39,5): error TS2740: Type 'ZodOptional<ZodString>' is missing the following properties from type 'ZodString': email, url, jwt, emoji, and 39 more.
src/lib/validation/schemas.ts(122,14): error TS2323: Cannot redeclare exported variable 'EnhancedUserSchemas'.
src/lib/validation/schemas.ts(206,14): error TS2323: Cannot redeclare exported variable 'EnhancedAuthSchemas'.
src/lib/validation/schemas.ts(253,14): error TS2323: Cannot redeclare exported variable 'EnhancedWellnessSchemas'.
src/lib/validation/schemas.ts(323,14): error TS2323: Cannot redeclare exported variable 'EnhancedCrisisSchemas'.
src/lib/validation/schemas.ts(420,14): error TS2323: Cannot redeclare exported variable 'EnhancedCommunitySchemas'.
src/lib/validation/schemas.ts(477,14): error TS2323: Cannot redeclare exported variable 'EnhancedFileSchemas'.
src/lib/validation/schemas.ts(509,14): error TS2323: Cannot redeclare exported variable 'EnhancedSearchSchemas'.
src/lib/validation/schemas.ts(554,3): error TS2323: Cannot redeclare exported variable 'EnhancedUserSchemas'.
src/lib/validation/schemas.ts(554,3): error TS2484: Export declaration conflicts with exported declaration of 'EnhancedUserSchemas'.
src/lib/validation/schemas.ts(555,3): error TS2323: Cannot redeclare exported variable 'EnhancedAuthSchemas'.
src/lib/validation/schemas.ts(555,3): error TS2484: Export declaration conflicts with exported declaration of 'EnhancedAuthSchemas'.
src/lib/validation/schemas.ts(556,3): error TS2323: Cannot redeclare exported variable 'EnhancedWellnessSchemas'.
src/lib/validation/schemas.ts(556,3): error TS2484: Export declaration conflicts with exported declaration of 'EnhancedWellnessSchemas'.
src/lib/validation/schemas.ts(557,3): error TS2323: Cannot redeclare exported variable 'EnhancedCrisisSchemas'.
src/lib/validation/schemas.ts(557,3): error TS2484: Export declaration conflicts with exported declaration of 'EnhancedCrisisSchemas'.
src/lib/validation/schemas.ts(558,3): error TS2323: Cannot redeclare exported variable 'EnhancedCommunitySchemas'.
src/lib/validation/schemas.ts(558,3): error TS2484: Export declaration conflicts with exported declaration of 'EnhancedCommunitySchemas'.
src/lib/validation/schemas.ts(559,3): error TS2323: Cannot redeclare exported variable 'EnhancedFileSchemas'.
src/lib/validation/schemas.ts(559,3): error TS2484: Export declaration conflicts with exported declaration of 'EnhancedFileSchemas'.
src/lib/validation/schemas.ts(560,3): error TS2323: Cannot redeclare exported variable 'EnhancedSearchSchemas'.
src/lib/validation/schemas.ts(560,3): error TS2484: Export declaration conflicts with exported declaration of 'EnhancedSearchSchemas'.
src/lib/validation/validation-middleware.ts(83,22): error TS2749: 'ValidationService' refers to a value, but is being used as a type here. Did you mean 'typeof ValidationService'?
src/lib/validation/validation-middleware.ts(88,40): error TS2576: Property 'getInstance' does not exist on type 'ValidationService'. Did you mean to access the static member 'ValidationService.getInstance' instead?
src/lib/validation/validation-middleware.ts(108,33): error TS2352: Conversion of type '{ threatLevel: "suspicious"; threatCount: number; blocked: true; threats: string[]; requestId: string; userId?: string; sessionId?: string; ipAddress?: string; userAgent?: string; sanitizedBody?: any; originalBody?: any; securityThreats: string[]; isBlocked: boolean; }' to type 'SecurityAuditEvent' may be a mistake because neither type sufficiently overlaps with the other. If this was intentional, convert the expression to 'unknown' first.
  Type '{ threatLevel: "suspicious"; threatCount: number; blocked: true; threats: string[]; requestId: string; userId?: string | undefined; sessionId?: string | undefined; ipAddress?: string | undefined; ... 4 more ...; isBlocked: boolean; }' is missing the following properties from type 'SecurityAuditEvent': timestamp, endpoint, method
src/lib/validation/validation-middleware.ts(168,35): error TS2352: Conversion of type '{ threatLevel: ThreatLevel; threatCount: number; blocked: true; threats: string[]; requestId: string; userId?: string; sessionId?: string; ipAddress?: string; userAgent?: string; sanitizedBody?: any; originalBody?: any; securityThreats: string[]; isBlocked: boolean; }' to type 'SecurityAuditEvent' may be a mistake because neither type sufficiently overlaps with the other. If this was intentional, convert the expression to 'unknown' first.
  Type '{ threatLevel: ThreatLevel; threatCount: number; blocked: true; threats: string[]; requestId: string; userId?: string | undefined; sessionId?: string | undefined; ipAddress?: string | undefined; ... 4 more ...; isBlocked: boolean; }' is missing the following properties from type 'SecurityAuditEvent': timestamp, endpoint, method
src/lib/validation/validation-middleware.ts(191,35): error TS2352: Conversion of type '{ threatLevel: ThreatLevel; threatCount: number; blocked: false; threats: string[]; requestId: string; userId?: string; sessionId?: string; ipAddress?: string; userAgent?: string; sanitizedBody?: any; originalBody?: any; securityThreats: string[]; isBlocked: boolean; }' to type 'SecurityAuditEvent' may be a mistake because neither type sufficiently overlaps with the other. If this was intentional, convert the expression to 'unknown' first.
  Type '{ threatLevel: ThreatLevel; threatCount: number; blocked: false; threats: string[]; requestId: string; userId?: string | undefined; sessionId?: string | undefined; ipAddress?: string | undefined; ... 4 more ...; isBlocked: boolean; }' is missing the following properties from type 'SecurityAuditEvent': timestamp, endpoint, method
src/lib/validation/validation-middleware.ts(297,5): error TS2322: Type 'boolean | undefined' is not assignable to type 'boolean'.
  Type 'undefined' is not assignable to type 'boolean'.
src/lib/validation/validation-middleware.ts(304,7): error TS2322: Type 'boolean | undefined' is not assignable to type 'boolean'.
  Type 'undefined' is not assignable to type 'boolean'.
src/lib/validation/validation-middleware.ts(379,59): error TS2339: Property 'errors' does not exist on type 'ZodError<unknown>'.
src/lib/validation/validation-middleware.ts(379,70): error TS7006: Parameter 'err' implicitly has an 'any' type.
src/lib/validation/validation-middleware.ts(426,14): error TS2532: Object is possibly 'undefined'.
src/lib/validation/validation-service.ts(388,52): error TS2769: No overload matches this call.
  The last overload gave the following error.
    Type 'string | undefined' is not assignable to type 'string'.
      Type 'undefined' is not assignable to type 'string'.
src/lib/websocket.ts(136,7): error TS2322: Type '{ userId: any; action: string; resource: string; details: { socketId: string; userRole: any; }; outcome: string; }' is not assignable to type '(Without<AuditLogCreateInput, AuditLogUncheckedCreateInput> & AuditLogUncheckedCreateInput) | (Without<...> & AuditLogCreateInput)'.
  Type '{ userId: any; action: string; resource: string; details: { socketId: string; userRole: any; }; outcome: string; }' is not assignable to type 'Without<AuditLogUncheckedCreateInput, AuditLogCreateInput> & AuditLogCreateInput'.
    Property 'id' is missing in type '{ userId: any; action: string; resource: string; details: { socketId: string; userRole: any; }; outcome: string; }' but required in type 'AuditLogCreateInput'.
src/lib/websocket.ts(190,11): error TS2322: Type '{ userId: any; action: string; resource: string; resourceId: any; outcome: string; }' is not assignable to type '(Without<AuditLogCreateInput, AuditLogUncheckedCreateInput> & AuditLogUncheckedCreateInput) | (Without<...> & AuditLogCreateInput)'.
  Type '{ userId: any; action: string; resource: string; resourceId: any; outcome: string; }' is not assignable to type 'Without<AuditLogUncheckedCreateInput, AuditLogCreateInput> & AuditLogCreateInput'.
    Property 'id' is missing in type '{ userId: any; action: string; resource: string; resourceId: any; outcome: string; }' but required in type 'AuditLogCreateInput'.
src/lib/websocket.ts(210,9): error TS2322: Type '{ userId: any; action: string; resource: string; details: { socketId: string; }; outcome: string; }' is not assignable to type '(Without<AuditLogCreateInput, AuditLogUncheckedCreateInput> & AuditLogUncheckedCreateInput) | (Without<...> & AuditLogCreateInput)'.
  Type '{ userId: any; action: string; resource: string; details: { socketId: string; }; outcome: string; }' is not assignable to type 'Without<AuditLogUncheckedCreateInput, AuditLogCreateInput> & AuditLogCreateInput'.
    Property 'id' is missing in type '{ userId: any; action: string; resource: string; details: { socketId: string; }; outcome: string; }' but required in type 'AuditLogCreateInput'.
src/lib/websocket/client.ts(163,32): error TS2551: Property 'AUTH_FAILURE' does not exist on type 'typeof SystemEvent'. Did you mean 'AUTH_FAILED'?
src/lib/websocket/client.ts(175,32): error TS2339: Property 'COUNSELOR_ASSIGNED' does not exist on type 'typeof CrisisEvent'.
src/lib/websocket/client.ts(176,32): error TS2551: Property 'ESCALATED' does not exist on type 'typeof CrisisEvent'. Did you mean 'ESCALATE'?
src/lib/websocket/client.ts(177,32): error TS2339: Property 'RESOLVED' does not exist on type 'typeof CrisisEvent'.
src/lib/websocket/client.ts(181,38): error TS2339: Property 'CLEAR' does not exist on type 'typeof NotificationEvent'.
src/lib/websocket/crisis-manager.ts(14,3): error TS2305: Module '"./events"' has no exported member 'CrisisTrigger'.
src/lib/websocket/crisis-manager.ts(107,25): error TS2339: Property 'location' does not exist on type 'CrisisAlertPayload'.
src/lib/websocket/crisis-manager.ts(108,7): error TS2353: Object literal may only specify known properties, and 'contactMethod' does not exist in type 'CrisisAlert'.
src/lib/websocket/crisis-manager.ts(108,30): error TS2339: Property 'contactMethod' does not exist on type 'CrisisAlertPayload'.
src/lib/websocket/crisis-manager.ts(156,37): error TS2339: Property 'NONE' does not exist on type 'typeof CrisisSeverity'.
src/lib/websocket/crisis-manager.ts(165,7): error TS2353: Object literal may only specify known properties, and 'contactMethod' does not exist in type 'CrisisAlertPayload'.
src/lib/websocket/crisis-manager.ts(171,7): error TS2322: Type '"crisis_support"' is not assignable to type 'NotificationType'.
src/lib/websocket/crisis-manager.ts(174,7): error TS2322: Type '"high"' is not assignable to type 'NotificationPriority'.
src/lib/websocket/crisis-manager.ts(193,43): error TS2339: Property 'ACTIVE' does not exist on type 'typeof CrisisStatus'.
src/lib/websocket/crisis-manager.ts(203,7): error TS2353: Object literal may only specify known properties, and 'contactMethod' does not exist in type 'CrisisAlertPayload'.
src/lib/websocket/crisis-manager.ts(242,11): error TS2551: Property 'assignedCounselor' does not exist on type 'CrisisAlert'. Did you mean 'assignedCounselors'?
src/lib/websocket/crisis-manager.ts(257,7): error TS2322: Type '"crisis_assignment"' is not assignable to type 'NotificationType'.
src/lib/websocket/crisis-manager.ts(260,7): error TS2322: Type '"urgent"' is not assignable to type 'NotificationPriority'.
src/lib/websocket/crisis-manager.ts(270,7): error TS2322: Type '"counselor_assigned"' is not assignable to type 'NotificationType'.
src/lib/websocket/crisis-manager.ts(273,7): error TS2322: Type '"high"' is not assignable to type 'NotificationPriority'.
src/lib/websocket/crisis-manager.ts(278,42): error TS2339: Property 'COUNSELOR_ASSIGNED' does not exist on type 'typeof CrisisEvent'.
src/lib/websocket/crisis-manager.ts(335,9): error TS2322: Type '"crisis_escalation"' is not assignable to type 'NotificationType'.
src/lib/websocket/crisis-manager.ts(338,9): error TS2322: Type '"urgent"' is not assignable to type 'NotificationPriority'.
src/lib/websocket/crisis-manager.ts(347,42): error TS2551: Property 'ESCALATED' does not exist on type 'typeof CrisisEvent'. Did you mean 'ESCALATE'?
src/lib/websocket/crisis-manager.ts(370,13): error TS2353: Object literal may only specify known properties, and 'EmergencyContacts' does not exist in type 'UserProfileInclude<DefaultArgs>'.
src/lib/websocket/crisis-manager.ts(376,15): error TS2339: Property 'UserProfile' does not exist on type '{ role: UserRole; isEmailVerified: boolean; id: string; email: string | null; anonymousId: string; hashedPassword: string | null; permissions: string[]; isActive: boolean; isTwoFactorEnabled: boolean; ... 17 more ...; updatedAt: Date; }'.
src/lib/websocket/crisis-manager.ts(378,34): error TS2339: Property 'UserProfile' does not exist on type '{ role: UserRole; isEmailVerified: boolean; id: string; email: string | null; anonymousId: string; hashedPassword: string | null; permissions: string[]; isActive: boolean; isTwoFactorEnabled: boolean; ... 17 more ...; updatedAt: Date; }'.
src/lib/websocket/crisis-manager.ts(398,9): error TS2322: Type '"safety_plan_activated"' is not assignable to type 'NotificationType'.
src/lib/websocket/crisis-manager.ts(401,9): error TS2322: Type '"urgent"' is not assignable to type 'NotificationPriority'.
src/lib/websocket/crisis-manager.ts(420,11): error TS2339: Property 'resolvedAt' does not exist on type 'CrisisAlert'.
src/lib/websocket/crisis-manager.ts(421,11): error TS2339: Property 'notes' does not exist on type 'CrisisAlert'.
src/lib/websocket/crisis-manager.ts(442,7): error TS2322: Type '"crisis_resolved"' is not assignable to type 'NotificationType'.
src/lib/websocket/crisis-manager.ts(445,7): error TS2322: Type '"normal"' is not assignable to type 'NotificationPriority'.
src/lib/websocket/crisis-manager.ts(450,42): error TS2339: Property 'RESOLVED' does not exist on type 'typeof CrisisEvent'.
src/lib/websocket/crisis-manager.ts(477,28): error TS2488: Type 'string[] | undefined' must have a '[Symbol.iterator]()' method that returns an iterator.
src/lib/websocket/crisis-manager.ts(482,61): error TS2551: Property 'assignedCounselor' does not exist on type 'CrisisAlert'. Did you mean 'assignedCounselors'?
src/lib/websocket/crisis-manager.ts(494,44): error TS7006: Parameter 'k' implicitly has an 'any' type.
src/lib/websocket/crisis-manager.ts(497,25): error TS7006: Parameter 'k' implicitly has an 'any' type.
src/lib/websocket/crisis-manager.ts(503,25): error TS7006: Parameter 'k' implicitly has an 'any' type.
src/lib/websocket/crisis-manager.ts(509,25): error TS7006: Parameter 'k' implicitly has an 'any' type.
src/lib/websocket/crisis-manager.ts(528,7): error TS2322: Type '"crisis_response"' is not assignable to type 'NotificationType'.
src/lib/websocket/crisis-manager.ts(531,7): error TS2322: Type '"urgent"' is not assignable to type 'NotificationPriority'.
src/lib/websocket/crisis-manager.ts(558,59): error TS2551: Property 'assignedCounselor' does not exist on type 'CrisisAlert'. Did you mean 'assignedCounselors'?
src/lib/websocket/crisis-manager.ts(589,42): error TS2339: Property 'UPDATED' does not exist on type 'typeof CrisisEvent'.
src/lib/websocket/crisis-manager.ts(605,11): error TS2353: Object literal may only specify known properties, and 'message' does not exist in type '(Without<SafetyAlertCreateInput, SafetyAlertUncheckedCreateInput> & SafetyAlertUncheckedCreateInput) | (Without<...> & SafetyAlertCreateInput)'.
src/lib/websocket/crisis-manager.ts(610,34): error TS2339: Property 'contactMethod' does not exist on type 'CrisisAlert'.
src/lib/websocket/crisis-manager.ts(626,11): error TS2353: Object literal may only specify known properties, and 'message' does not exist in type '(Without<SafetyAlertUpdateInput, SafetyAlertUncheckedUpdateInput> & SafetyAlertUncheckedUpdateInput) | (Without<...> & SafetyAlertUpdateInput)'.
src/lib/websocket/crisis-manager.ts(628,28): error TS2551: Property 'assignedCounselor' does not exist on type 'CrisisAlert'. Did you mean 'assignedCounselors'?
src/lib/websocket/crisis-manager.ts(629,28): error TS2339: Property 'resolvedAt' does not exist on type 'CrisisAlert'.
src/lib/websocket/crisis-manager.ts(633,34): error TS2339: Property 'contactMethod' does not exist on type 'CrisisAlert'.
src/lib/websocket/crisis-manager.ts(635,26): error TS2339: Property 'notes' does not exist on type 'CrisisAlert'.
src/lib/websocket/crisis-manager.ts(636,34): error TS2339: Property 'interventions' does not exist on type 'CrisisAlert'.
src/lib/websocket/crisis-manager.ts(652,9): error TS2322: Type '{ userId: string; action: string; resource: string; resourceId: string; details: { severity: CrisisSeverity; status: CrisisStatus; assignedCounselor: any; }; outcome: string; }' is not assignable to type '(Without<AuditLogCreateInput, AuditLogUncheckedCreateInput> & AuditLogUncheckedCreateInput) | (Without<...> & AuditLogCreateInput)'.
  Type '{ userId: string; action: string; resource: string; resourceId: string; details: { severity: CrisisSeverity; status: CrisisStatus; assignedCounselor: any; }; outcome: string; }' is not assignable to type 'Without<AuditLogCreateInput, AuditLogUncheckedCreateInput> & AuditLogUncheckedCreateInput'.
    Property 'id' is missing in type '{ userId: string; action: string; resource: string; resourceId: string; details: { severity: CrisisSeverity; status: CrisisStatus; assignedCounselor: any; }; outcome: string; }' but required in type 'AuditLogUncheckedCreateInput'.
src/lib/websocket/crisis-manager.ts(660,38): error TS2551: Property 'assignedCounselor' does not exist on type 'CrisisAlert'. Did you mean 'assignedCounselors'?
src/lib/websocket/events.ts(424,8): error TS2448: Block-scoped variable 'PERMISSION_MATRIX' used before its declaration.
src/lib/websocket/events.ts(424,8): error TS2454: Variable 'PERMISSION_MATRIX' is used before being assigned.
src/lib/websocket/events.ts(429,8): error TS2448: Block-scoped variable 'PERMISSION_MATRIX' used before its declaration.
src/lib/websocket/events.ts(429,8): error TS2454: Variable 'PERMISSION_MATRIX' is used before being assigned.
src/lib/websocket/events.ts(434,8): error TS2448: Block-scoped variable 'PERMISSION_MATRIX' used before its declaration.
src/lib/websocket/events.ts(434,8): error TS2454: Variable 'PERMISSION_MATRIX' is used before being assigned.
src/lib/websocket/events.ts(441,8): error TS2448: Block-scoped variable 'PERMISSION_MATRIX' used before its declaration.
src/lib/websocket/events.ts(441,8): error TS2454: Variable 'PERMISSION_MATRIX' is used before being assigned.
src/lib/websocket/middleware.ts(6,8): error TS1192: Module '"h:/Astral Core/NEW CORE/AstralCoreV5/node_modules/bad-words/dist/esm/index"' has no default export.
src/lib/websocket/server.ts(48,37): error TS2307: Cannot find module './notification-manager' or its corresponding type declarations.
src/lib/websocket/server.ts(100,46): error TS2769: No overload matches this call.
  Overload 1 of 3, '(srv?: number | TServerInstance | undefined, opts?: Partial<ServerOptions> | undefined): Server<DefaultEventsMap, DefaultEventsMap, DefaultEventsMap, any>', gave the following error.
    Argument of type '{ cors: { origin: string | string[]; credentials: boolean; }; pingTimeout: number; pingInterval: number; maxHttpBufferSize: number; transports: string[]; allowEIO3: boolean; }' is not assignable to parameter of type 'Partial<ServerOptions>'.
      Types of property 'transports' are incompatible.
        Type 'string[]' is not assignable to type 'Transport[]'.
          Type 'string' is not assignable to type 'Transport'.
  Overload 2 of 3, '(srv: number | TServerInstance | Partial<ServerOptions> | undefined, opts?: Partial<ServerOptions> | undefined): Server<...>', gave the following error.
    Argument of type '{ cors: { origin: string | string[]; credentials: boolean; }; pingTimeout: number; pingInterval: number; maxHttpBufferSize: number; transports: string[]; allowEIO3: boolean; }' is not assignable to parameter of type 'Partial<ServerOptions>'.
      Types of property 'transports' are incompatible.
        Type 'string[]' is not assignable to type 'Transport[]'.
          Type 'string' is not assignable to type 'Transport'.
src/lib/websocket/server.ts(293,78): error TS2345: Argument of type 'UserRole' is not assignable to parameter of type '"ADMIN" | "SUPER_ADMIN"'.
  Type '"USER"' is not assignable to type '"ADMIN" | "SUPER_ADMIN"'.
src/lib/websocket/server.ts(294,39): error TS2339: Property 'USER_KICK' does not exist on type 'typeof ModerationEvent'.
src/lib/websocket/server.ts(294,62): error TS7006: Parameter 'callback' implicitly has an 'any' type.
src/lib/websocket/server.ts(297,39): error TS2339: Property 'USER_BAN' does not exist on type 'typeof ModerationEvent'.
src/lib/websocket/server.ts(297,61): error TS7006: Parameter 'callback' implicitly has an 'any' type.
src/lib/websocket/server.ts(1130,9): error TS2322: Type 'MessageReaction[]' is not assignable to type 'InputJsonValue[] | ChatMessageCreatereactionsInput | undefined'.
  Type 'MessageReaction[]' is not assignable to type 'InputJsonValue[]'.
    Type 'MessageReaction' is not assignable to type 'InputJsonValue'.
      Type 'MessageReaction' is not assignable to type 'InputJsonObject'.
        Index signature for type 'string' is missing in type 'MessageReaction'.
src/lib/websocket/server.ts(1165,9): error TS2322: Type 'MessageReaction[]' is not assignable to type 'InputJsonValue[] | ChatMessageUpdatereactionsInput | undefined'.
  Type 'MessageReaction[]' is not assignable to type 'InputJsonValue[]'.
    Type 'MessageReaction' is not assignable to type 'InputJsonValue'.
      Type 'MessageReaction' is not assignable to type 'InputJsonObject'.
        Index signature for type 'string' is missing in type 'MessageReaction'.
src/lib/websocket/server.ts(1219,9): error TS2322: Type 'RoomSettings | {}' is not assignable to type 'JsonNull | InputJsonValue'.
  Type 'RoomSettings' is not assignable to type 'JsonNull | InputJsonValue'.
    Type 'RoomSettings' is not assignable to type 'InputJsonObject'.
      Index signature for type 'string' is missing in type 'RoomSettings'.
src/services/crisis-intervention.ts(444,7): error TS2322: Type '{ type: string; severity: "medium" | "high" | "low" | "critical"; userId: string; context: string; indicators: string[]; handled: false; actions: string[]; }' is not assignable to type '(Without<SafetyAlertCreateInput, SafetyAlertUncheckedCreateInput> & SafetyAlertUncheckedCreateInput) | (Without<...> & SafetyAlertCreateInput)'.
  Type '{ type: string; severity: "medium" | "high" | "low" | "critical"; userId: string; context: string; indicators: string[]; handled: false; actions: string[]; }' is not assignable to type 'Without<SafetyAlertUncheckedCreateInput, SafetyAlertCreateInput> & SafetyAlertCreateInput'.
    Property 'id' is missing in type '{ type: string; severity: "medium" | "high" | "low" | "critical"; userId: string; context: string; indicators: string[]; handled: false; actions: string[]; }' but required in type 'SafetyAlertCreateInput'.
src/services/crisis-intervention.ts(495,9): error TS2353: Object literal may only specify known properties, and 'isHelper' does not exist in type 'UserWhereInput'.
src/services/crisis-intervention.ts(516,7): error TS2322: Type '{ userId: any; type: string; title: string; message: string; isPriority: boolean; metadata: { affectedUserId: string; priority: "immediate" | "urgent" | "standard"; }; }[]' is not assignable to type 'NotificationCreateManyInput | NotificationCreateManyInput[]'.
  Type '{ userId: any; type: string; title: string; message: string; isPriority: boolean; metadata: { affectedUserId: string; priority: "immediate" | "urgent" | "standard"; }; }[]' is not assignable to type 'NotificationCreateManyInput[]'.
    Property 'id' is missing in type '{ userId: any; type: string; title: string; message: string; isPriority: boolean; metadata: { affectedUserId: string; priority: "immediate" | "urgent" | "standard"; }; }' but required in type 'NotificationCreateManyInput'.
src/types/user.ts(370,18): error TS2430: Interface 'TherapistProfile' incorrectly extends interface 'UserProfile'.
  The types of 'professionalInfo.certifications' are incompatible between these types.
    Type '{ name: string; issuingOrganization: string; issueDate: Timestamp; expiryDate?: Timestamp | undefined; }[]' is not assignable to type 'string[]'.
      Type '{ name: string; issuingOrganization: string; issueDate: Timestamp; expiryDate?: Timestamp | undefined; }' is not assignable to type 'string'.
